Archive member included to satisfy reference by file (symbol)

/usr/lib/gcc/arm-none-eabi/13.2.1/../../../arm-none-eabi/lib/thumb/v7e-m+fp/hard/libc_nano.a(libc_a-init.o)
                              /usr/lib/gcc/arm-none-eabi/13.2.1/../../../arm-none-eabi/lib/thumb/v7e-m+fp/hard/crt0.o (__libc_init_array)
/usr/lib/gcc/arm-none-eabi/13.2.1/../../../arm-none-eabi/lib/thumb/v7e-m+fp/hard/libc_nano.a(libc_a-puts.o)
                              build/main.o (puts)
/usr/lib/gcc/arm-none-eabi/13.2.1/../../../arm-none-eabi/lib/thumb/v7e-m+fp/hard/libc_nano.a(libc_a-findfp.o)
                              /usr/lib/gcc/arm-none-eabi/13.2.1/../../../arm-none-eabi/lib/thumb/v7e-m+fp/hard/libc_nano.a(libc_a-puts.o) (__sinit)
/usr/lib/gcc/arm-none-eabi/13.2.1/../../../arm-none-eabi/lib/thumb/v7e-m+fp/hard/libc_nano.a(libc_a-memset.o)
                              /usr/lib/gcc/arm-none-eabi/13.2.1/../../../arm-none-eabi/lib/thumb/v7e-m+fp/hard/crt0.o (memset)
/usr/lib/gcc/arm-none-eabi/13.2.1/../../../arm-none-eabi/lib/thumb/v7e-m+fp/hard/libc_nano.a(libc_a-fflush.o)
                              /usr/lib/gcc/arm-none-eabi/13.2.1/../../../arm-none-eabi/lib/thumb/v7e-m+fp/hard/libc_nano.a(libc_a-findfp.o) (_fflush_r)
/usr/lib/gcc/arm-none-eabi/13.2.1/../../../arm-none-eabi/lib/thumb/v7e-m+fp/hard/libc_nano.a(libc_a-errno.o)
                              build/syscalls.o (__errno)
/usr/lib/gcc/arm-none-eabi/13.2.1/../../../arm-none-eabi/lib/thumb/v7e-m+fp/hard/libc_nano.a(libc_a-nano-vfprintf_float.o)
                              (_printf_float)
/usr/lib/gcc/arm-none-eabi/13.2.1/../../../arm-none-eabi/lib/thumb/v7e-m+fp/hard/libc_nano.a(libc_a-mallocr.o)
                              /usr/lib/gcc/arm-none-eabi/13.2.1/../../../arm-none-eabi/lib/thumb/v7e-m+fp/hard/libc_nano.a(libc_a-findfp.o) (_malloc_r)
/usr/lib/gcc/arm-none-eabi/13.2.1/../../../arm-none-eabi/lib/thumb/v7e-m+fp/hard/libc_nano.a(libc_a-dtoa.o)
                              /usr/lib/gcc/arm-none-eabi/13.2.1/../../../arm-none-eabi/lib/thumb/v7e-m+fp/hard/libc_nano.a(libc_a-nano-vfprintf_float.o) (_dtoa_r)
/usr/lib/gcc/arm-none-eabi/13.2.1/../../../arm-none-eabi/lib/thumb/v7e-m+fp/hard/libc_nano.a(libc_a-freer.o)
                              /usr/lib/gcc/arm-none-eabi/13.2.1/../../../arm-none-eabi/lib/thumb/v7e-m+fp/hard/libc_nano.a(libc_a-fflush.o) (_free_r)
/usr/lib/gcc/arm-none-eabi/13.2.1/../../../arm-none-eabi/lib/thumb/v7e-m+fp/hard/libc_nano.a(libc_a-fwalk.o)
                              /usr/lib/gcc/arm-none-eabi/13.2.1/../../../arm-none-eabi/lib/thumb/v7e-m+fp/hard/libc_nano.a(libc_a-findfp.o) (_fwalk_sglue)
/usr/lib/gcc/arm-none-eabi/13.2.1/../../../arm-none-eabi/lib/thumb/v7e-m+fp/hard/libc_nano.a(libc_a-wsetup.o)
                              /usr/lib/gcc/arm-none-eabi/13.2.1/../../../arm-none-eabi/lib/thumb/v7e-m+fp/hard/libc_nano.a(libc_a-puts.o) (__swsetup_r)
/usr/lib/gcc/arm-none-eabi/13.2.1/../../../arm-none-eabi/lib/thumb/v7e-m+fp/hard/libc_nano.a(libc_a-memcpy.o)
                              /usr/lib/gcc/arm-none-eabi/13.2.1/../../../arm-none-eabi/lib/thumb/v7e-m+fp/hard/libc_nano.a(libc_a-dtoa.o) (memcpy)
/usr/lib/gcc/arm-none-eabi/13.2.1/../../../arm-none-eabi/lib/thumb/v7e-m+fp/hard/libc_nano.a(libc_a-malloc.o)
                              build/Stack.o (malloc)
/usr/lib/gcc/arm-none-eabi/13.2.1/../../../arm-none-eabi/lib/thumb/v7e-m+fp/hard/libc_nano.a(libc_a-nano-vfprintf_i.o)
                              /usr/lib/gcc/arm-none-eabi/13.2.1/../../../arm-none-eabi/lib/thumb/v7e-m+fp/hard/libc_nano.a(libc_a-nano-vfprintf_float.o) (_printf_common)
/usr/lib/gcc/arm-none-eabi/13.2.1/../../../arm-none-eabi/lib/thumb/v7e-m+fp/hard/libc_nano.a(libc_a-mlock.o)
                              /usr/lib/gcc/arm-none-eabi/13.2.1/../../../arm-none-eabi/lib/thumb/v7e-m+fp/hard/libc_nano.a(libc_a-mallocr.o) (__malloc_lock)
/usr/lib/gcc/arm-none-eabi/13.2.1/../../../arm-none-eabi/lib/thumb/v7e-m+fp/hard/libc_nano.a(libc_a-makebuf.o)
                              /usr/lib/gcc/arm-none-eabi/13.2.1/../../../arm-none-eabi/lib/thumb/v7e-m+fp/hard/libc_nano.a(libc_a-wsetup.o) (__smakebuf_r)
/usr/lib/gcc/arm-none-eabi/13.2.1/../../../arm-none-eabi/lib/thumb/v7e-m+fp/hard/libc_nano.a(libc_a-exit.o)
                              /usr/lib/gcc/arm-none-eabi/13.2.1/../../../arm-none-eabi/lib/thumb/v7e-m+fp/hard/crt0.o (exit)
/usr/lib/gcc/arm-none-eabi/13.2.1/../../../arm-none-eabi/lib/thumb/v7e-m+fp/hard/libc_nano.a(libc_a-atexit.o)
                              /usr/lib/gcc/arm-none-eabi/13.2.1/../../../arm-none-eabi/lib/thumb/v7e-m+fp/hard/crt0.o (atexit)
/usr/lib/gcc/arm-none-eabi/13.2.1/../../../arm-none-eabi/lib/thumb/v7e-m+fp/hard/libc_nano.a(libc_a-memcmp.o)
                              build/inv_mpu.o (memcmp)
/usr/lib/gcc/arm-none-eabi/13.2.1/../../../arm-none-eabi/lib/thumb/v7e-m+fp/hard/libc_nano.a(libc_a-printf.o)
                              build/stm32f4xx_it.o (printf)
[...]
Memory Configuration

Name             Origin             Length             Attributes
RAM              0x20000000         0x00020000         xrw
CCMRAM           0x10000000         0x00010000         xrw
FLASH            0x08000000         0x00080000         xr
*default*        0x00000000         0xffffffff

Linker script and memory map

LOAD /usr/lib/gcc/arm-none-eabi/13.2.1/thumb/v7e-m+fp/hard/crti.o
LOAD /usr/lib/gcc/arm-none-eabi/13.2.1/thumb/v7e-m+fp/hard/crtbegin.o
LOAD /usr/lib/gcc/arm-none-eabi/13.2.1/../../../arm-none-eabi/lib/thumb/v7e-m+fp/hard/crt0.o
LOAD build/main.o
LOAD build/stm32f4xx_it.o
LOAD build/syscalls.o
LOAD build/sysmem.o
LOAD build/misc.o
LOAD build/stm32f4xx_gpio.o
LOAD build/stm32f4xx_rcc.o
LOAD build/stm32f4xx_usart.o
LOAD build/stm32f4xx_adc.o
LOAD build/stm32f4xx_dac.o
LOAD build/stm32f4xx_flash.o
LOAD build/stm32f4xx_tim.o
LOAD build/stm32f4xx_spi.o
LOAD build/stm32f4xx_i2c.o
LOAD build/stm32f4xx_dma.o
LOAD build/stm32f4xx_exti.o
LOAD build/stm32f4xx_syscfg.o
LOAD build/stm32f4xx_sdio.o
LOAD build/system_stm32f4xx.o
LOAD build/adc1.o
LOAD build/Buzzer.o
LOAD build/DAC.o
LOAD build/delay.o
LOAD build/key.o
LOAD build/lcd.o
LOAD build/led.o
LOAD build/motor.o
LOAD build/mpu6050.o
LOAD build/myiic.o
LOAD build/oled.o
LOAD build/pwm.o
LOAD build/sdio_sd.o
LOAD build/Stack.o
LOAD build/sys.o
LOAD build/Sys.o
LOAD build/task.o
LOAD build/TCRT5000.o
LOAD build/usart.o
LOAD build/inv_mpu.o
LOAD build/inv_mpu_dmp_motion_driver.o
LOAD build/startup_stm32f40xx.o
LOAD /usr/lib/gcc/arm-none-eabi/13.2.1/../../../arm-none-eabi/lib/thumb/v7e-m+fp/hard/libc_nano.a
LOAD /usr/lib/gcc/arm-none-eabi/13.2.1/../../../arm-none-eabi/lib/thumb/v7e-m+fp/hard/libm.a
LOAD /usr/lib/gcc/arm-none-eabi/13.2.1/../../../arm-none-eabi/lib/thumb/v7e-m+fp/hard/libnosys.a
START GROUP
LOAD /usr/lib/gcc/arm-none-eabi/13.2.1/thumb/v7e-m+fp/hard/libgcc.a
LOAD /usr/lib/gcc/arm-none-eabi/13.2.1/../../../arm-none-eabi/lib/thumb/v7e-m+fp/hard/libc_nano.a
END GROUP
START GROUP
LOAD /usr/lib/gcc/arm-none-eabi/13.2.1/thumb/v7e-m+fp/hard/libgcc.a
LOAD /usr/lib/gcc/arm-none-eabi/13.2.1/../../../arm-none-eabi/lib/thumb/v7e-m+fp/hard/libc_nano.a
END GROUP
LOAD /usr/lib/gcc/arm-none-eabi/13.2.1/thumb/v7e-m+fp/hard/crtend.o
LOAD /usr/lib/gcc/arm-none-eabi/13.2.1/thumb/v7e-m+fp/hard/crtn.o
                0x20020000                        _estack = (ORIGIN (RAM) + LENGTH (RAM))
                0x00000200                        _Min_Heap_Size = 0x200
                0x00000400                        _Min_Stack_Size = 0x400

.isr_vector     0x08000000      0x188
                0x08000000                        . = ALIGN (0x4)
 *(.isr_vector)
 .isr_vector    0x08000000      0x188 build/startup_stm32f40xx.o
                0x08000000                g_pfnVectors
                0x08000188                        . = ALIGN (0x4)

.text           0x080001c0     0x65b0
                0x080001c0                        . = ALIGN (0x4)
 *(.text)
 .text          0x080001c0       0x88 /usr/lib/gcc/arm-none-eabi/13.2.1/thumb/v7e-m+fp/hard/crtbegin.o
 .text          0x08000248       0xa0 /usr/lib/gcc/arm-none-eabi/13.2.1/../../../arm-none-eabi/lib/thumb/v7e-m+fp/hard/libc_nano.a(libc_a-puts.o)
                0x08000248                _puts_r
                0x080002d8                puts
 .text          0x080002e8      0x224 /usr/lib/gcc/arm-none-eabi/13.2.1/../../../arm-none-eabi/lib/thumb/v7e-m+fp/hard/libc_nano.a(libc_a-findfp.o)
                0x08000418                __sfp
                0x080004bc                __sinit
                0x080004dc                __sfp_lock_acquire
                0x080004e0                __sfp_lock_release
                0x080004e4                __fp_lock_all
                0x080004f8                __fp_unlock_all
 .text          0x0800050c       0xa4 /usr/lib/gcc/arm-none-eabi/13.2.1/../../../arm-none-eabi/lib/thumb/v7e-m+fp/hard/libc_nano.a(libc_a-memset.o)
                0x0800050c                memset
 .text          0x080005b0      0x1a8 /usr/lib/gcc/arm-none-eabi/13.2.1/../../../arm-none-eabi/lib/thumb/v7e-m+fp/hard/libc_nano.a(libc_a-fflush.o)
                0x080005b0                __sflush_r
                0x080006d4                _fflush_r
                0x0800070c                fflush
 .text          0x08000758        0xc /usr/lib/gcc/arm-none-eabi/13.2.1/../../../arm-none-eabi/lib/thumb/v7e-m+fp/hard/libc_nano.a(libc_a-errno.o)
                0x08000758                __errno
 .text          0x08000764      0x6b0 /usr/lib/gcc/arm-none-eabi/13.2.1/../../../arm-none-eabi/lib/thumb/v7e-m+fp/hard/libc_nano.a(libc_a-nano-vfprintf_float.o)
                0x08000764                __cvt
                0x08000874                __exponent
                0x080008f8                _printf_float
 .text          0x08000e14      0x148 /usr/lib/gcc/arm-none-eabi/13.2.1/../../../arm-none-eabi/lib/thumb/v7e-m+fp/hard/libc_nano.a(libc_a-mallocr.o)
                0x08000e5c                _malloc_r
 *fill*         0x08000f5c        0x4 
 .text          0x08000f60      0xfdc /usr/lib/gcc/arm-none-eabi/13.2.1/../../../arm-none-eabi/lib/thumb/v7e-m+fp/hard/libc_nano.a(libc_a-dtoa.o)
                0x0800108c                _dtoa_r
 .text          0x08001f3c       0xbc /usr/lib/gcc/arm-none-eabi/13.2.1/../../../arm-none-eabi/lib/thumb/v7e-m+fp/hard/libc_nano.a(libc_a-freer.o)
                0x08001f3c                _free_r
 .text          0x08001ff8       0x44 /usr/lib/gcc/arm-none-eabi/13.2.1/../../../arm-none-eabi/lib/thumb/v7e-m+fp/hard/libc_nano.a(libc_a-fwalk.o)
                0x08001ff8                _fwalk_sglue
 .text          0x0800203c       0xc4 /usr/lib/gcc/arm-none-eabi/13.2.1/../../../arm-none-eabi/lib/thumb/v7e-m+fp/hard/libc_nano.a(libc_a-wsetup.o)
                0x0800203c                __swsetup_r
 .text          0x08002100      0x134 /usr/lib/gcc/arm-none-eabi/13.2.1/../../../arm-none-eabi/lib/thumb/v7e-m+fp/hard/libc_nano.a(libc_a-memcpy.o)
                0x08002100                memcpy
 .text          0x08002234       0x20 /usr/lib/gcc/arm-none-eabi/13.2.1/../../../arm-none-eabi/lib/thumb/v7e-m+fp/hard/libc_nano.a(libc_a-malloc.o)
                0x08002234                malloc
                0x08002244                free
 .text          0x08002254      0x3a8 /usr/lib/gcc/arm-none-eabi/13.2.1/../../../arm-none-eabi/lib/thumb/v7e-m+fp/hard/libc_nano.a(libc_a-nano-vfprintf_i.o)
                0x08002254                _printf_common
                0x08002378                _printf_i
 .text          0x080025fc        0x8 /usr/lib/gcc/arm-none-eabi/13.2.1/../../../arm-none-eabi/lib/thumb/v7e-m+fp/hard/libc_nano.a(libc_a-mlock.o)
                0x080025fc                __malloc_lock
                0x08002600                __malloc_unlock
 .text          0x08002604      0x114 /usr/lib/gcc/arm-none-eabi/13.2.1/../../../arm-none-eabi/lib/thumb/v7e-m+fp/hard/libc_nano.a(libc_a-makebuf.o)
                0x08002604                __smakebuf_r
                0x080026c8                __swhatbuf_r
 .text          0x08002718       0x48 /usr/lib/gcc/arm-none-eabi/13.2.1/../../../arm-none-eabi/lib/thumb/v7e-m+fp/hard/libc_nano.a(libc_a-printf.o)
                0x08002718                _printf_r
                0x08002718                _iprintf_r
                0x08002738                printf
                0x08002738                iprintf
 .text          0x08002760       0x24 /usr/lib/gcc/arm-none-eabi/13.2.1/../../../arm-none-eabi/lib/thumb/v7e-m+fp/hard/libc_nano.a(libc_a-isattyr.o)
                0x08002760                _isatty_r
 .text          0x08002784      0x314 /usr/lib/gcc/arm-none-eabi/13.2.1/../../../arm-none-eabi/lib/thumb/v7e-m+fp/hard/libc_nano.a(libc_a-nano-vfprintf.o)
                0x080027c0                __sfputs_r
                0x080027f0                __sprint_r
                0x08002810                _vfiprintf_r
                0x08002810                _vfprintf_r
                0x08002a7c                vfiprintf
                0x08002a7c                vfprintf
 .text          0x08002a98       0xa0 /usr/lib/gcc/arm-none-eabi/13.2.1/../../../arm-none-eabi/lib/thumb/v7e-m+fp/hard/libc_nano.a(libc_a-wbuf.o)
                0x08002a98                __swbuf_r
                0x08002b20                __swbuf
 .text          0x08002b38       0x4c /usr/lib/gcc/arm-none-eabi/13.2.1/../../../arm-none-eabi/lib/thumb/v7e-m+fp/hard/libc_nano.a(libc_a-assert.o)
                0x08002b38                __assert_func
                0x08002b78                __assert
 .text          0x08002b84      0xb10 /usr/lib/gcc/arm-none-eabi/13.2.1/../../../arm-none-eabi/lib/thumb/v7e-m+fp/hard/libc_nano.a(libc_a-mprec.o)
                0x08002b84                _Balloc
                0x08002c04                _Bfree
                0x08002c4c                __multadd
                0x08002ce8                __s2b
                0x08002d9c                __hi0bits
                0x08002de0                __lo0bits
                0x08002e40                __i2b
                0x08002e6c                __multiply
                0x08002fd8                __pow5mult
                0x080030b8                __lshift
                0x080031a0                __mcmp
                0x080031e4                __mdiff
                0x0800335c                __ulp
                0x080033c0                __b2d
                0x0800347c                __d2b
                0x0800353c                __ratio
                0x0800359c                _mprec_log10
                0x080035dc                __copybits
                0x08003638                __any_on
 .text          0x08003694       0x24 /usr/lib/gcc/arm-none-eabi/13.2.1/../../../arm-none-eabi/lib/thumb/v7e-m+fp/hard/libc_nano.a(libc_a-sbrkr.o)
                0x08003694                _sbrk_r
 .text          0x080036b8       0x94 /usr/lib/gcc/arm-none-eabi/13.2.1/../../../arm-none-eabi/lib/thumb/v7e-m+fp/hard/libc_nano.a(libc_a-stdio.o)
                0x080036b8                __sread
                0x080036dc                __seofread
                0x080036e0                __swrite
                0x08003720                __sseek
                0x08003744                __sclose
 .text          0x0800374c       0x14 /usr/lib/gcc/arm-none-eabi/13.2.1/../../../arm-none-eabi/lib/thumb/v7e-m+fp/hard/libc_nano.a(libc_a-localeconv.o)
                0x0800374c                __localeconv_l
                0x08003750                _localeconv_r
                0x08003758                localeconv
 .text          0x08003760      0x300 /usr/lib/gcc/arm-none-eabi/13.2.1/../../../arm-none-eabi/lib/thumb/v7e-m+fp/hard/libc_nano.a(libc_a-fvwrite.o)
                0x08003760                __sfvwrite_r
 .text          0x08003a60       0x10 /usr/lib/gcc/arm-none-eabi/13.2.1/../../../arm-none-eabi/lib/thumb/v7e-m+fp/hard/libc_nano.a(libc_a-abort.o)
                0x08003a60                abort
 .text          0x08003a70       0x24 /usr/lib/gcc/arm-none-eabi/13.2.1/../../../arm-none-eabi/lib/thumb/v7e-m+fp/hard/libc_nano.a(libc_a-closer.o)
                0x08003a70                _close_r
 *fill*         0x08003a94       0x2c 
 .text          0x08003ac0       0xd8 /usr/lib/gcc/arm-none-eabi/13.2.1/../../../arm-none-eabi/lib/thumb/v7e-m+fp/hard/libc_nano.a(libc_a-strlen.o)
                0x08003ac0                strlen
 .text          0x08003b98       0x28 /usr/lib/gcc/arm-none-eabi/13.2.1/../../../arm-none-eabi/lib/thumb/v7e-m+fp/hard/libc_nano.a(libc_a-callocr.o)
                0x08003b98                _calloc_r
 .text          0x08003bc0      0x100 /usr/lib/gcc/arm-none-eabi/13.2.1/../../../arm-none-eabi/lib/thumb/v7e-m+fp/hard/libc_nano.a(libc_a-memmove.o)
                0x08003bc0                memmove
 .text          0x08003cc0       0x30 /usr/lib/gcc/arm-none-eabi/13.2.1/../../../arm-none-eabi/lib/thumb/v7e-m+fp/hard/libc_nano.a(libc_a-wctomb_r.o)
                0x08003cc0                _wctomb_r
                0x08003cd4                __ascii_wctomb
 .text          0x08003cf0       0xa0 /usr/lib/gcc/arm-none-eabi/13.2.1/../../../arm-none-eabi/lib/thumb/v7e-m+fp/hard/libc_nano.a(libc_a-memchr.o)
                0x08003cf0                memchr
 .text          0x08003d90       0x2c /usr/lib/gcc/arm-none-eabi/13.2.1/../../../arm-none-eabi/lib/thumb/v7e-m+fp/hard/libc_nano.a(libc_a-readr.o)
                0x08003d90                _read_r
 .text          0x08003dbc       0x44 /usr/lib/gcc/arm-none-eabi/13.2.1/../../../arm-none-eabi/lib/thumb/v7e-m+fp/hard/libc_nano.a(libc_a-fprintf.o)
                0x08003dbc                _fprintf_r
                0x08003dbc                _fiprintf_r
                0x08003dd8                fprintf
                0x08003dd8                fiprintf
 .text          0x08003e00       0x64 /usr/lib/gcc/arm-none-eabi/13.2.1/../../../arm-none-eabi/lib/thumb/v7e-m+fp/hard/libc_nano.a(libc_a-reallocr.o)
                0x08003e00                _realloc_r
 .text          0x08003e64       0x2c /usr/lib/gcc/arm-none-eabi/13.2.1/../../../arm-none-eabi/lib/thumb/v7e-m+fp/hard/libc_nano.a(libc_a-fstatr.o)
                0x08003e64                _fstat_r
 .text          0x08003e90       0x2c /usr/lib/gcc/arm-none-eabi/13.2.1/../../../arm-none-eabi/lib/thumb/v7e-m+fp/hard/libc_nano.a(libc_a-lseekr.o)
                0x08003e90                _lseek_r
 .text          0x08003ebc       0x2c /usr/lib/gcc/arm-none-eabi/13.2.1/../../../arm-none-eabi/lib/thumb/v7e-m+fp/hard/libc_nano.a(libc_a-writer.o)
                0x08003ebc                _write_r
 .text          0x08003ee8       0x10 /usr/lib/gcc/arm-none-eabi/13.2.1/../../../arm-none-eabi/lib/thumb/v7e-m+fp/hard/libc_nano.a(libc_a-msizer.o)
                0x08003ee8                _malloc_usable_size_r
 .text          0x08003ef8       0x40 /usr/lib/gcc/arm-none-eabi/13.2.1/../../../arm-none-eabi/lib/thumb/v7e-m+fp/hard/libc_nano.a(libc_a-mbtowc_r.o)
                0x08003ef8                _mbtowc_r
                0x08003f0c                __ascii_mbtowc
 .text          0x08003f38      0x260 /usr/lib/gcc/arm-none-eabi/13.2.1/../../../arm-none-eabi/lib/thumb/v7e-m+fp/hard/libc_nano.a(libc_a-signal.o)
                0x08003f38                _init_signal_r
                0x08003f64                _signal_r
                0x08003fb0                _raise_r
                0x08004000                __sigtramp_r
                0x08004060                raise
                0x080040b4                signal
                0x08004100                _init_signal
                0x08004134                __sigtramp
 .text          0x08004198       0x30 /usr/lib/gcc/arm-none-eabi/13.2.1/../../../arm-none-eabi/lib/thumb/v7e-m+fp/hard/libc_nano.a(libc_a-signalr.o)
                0x08004198                _kill_r
                0x080041c4                _getpid_r
 .text          0x080041c8        0x4 /usr/lib/gcc/arm-none-eabi/13.2.1/../../../arm-none-eabi/lib/thumb/v7e-m+fp/hard/libm.a(libm_a-w_atan2.o)
                0x080041c8                atan2
 *fill*         0x080041cc        0x4 
 .text          0x080041d0      0x1a8 /usr/lib/gcc/arm-none-eabi/13.2.1/../../../arm-none-eabi/lib/thumb/v7e-m+fp/hard/libm.a(libm_a-e_atan2.o)
                0x080041d0                __ieee754_atan2
 .text          0x08004378      0x34c /usr/lib/gcc/arm-none-eabi/13.2.1/../../../arm-none-eabi/lib/thumb/v7e-m+fp/hard/libm.a(libm_a-s_atan.o)
                0x08004378                atan
 .text          0x080046c4       0x10 /usr/lib/gcc/arm-none-eabi/13.2.1/../../../arm-none-eabi/lib/thumb/v7e-m+fp/hard/libm.a(libm_a-s_fabs.o)
                0x080046c4                fabs
 .text          0x080046d4      0x378 /usr/lib/gcc/arm-none-eabi/13.2.1/thumb/v7e-m+fp/hard/libgcc.a(_arm_addsubdf3.o)
                0x080046d4                __aeabi_drsub
                0x080046dc                __aeabi_dsub
                0x080046dc                __subdf3
                0x080046e0                __adddf3
                0x080046e0                __aeabi_dadd
                0x08004958                __aeabi_ui2d
                0x08004958                __floatunsidf
                0x08004978                __floatsidf
                0x08004978                __aeabi_i2d
                0x0800499c                __extendsfdf2
                0x0800499c                __aeabi_f2d
                0x080049e0                __aeabi_ul2d
                0x080049e0                __floatundidf
                0x080049f0                __floatdidf
                0x080049f0                __aeabi_l2d
 .text          0x08004a4c      0x424 /usr/lib/gcc/arm-none-eabi/13.2.1/thumb/v7e-m+fp/hard/libgcc.a(_arm_muldivdf3.o)
                0x08004a4c                __aeabi_dmul
                0x08004a4c                __muldf3
                0x08004ca0                __aeabi_ddiv
                0x08004ca0                __divdf3
 .text          0x08004e70      0x110 /usr/lib/gcc/arm-none-eabi/13.2.1/thumb/v7e-m+fp/hard/libgcc.a(_arm_cmpdf2.o)
                0x08004e70                __gtdf2
                0x08004e70                __gedf2
                0x08004e78                __ltdf2
                0x08004e78                __ledf2
                0x08004e80                __cmpdf2
                0x08004e80                __eqdf2
                0x08004e80                __nedf2
                0x08004efc                __aeabi_cdrcmple
                0x08004f0c                __aeabi_cdcmple
                0x08004f0c                __aeabi_cdcmpeq
                0x08004f1c                __aeabi_dcmpeq
                0x08004f30                __aeabi_dcmplt
                0x08004f44                __aeabi_dcmple
                0x08004f58                __aeabi_dcmpge
                0x08004f6c                __aeabi_dcmpgt
 .text          0x08004f80       0x2c /usr/lib/gcc/arm-none-eabi/13.2.1/thumb/v7e-m+fp/hard/libgcc.a(_arm_unorddf2.o)
                0x08004f80                __aeabi_dcmpun
                0x08004f80                __unorddf2
 .text          0x08004fac       0x50 /usr/lib/gcc/arm-none-eabi/13.2.1/thumb/v7e-m+fp/hard/libgcc.a(_arm_fixdfsi.o)
                0x08004fac                __fixdfsi
                0x08004fac                __aeabi_d2iz
 .text          0x08004ffc       0xa0 /usr/lib/gcc/arm-none-eabi/13.2.1/thumb/v7e-m+fp/hard/libgcc.a(_arm_truncdfsf2.o)
                0x08004ffc                __aeabi_d2f
                0x08004ffc                __truncdfsf2
 *(.text*)
 .text.USART1_Pro
                0x0800509c        0x8 build/main.o
 .text.System_Init
                0x080050a4       0x20 build/main.o
                0x080050a4                System_Init
 .text.main     0x080050c4       0x30 build/main.o
                0x080050c4                main
 .text.NMI_Handler
                0x080050f4        0x2 build/stm32f4xx_it.o
                0x080050f4                NMI_Handler
 *fill*         0x080050f6        0x2 
 .text.HardFault_Handler
                0x080050f8      0x234 build/stm32f4xx_it.o
                0x080050f8                HardFault_Handler
 .text.MemManage_Handler
                0x0800532c        0x2 build/stm32f4xx_it.o
                0x0800532c                MemManage_Handler
 .text.BusFault_Handler
                0x0800532e        0x2 build/stm32f4xx_it.o
                0x0800532e                BusFault_Handler
 .text.UsageFault_Handler
                0x08005330        0x2 build/stm32f4xx_it.o
                0x08005330                UsageFault_Handler
 .text.SVC_Handler
                0x08005332        0x2 build/stm32f4xx_it.o
                0x08005332                SVC_Handler
 .text.DebugMon_Handler
                0x08005334        0x2 build/stm32f4xx_it.o
                0x08005334                DebugMon_Handler
 .text.PendSV_Handler
                0x08005336        0x2 build/stm32f4xx_it.o
                0x08005336                PendSV_Handler
 .text.SysTick_Handler
                0x08005338        0x8 build/stm32f4xx_it.o
                0x08005338                SysTick_Handler
 .text.EXTI2_IRQHandler
                0x08005340        0x2 build/stm32f4xx_it.o
                0x08005340                EXTI2_IRQHandler
 *fill*         0x08005342        0x2 
 .text.TIM3_IRQHandler
                0x08005344       0x2c build/stm32f4xx_it.o
                0x08005344                TIM3_IRQHandler
 .text.TIM4_IRQHandler
                0x08005370        0x2 build/stm32f4xx_it.o
                0x08005370                TIM4_IRQHandler
 *fill*         0x08005372        0x2 
 .text.DMA2_Stream0_IRQHandler
                0x08005374       0x5c build/stm32f4xx_it.o
                0x08005374                DMA2_Stream0_IRQHandler
 .text.ADC_IRQHandler
                0x080053d0       0x5c build/stm32f4xx_it.o
                0x080053d0                ADC_IRQHandler
 .text.SDIO_IRQHandler
                0x0800542c        0x8 build/stm32f4xx_it.o
                0x0800542c                SDIO_IRQHandler
 .text.DMA2_Stream3_IRQHandler
                0x08005434        0x8 build/stm32f4xx_it.o
                0x08005434                DMA2_Stream3_IRQHandler
 .text._getpid  0x0800543c        0x4 build/syscalls.o
                0x0800543c                _getpid
 .text._kill    0x08005440       0x10 build/syscalls.o
                0x08005440                _kill
 .text._exit    0x08005450        0xc build/syscalls.o
                0x08005450                _exit
 .text._read    0x0800545c       0x20 build/syscalls.o
                0x0800545c                _read
 .text._write   0x0800547c       0x1c build/syscalls.o
                0x0800547c                _write
 .text._close   0x08005498        0x6 build/syscalls.o
                0x08005498                _close
 .text._fstat   0x0800549e        0xa build/syscalls.o
                0x0800549e                _fstat
 .text._isatty  0x080054a8        0x4 build/syscalls.o
                0x080054a8                _isatty
 .text._lseek   0x080054ac        0x4 build/syscalls.o
                0x080054ac                _lseek
 .text._sbrk    0x080054b0       0x48 build/sysmem.o
                0x080054b0                _sbrk
 .text.GPIO_Init
                0x080054f8       0xa4 build/stm32f4xx_gpio.o
                0x080054f8                GPIO_Init
 .text.GPIO_ToggleBits
                0x0800559c        0x8 build/stm32f4xx_gpio.o
                0x0800559c                GPIO_ToggleBits
 .text.GPIO_PinAFConfig
                0x080055a4       0x32 build/stm32f4xx_gpio.o
                0x080055a4                GPIO_PinAFConfig
 *fill*         0x080055d6        0x2 
 .text.RCC_GetClocksFreq
                0x080055d8       0xb8 build/stm32f4xx_rcc.o
                0x080055d8                RCC_GetClocksFreq
 .text.RCC_AHB1PeriphClockCmd
                0x08005690       0x1c build/stm32f4xx_rcc.o
                0x08005690                RCC_AHB1PeriphClockCmd
 .text.RCC_APB1PeriphClockCmd
                0x080056ac       0x1c build/stm32f4xx_rcc.o
                0x080056ac                RCC_APB1PeriphClockCmd
 .text.RCC_APB2PeriphClockCmd
                0x080056c8       0x1c build/stm32f4xx_rcc.o
                0x080056c8                RCC_APB2PeriphClockCmd
 .text.USART_Init
                0x080056e4       0xcc build/stm32f4xx_usart.o
                0x080056e4                USART_Init
 .text.USART_Cmd
                0x080057b0       0x1c build/stm32f4xx_usart.o
                0x080057b0                USART_Cmd
 .text.USART_SendData
                0x080057cc        0x8 build/stm32f4xx_usart.o
                0x080057cc                USART_SendData
 .text.USART_GetFlagStatus
                0x080057d4        0xe build/stm32f4xx_usart.o
                0x080057d4                USART_GetFlagStatus
 .text.ADC_AnalogWatchdogCmd
                0x080057e2       0x10 build/stm32f4xx_adc.o
                0x080057e2                ADC_AnalogWatchdogCmd
 .text.ADC_GetITStatus
                0x080057f2       0x24 build/stm32f4xx_adc.o
                0x080057f2                ADC_GetITStatus
 .text.ADC_ClearITPendingBit
                0x08005816        0x8 build/stm32f4xx_adc.o
                0x08005816                ADC_ClearITPendingBit
 *fill*         0x0800581e        0x2 
 .text.TIM_TimeBaseInit
                0x08005820       0x7c build/stm32f4xx_tim.o
                0x08005820                TIM_TimeBaseInit
 .text.TIM_GetCounter
                0x0800589c        0x4 build/stm32f4xx_tim.o
                0x0800589c                TIM_GetCounter
 .text.TIM_Cmd  0x080058a0       0x1c build/stm32f4xx_tim.o
                0x080058a0                TIM_Cmd
 .text.TIM_GetITStatus
                0x080058bc       0x18 build/stm32f4xx_tim.o
                0x080058bc                TIM_GetITStatus
 .text.TIM_ClearITPendingBit
                0x080058d4        0x8 build/stm32f4xx_tim.o
                0x080058d4                TIM_ClearITPendingBit
 .text.DMA_ClearFlag
                0x080058dc       0x34 build/stm32f4xx_dma.o
                0x080058dc                DMA_ClearFlag
 .text.DMA_GetITStatus
                0x08005910       0x60 build/stm32f4xx_dma.o
                0x08005910                DMA_GetITStatus
 .text.DMA_ClearITPendingBit
                0x08005970       0x34 build/stm32f4xx_dma.o
                0x08005970                DMA_ClearITPendingBit
 .text.SDIO_ITConfig
                0x080059a4       0x1c build/stm32f4xx_sdio.o
                0x080059a4                SDIO_ITConfig
 .text.SDIO_GetITStatus
                0x080059c0       0x14 build/stm32f4xx_sdio.o
                0x080059c0                SDIO_GetITStatus
 .text.SDIO_ClearITPendingBit
                0x080059d4        0xc build/stm32f4xx_sdio.o
                0x080059d4                SDIO_ClearITPendingBit
 .text.SetSysClock
                0x080059e0       0xc4 build/system_stm32f4xx.o
 .text.SystemInit
                0x08005aa4       0x50 build/system_stm32f4xx.o
                0x08005aa4                SystemInit
 .text.delay_init
                0x08005af4       0x3c build/delay.o
                0x08005af4                delay_init
 .text.delay_us
                0x08005b30       0x44 build/delay.o
                0x08005b30                delay_us
 .text.delay_ms
                0x08005b74       0x16 build/delay.o
                0x08005b74                delay_ms
 .text.MPU_Read_Len
                0x08005b8a       0x6c build/mpu6050.o
                0x08005b8a                MPU_Read_Len
 *fill*         0x08005bf6        0x2 
 .text.MPU_Get_Temperature
                0x08005bf8       0x68 build/mpu6050.o
                0x08005bf8                MPU_Get_Temperature
 .text.MPU_Get_Gyroscope
                0x08005c60       0x54 build/mpu6050.o
                0x08005c60                MPU_Get_Gyroscope
 .text.MPU_Get_Accelerometer
                0x08005cb4       0x54 build/mpu6050.o
                0x08005cb4                MPU_Get_Accelerometer
 .text.MPU_Updata
                0x08005d08       0xf8 build/mpu6050.o
                0x08005d08                MPU_Updata
 .text.MPU_Proc
                0x08005e00      0x1ac build/mpu6050.o
                0x08005e00                MPU_Proc
 .text.Get_RawData
                0x08005fac       0xbc build/mpu6050.o
                0x08005fac                Get_RawData
 .text.MPU_Write_Byte
                0x08006068       0x46 build/mpu6050.o
                0x08006068                MPU_Write_Byte
 .text.MPU_Set_Gyro_Fsr
                0x080060ae       0x10 build/mpu6050.o
                0x080060ae                MPU_Set_Gyro_Fsr
 .text.MPU_Set_Accel_Fsr
                0x080060be       0x10 build/mpu6050.o
                0x080060be                MPU_Set_Accel_Fsr
 .text.MPU_Set_LPF
                0x080060ce       0x34 build/mpu6050.o
                0x080060ce                MPU_Set_LPF
 .text.MPU_Set_Rate
                0x08006102       0x32 build/mpu6050.o
                0x08006102                MPU_Set_Rate
 .text.MPU_Read_Byte
                0x08006134       0x54 build/mpu6050.o
                0x08006134                MPU_Read_Byte
 .text.MPU_Init
                0x08006188       0x94 build/mpu6050.o
                0x08006188                MPU_Init
 .text.IIC_Init
                0x0800621c       0x44 build/myiic.o
                0x0800621c                IIC_Init
 .text.IIC_Start
                0x08006260       0x40 build/myiic.o
                0x08006260                IIC_Start
 .text.IIC_Stop
                0x080062a0       0x40 build/myiic.o
                0x080062a0                IIC_Stop
 .text.IIC_Wait_Ack
                0x080062e0       0x54 build/myiic.o
                0x080062e0                IIC_Wait_Ack
 .text.IIC_Ack  0x08006334       0x40 build/myiic.o
                0x08006334                IIC_Ack
 .text.IIC_NAck
                0x08006374       0x40 build/myiic.o
                0x08006374                IIC_NAck
 .text.IIC_Send_Byte
                0x080063b4       0x5c build/myiic.o
                0x080063b4                IIC_Send_Byte
 .text.IIC_Read_Byte
                0x08006410       0x64 build/myiic.o
                0x08006410                IIC_Read_Byte
 .text.SD_ProcessIRQSrc
                0x08006474       0xac build/sdio_sd.o
                0x08006474                SD_ProcessIRQSrc
 .text.SD_ProcessDMAIRQ
                0x08006520       0x2c build/sdio_sd.o
                0x08006520                SD_ProcessDMAIRQ
 .text.Task_Init
                0x0800654c       0x60 build/task.o
                0x0800654c                Task_Init
 .text.add_task
                0x080065ac       0x40 build/task.o
                0x080065ac                add_task
 .text.Task_Handler
                0x080065ec       0x60 build/task.o
                0x080065ec                Task_Handler
 .text.USART_GPIO_Config
                0x0800664c       0x5c build/usart.o
                0x0800664c                USART_GPIO_Config
 .text.Usart_Config
                0x080066a8       0x48 build/usart.o
                0x080066a8                Usart_Config
 .text.__io_putchar
                0x080066f0       0x20 build/usart.o
                0x080066f0                __io_putchar
 .text.Reset_Handler
                0x08006710       0x44 build/startup_stm32f40xx.o
                0x08006710                Reset_Handler
 .text.Default_Handler
                0x08006754        0x2 build/startup_stm32f40xx.o
                0x08006754                RTC_Alarm_IRQHandler
                0x08006754                HASH_RNG_IRQHandler
                0x08006754                TIM8_CC_IRQHandler
                0x08006754                TIM1_CC_IRQHandler
                0x08006754                DMA2_Stream5_IRQHandler
                0x08006754                DMA1_Stream5_IRQHandler
                0x08006754                PVD_IRQHandler
                0x08006754                TAMP_STAMP_IRQHandler
                0x08006754                CAN2_RX1_IRQHandler
                0x08006754                EXTI3_IRQHandler
                0x08006754                TIM8_TRG_COM_TIM14_IRQHandler
                0x08006754                TIM1_UP_TIM10_IRQHandler
                0x08006754                TIM8_UP_TIM13_IRQHandler
                0x08006754                I2C3_ER_IRQHandler
                0x08006754                EXTI0_IRQHandler
                0x08006754                I2C2_EV_IRQHandler
                0x08006754                DMA1_Stream2_IRQHandler
                0x08006754                CAN1_RX0_IRQHandler
                0x08006754                FPU_IRQHandler
                0x08006754                OTG_HS_WKUP_IRQHandler
                0x08006754                CAN2_SCE_IRQHandler
                0x08006754                DMA2_Stream2_IRQHandler
                0x08006754                SPI1_IRQHandler
                0x08006754                TIM6_DAC_IRQHandler
                0x08006754                TIM1_BRK_TIM9_IRQHandler
                0x08006754                DCMI_IRQHandler
                0x08006754                CAN2_RX0_IRQHandler
                0x08006754                USART6_IRQHandler
                0x08006754                USART3_IRQHandler
                0x08006754                CRYP_IRQHandler
                0x08006754                CAN1_RX1_IRQHandler
                0x08006754                UART5_IRQHandler
                0x08006754                I2C1_EV_IRQHandler
                0x08006754                DMA1_Stream6_IRQHandler
                0x08006754                DMA1_Stream1_IRQHandler
                0x08006754                UART4_IRQHandler
                0x08006754                RCC_IRQHandler
                0x08006754                TIM8_BRK_TIM12_IRQHandler
                0x08006754                Default_Handler
                0x08006754                EXTI15_10_IRQHandler
                0x08006754                DMA1_Stream7_IRQHandler
                0x08006754                TIM7_IRQHandler
                0x08006754                CAN2_TX_IRQHandler
                0x08006754                TIM5_IRQHandler
                0x08006754                DMA2_Stream7_IRQHandler
                0x08006754                I2C3_EV_IRQHandler
                0x08006754                EXTI9_5_IRQHandler
                0x08006754                RTC_WKUP_IRQHandler
                0x08006754                ETH_WKUP_IRQHandler
                0x08006754                SPI2_IRQHandler
                0x08006754                OTG_HS_EP1_IN_IRQHandler
                0x08006754                DMA1_Stream0_IRQHandler
                0x08006754                CAN1_TX_IRQHandler
                0x08006754                EXTI4_IRQHandler
                0x08006754                FSMC_IRQHandler
                0x08006754                ETH_IRQHandler
                0x08006754                OTG_HS_EP1_OUT_IRQHandler
                0x08006754                WWDG_IRQHandler
                0x08006754                TIM2_IRQHandler
                0x08006754                OTG_FS_WKUP_IRQHandler
                0x08006754                TIM1_TRG_COM_TIM11_IRQHandler
                0x08006754                OTG_HS_IRQHandler
                0x08006754                EXTI1_IRQHandler
                0x08006754                USART2_IRQHandler
                0x08006754                I2C2_ER_IRQHandler
                0x08006754                DMA2_Stream1_IRQHandler
                0x08006754                CAN1_SCE_IRQHandler
                0x08006754                FLASH_IRQHandler
                0x08006754                DMA2_Stream4_IRQHandler
                0x08006754                USART1_IRQHandler
                0x08006754                OTG_FS_IRQHandler
                0x08006754                SPI3_IRQHandler
                0x08006754                DMA1_Stream4_IRQHandler
                0x08006754                I2C1_ER_IRQHandler
                0x08006754                DMA2_Stream6_IRQHandler
                0x08006754                DMA1_Stream3_IRQHandler
 *(.glue_7)
 .glue_7        0x08006756        0x0 linker stubs
 *(.glue_7t)
 .glue_7t       0x08006756        0x0 linker stubs
 *(.eh_frame)
 *fill*         0x08006756        0x2 
 .eh_frame      0x08006758        0x0 /usr/lib/gcc/arm-none-eabi/13.2.1/thumb/v7e-m+fp/hard/crtbegin.o
 *(.init)
 .init          0x08006758        0x4 /usr/lib/gcc/arm-none-eabi/13.2.1/thumb/v7e-m+fp/hard/crti.o
                0x08006758                _init
 .init          0x0800675c        0x8 /usr/lib/gcc/arm-none-eabi/13.2.1/thumb/v7e-m+fp/hard/crtn.o
 *(.fini)
 .fini          0x08006764        0x4 /usr/lib/gcc/arm-none-eabi/13.2.1/thumb/v7e-m+fp/hard/crti.o
                0x08006764                _fini
 .fini          0x08006768        0x8 /usr/lib/gcc/arm-none-eabi/13.2.1/thumb/v7e-m+fp/hard/crtn.o
                0x08006770                        . = ALIGN (0x4)
                0x08006770                        _etext = .

.vfp11_veneer   0x08006770        0x0
 .vfp11_veneer  0x08006770        0x0 linker stubs

.v4_bx          0x08006770        0x0
 .v4_bx         0x08006770        0x0 linker stubs

.iplt           0x08006770        0x0
 .iplt          0x08006770        0x0 /usr/lib/gcc/arm-none-eabi/13.2.1/thumb/v7e-m+fp/hard/crtbegin.o

.rodata         0x08006770      0x788
                0x08006770                        . = ALIGN (0x4)
 *(.rodata)
 .rodata        0x08006770      0x128 /usr/lib/gcc/arm-none-eabi/13.2.1/../../../arm-none-eabi/lib/thumb/v7e-m+fp/hard/libc_nano.a(libc_a-mprec.o)
                0x08006780                __mprec_tens
                0x08006848                __mprec_tinytens
                0x08006870                __mprec_bigtens
 .rodata        0x08006898      0x101 /usr/lib/gcc/arm-none-eabi/13.2.1/../../../arm-none-eabi/lib/thumb/v7e-m+fp/hard/libc_nano.a(libc_a-ctype_.o)
                0x08006898                _ctype_
 *fill*         0x08006999        0x7 
 .rodata        0x080069a0       0x30 /usr/lib/gcc/arm-none-eabi/13.2.1/../../../arm-none-eabi/lib/thumb/v7e-m+fp/hard/libm.a(libm_a-e_atan2.o)
 .rodata        0x080069d0       0x40 /usr/lib/gcc/arm-none-eabi/13.2.1/../../../arm-none-eabi/lib/thumb/v7e-m+fp/hard/libm.a(libm_a-s_atan.o)
 *(.rodata*)
 .rodata.System_Init.str1.4
                0x08006a10      0x4d6 build/main.o
                                 0x10 (size before relaxing)
 .rodata.main.str1.4
                0x08006ee6       0x10 build/main.o
 .rodata.HardFault_Handler.str1.4
                0x08006ee6      0x2cd build/stm32f4xx_it.o
 .rodata.DMA2_Stream0_IRQHandler.str1.4
                0x08006ee6       0x11 build/stm32f4xx_it.o
 *fill*         0x08006ee6        0x2 
 .rodata.APBAHBPrescTable
                0x08006ee8       0x10 build/stm32f4xx_rcc.o
 .rodata.MPU_Proc.str1.4
                0x08006ef8       0x1a build/mpu6050.o
 .rodata.Get_RawData.str1.4
                0x08006ef8       0x72 build/mpu6050.o
 .rodata.MPU_Init.str1.4
                0x08006ef8       0x10 build/mpu6050.o
 .rodata.str1.4
                0x08006ef8       0x12 /usr/lib/gcc/arm-none-eabi/13.2.1/../../../arm-none-eabi/lib/thumb/v7e-m+fp/hard/libc_nano.a(libc_a-nano-vfprintf_float.o)
 .rodata.str1.4
                0x08006ef8       0x69 /usr/lib/gcc/arm-none-eabi/13.2.1/../../../arm-none-eabi/lib/thumb/v7e-m+fp/hard/libc_nano.a(libc_a-dtoa.o)
 .rodata.str1.4
                0x08006ef8       0x25 /usr/lib/gcc/arm-none-eabi/13.2.1/../../../arm-none-eabi/lib/thumb/v7e-m+fp/hard/libc_nano.a(libc_a-nano-vfprintf_i.o)
 .rodata.str1.4
                0x08006ef8       0x13 /usr/lib/gcc/arm-none-eabi/13.2.1/../../../arm-none-eabi/lib/thumb/v7e-m+fp/hard/libc_nano.a(libc_a-nano-vfprintf.o)
 .rodata.str1.4
                0x08006ef8       0x43 /usr/lib/gcc/arm-none-eabi/13.2.1/../../../arm-none-eabi/lib/thumb/v7e-m+fp/hard/libc_nano.a(libc_a-assert.o)
 .rodata.str1.4
                0x08006ef8       0x59 /usr/lib/gcc/arm-none-eabi/13.2.1/../../../arm-none-eabi/lib/thumb/v7e-m+fp/hard/libc_nano.a(libc_a-mprec.o)
 .rodata.str1.4
                0x08006ef8       0x12 /usr/lib/gcc/arm-none-eabi/13.2.1/../../../arm-none-eabi/lib/thumb/v7e-m+fp/hard/libc_nano.a(libc_a-locale.o)
                0x08006f6c                        . = ALIGN (0x4)

.ARM.extab      0x08006ef8        0x0
                0x08006ef8                        . = ALIGN (0x4)
 *(.ARM.extab* .gnu.linkonce.armextab.*)
                0x08006ef8                        . = ALIGN (0x4)

.ARM            0x08006ef8        0x8
                0x08006ef8                        . = ALIGN (0x4)
                0x08006ef8                        __exidx_start = .
 *(.ARM.exidx*)
 .ARM.exidx     0x08006ef8        0x8 /usr/lib/gcc/arm-none-eabi/13.2.1/../../../arm-none-eabi/lib/thumb/v7e-m+fp/hard/libc_nano.a(libc_a-memcpy.o)
 .ARM.exidx     0x08006f00        0x0 /usr/lib/gcc/arm-none-eabi/13.2.1/../../../arm-none-eabi/lib/thumb/v7e-m+fp/hard/libc_nano.a(libc_a-strlen.o)
                                  0x8 (size before relaxing)
 .ARM.exidx     0x08006f00        0x0 /usr/lib/gcc/arm-none-eabi/13.2.1/../../../arm-none-eabi/lib/thumb/v7e-m+fp/hard/libc_nano.a(libc_a-memchr.o)
                                  0x8 (size before relaxing)
                0x08006f00                        __exidx_end = .
                0x08006f00                        . = ALIGN (0x4)

.preinit_array  0x08006f00        0x0
                0x08006f00                        . = ALIGN (0x4)
                0x08006f00                        PROVIDE (__preinit_array_start = .)
 *(.preinit_array*)
                0x08006f00                        PROVIDE (__preinit_array_end = .)
                0x08006f00                        . = ALIGN (0x4)

.init_array     0x08006f00        0x4
                0x08006f00                        . = ALIGN (0x4)
                0x08006f00                        PROVIDE (__init_array_start = .)
 *(SORT_BY_NAME(.init_array.*))
 *(.init_array*)
 .init_array    0x08006f00        0x4 /usr/lib/gcc/arm-none-eabi/13.2.1/thumb/v7e-m+fp/hard/crtbegin.o
                0x08006f04                        PROVIDE (__init_array_end = .)
                0x08006f04                        . = ALIGN (0x4)

.fini_array     0x08006f04        0x4
                0x08006f04                        . = ALIGN (0x4)
                0x08006f04                        PROVIDE (__fini_array_start = .)
 *(SORT_BY_NAME(.fini_array.*))
 *(.fini_array*)
 .fini_array    0x08006f04        0x4 /usr/lib/gcc/arm-none-eabi/13.2.1/thumb/v7e-m+fp/hard/crtbegin.o
                0x08006f08                        PROVIDE (__fini_array_end = .)
                0x08006f08                        . = ALIGN (0x4)
                0x08006f08                        _sidata = LOADADDR (.data)

.rel.dyn        0x08006f08        0x0
 .rel.iplt      0x08006f08        0x0 /usr/lib/gcc/arm-none-eabi/13.2.1/thumb/v7e-m+fp/hard/crtbegin.o

.data           0x20000000      0x1cc load address 0x08006f08
                0x20000000                        . = ALIGN (0x4)
                0x20000000                        _sdata = .
 *(.data)
 .data          0x20000000        0xc /usr/lib/gcc/arm-none-eabi/13.2.1/../../../arm-none-eabi/lib/thumb/v7e-m+fp/hard/libc_nano.a(libc_a-findfp.o)
                0x20000000                __sglue
 .data          0x2000000c       0x50 /usr/lib/gcc/arm-none-eabi/13.2.1/../../../arm-none-eabi/lib/thumb/v7e-m+fp/hard/libc_nano.a(libc_a-impure.o)
                0x2000000c                _impure_ptr
                0x20000010                _impure_data
 .data          0x2000005c      0x16c /usr/lib/gcc/arm-none-eabi/13.2.1/../../../arm-none-eabi/lib/thumb/v7e-m+fp/hard/libc_nano.a(libc_a-locale.o)
                0x2000005c                __global_locale
 *(.data*)
 .data.SystemCoreClock
                0x200001c8        0x4 build/system_stm32f4xx.o
                0x200001c8                SystemCoreClock
 *(.RamFunc)
 *(.RamFunc*)
                0x200001cc                        . = ALIGN (0x4)
                0x200001cc                        _edata = .
                0x080070d4                        _siccmram = LOADADDR (.ccmram)

.tm_clone_table
                0x200001cc        0x0 load address 0x080070d4
 .tm_clone_table
                0x200001cc        0x0 /usr/lib/gcc/arm-none-eabi/13.2.1/thumb/v7e-m+fp/hard/crtbegin.o
 .tm_clone_table
                0x200001cc        0x0 /usr/lib/gcc/arm-none-eabi/13.2.1/thumb/v7e-m+fp/hard/crtend.o

.igot.plt       0x200001cc        0x0 load address 0x080070d4
 .igot.plt      0x200001cc        0x0 /usr/lib/gcc/arm-none-eabi/13.2.1/thumb/v7e-m+fp/hard/crtbegin.o

.ccmram         0x10000000        0x0 load address 0x080070d4
                0x10000000                        . = ALIGN (0x4)
                0x10000000                        _sccmram = .
 *(.ccmram)
 *(.ccmram*)
                0x10000000                        . = ALIGN (0x4)
                0x10000000                        _eccmram = .
                0x10000000                        . = ALIGN (0x4)

.bss            0x200001cc      0x25c
                0x200001cc                        _sbss = .
                0x200001cc                        __bss_start__ = _sbss
 *(.bss)
 .bss           0x200001cc       0x1c /usr/lib/gcc/arm-none-eabi/13.2.1/thumb/v7e-m+fp/hard/crtbegin.o
 .bss           0x200001e8      0x13c /usr/lib/gcc/arm-none-eabi/13.2.1/../../../arm-none-eabi/lib/thumb/v7e-m+fp/hard/libc_nano.a(libc_a-findfp.o)
                0x200001e8                __sf
                0x20000320                __stdio_exit_handler
 .bss           0x20000324        0x8 /usr/lib/gcc/arm-none-eabi/13.2.1/../../../arm-none-eabi/lib/thumb/v7e-m+fp/hard/libc_nano.a(libc_a-mallocr.o)
                0x20000324                __malloc_sbrk_start
                0x20000328                __malloc_free_list
 .bss           0x2000032c        0x4 /usr/lib/gcc/arm-none-eabi/13.2.1/../../../arm-none-eabi/lib/thumb/v7e-m+fp/hard/libc_nano.a(libc_a-reent.o)
                0x2000032c                errno
 *(.bss*)
 .bss.AWD_Flag  0x20000330        0x1 build/stm32f4xx_it.o
                0x20000330                AWD_Flag
 .bss.DMA2_Flag
                0x20000331        0x1 build/stm32f4xx_it.o
                0x20000331                DMA2_Flag
 *fill*         0x20000332        0x2 
 .bss.__sbrk_heap_end
                0x20000334        0x4 build/sysmem.o
 .bss.MPU_Attitude
                0x20000338       0x18 build/mpu6050.o
                0x20000338                MPU_Attitude
 .bss.az_dps    0x20000350        0x4 build/mpu6050.o
 .bss.ay_dps    0x20000354        0x4 build/mpu6050.o
 .bss.ax_dps    0x20000358        0x4 build/mpu6050.o
 .bss.gz_dps    0x2000035c        0x4 build/mpu6050.o
 .bss.gy_dps    0x20000360        0x4 build/mpu6050.o
 .bss.gx_dps    0x20000364        0x4 build/mpu6050.o
 .bss.temperature
                0x20000368        0x2 build/mpu6050.o
 .bss.gz        0x2000036a        0x2 build/mpu6050.o
 .bss.gy        0x2000036c        0x2 build/mpu6050.o
 .bss.gx        0x2000036e        0x2 build/mpu6050.o
 .bss.az        0x20000370        0x2 build/mpu6050.o
 .bss.ay        0x20000372        0x2 build/mpu6050.o
 .bss.ax        0x20000374        0x2 build/mpu6050.o
 *fill*         0x20000376        0x2 
 .bss.DMAEndOfTransfer
                0x20000378        0x4 build/sdio_sd.o
                0x20000378                DMAEndOfTransfer
 .bss.TransferEnd
                0x2000037c        0x4 build/sdio_sd.o
                0x2000037c                TransferEnd
 .bss.TransferError
                0x20000380        0x1 build/sdio_sd.o
                0x20000380                TransferError
 .bss.task_count
                0x20000381        0x1 build/task.o
 *fill*         0x20000382        0x2 
 .bss.task_pool
                0x20000384       0xa0 build/task.o
 .bss.sysTickCounter
                0x20000424        0x4 build/task.o
 *(COMMON)
                0x20000428                        . = ALIGN (0x4)
                0x20000428                        _ebss = .
                0x20000428                        __bss_end__ = _ebss

._user_heap_stack
                0x20000428      0x600
                0x20000428                        . = ALIGN (0x8)
                [!provide]                        PROVIDE (end = .)
                0x20000428                        PROVIDE (_end = .)
                0x20000628                        . = (. + _Min_Heap_Size)
 *fill*         0x20000428      0x200 
                0x20000a28                        . = (. + _Min_Stack_Size)
 *fill*         0x20000628      0x400 
                0x20000a28                        . = ALIGN (0x8)

/DISCARD/
 libc.a(*)
 libm.a(*)
 libgcc.a(*)
OUTPUT(build/CAR.elf elf32-littlearm)
LOAD linker stubs
LOAD /usr/lib/gcc/arm-none-eabi/13.2.1/../../../arm-none-eabi/lib/thumb/v7e-m+fp/hard/libc.a
LOAD /usr/lib/gcc/arm-none-eabi/13.2.1/../../../arm-none-eabi/lib/thumb/v7e-m+fp/hard/libm.a
LOAD /usr/lib/gcc/arm-none-eabi/13.2.1/thumb/v7e-m+fp/hard/libgcc.a

.ARM.attributes
                0x00000000       0x30
 .ARM.attributes
                0x00000000       0x22 /usr/lib/gcc/arm-none-eabi/13.2.1/thumb/v7e-m+fp/hard/crti.o
 .ARM.attributes
                0x00000022       0x34 /usr/lib/gcc/arm-none-eabi/13.2.1/thumb/v7e-m+fp/hard/crtbegin.o
 .ARM.attributes
                0x00000056       0x34 build/main.o
 .ARM.attributes
                0x0000008a       0x34 build/stm32f4xx_it.o
 .ARM.attributes
                0x000000be       0x34 build/syscalls.o
 .ARM.attributes
                0x000000f2       0x34 build/sysmem.o
 .ARM.attributes
                0x00000126       0x34 build/stm32f4xx_gpio.o
 .ARM.attributes
                0x0000015a       0x34 build/stm32f4xx_rcc.o
 .ARM.attributes
                0x0000018e       0x34 build/stm32f4xx_usart.o
 .ARM.attributes
                0x000001c2       0x34 build/stm32f4xx_adc.o
 .ARM.attributes
                0x000001f6       0x34 build/stm32f4xx_tim.o
 .ARM.attributes
                0x0000022a       0x34 build/stm32f4xx_dma.o
 .ARM.attributes
                0x0000025e       0x34 build/stm32f4xx_sdio.o
 .ARM.attributes
                0x00000292       0x34 build/system_stm32f4xx.o
 .ARM.attributes
                0x000002c6       0x34 build/delay.o
 .ARM.attributes
                0x000002fa       0x34 build/mpu6050.o
 .ARM.attributes
                0x0000032e       0x34 build/myiic.o
 .ARM.attributes
                0x00000362       0x34 build/sdio_sd.o
 .ARM.attributes
                0x00000396       0x34 build/task.o
 .ARM.attributes
                0x000003ca       0x34 build/usart.o
 .ARM.attributes
                0x000003fe       0x21 build/startup_stm32f40xx.o
 .ARM.attributes
                0x0000041f       0x34 /usr/lib/gcc/arm-none-eabi/13.2.1/../../../arm-none-eabi/lib/thumb/v7e-m+fp/hard/libc_nano.a(libc_a-puts.o)
 .ARM.attributes
                0x00000453       0x34 /usr/lib/gcc/arm-none-eabi/13.2.1/../../../arm-none-eabi/lib/thumb/v7e-m+fp/hard/libc_nano.a(libc_a-findfp.o)
 .ARM.attributes
                0x00000487       0x34 /usr/lib/gcc/arm-none-eabi/13.2.1/../../../arm-none-eabi/lib/thumb/v7e-m+fp/hard/libc_nano.a(libc_a-memset.o)
 .ARM.attributes
                0x000004bb       0x34 /usr/lib/gcc/arm-none-eabi/13.2.1/../../../arm-none-eabi/lib/thumb/v7e-m+fp/hard/libc_nano.a(libc_a-fflush.o)
 .ARM.attributes
                0x000004ef       0x34 /usr/lib/gcc/arm-none-eabi/13.2.1/../../../arm-none-eabi/lib/thumb/v7e-m+fp/hard/libc_nano.a(libc_a-errno.o)
 .ARM.attributes
                0x00000523       0x34 /usr/lib/gcc/arm-none-eabi/13.2.1/../../../arm-none-eabi/lib/thumb/v7e-m+fp/hard/libc_nano.a(libc_a-nano-vfprintf_float.o)
 .ARM.attributes
                0x00000557       0x34 /usr/lib/gcc/arm-none-eabi/13.2.1/../../../arm-none-eabi/lib/thumb/v7e-m+fp/hard/libc_nano.a(libc_a-mallocr.o)
 .ARM.attributes
                0x0000058b       0x34 /usr/lib/gcc/arm-none-eabi/13.2.1/../../../arm-none-eabi/lib/thumb/v7e-m+fp/hard/libc_nano.a(libc_a-dtoa.o)
 .ARM.attributes
                0x000005bf       0x34 /usr/lib/gcc/arm-none-eabi/13.2.1/../../../arm-none-eabi/lib/thumb/v7e-m+fp/hard/libc_nano.a(libc_a-freer.o)
 .ARM.attributes
                0x000005f3       0x34 /usr/lib/gcc/arm-none-eabi/13.2.1/../../../arm-none-eabi/lib/thumb/v7e-m+fp/hard/libc_nano.a(libc_a-fwalk.o)
 .ARM.attributes
                0x00000627       0x34 /usr/lib/gcc/arm-none-eabi/13.2.1/../../../arm-none-eabi/lib/thumb/v7e-m+fp/hard/libc_nano.a(libc_a-wsetup.o)
 .ARM.attributes
                0x0000065b       0x20 /usr/lib/gcc/arm-none-eabi/13.2.1/../../../arm-none-eabi/lib/thumb/v7e-m+fp/hard/libc_nano.a(libc_a-memcpy.o)
 .ARM.attributes
                0x0000067b       0x34 /usr/lib/gcc/arm-none-eabi/13.2.1/../../../arm-none-eabi/lib/thumb/v7e-m+fp/hard/libc_nano.a(libc_a-malloc.o)
 .ARM.attributes
                0x000006af       0x34 /usr/lib/gcc/arm-none-eabi/13.2.1/../../../arm-none-eabi/lib/thumb/v7e-m+fp/hard/libc_nano.a(libc_a-nano-vfprintf_i.o)
 .ARM.attributes
                0x000006e3       0x34 /usr/lib/gcc/arm-none-eabi/13.2.1/../../../arm-none-eabi/lib/thumb/v7e-m+fp/hard/libc_nano.a(libc_a-mlock.o)
 .ARM.attributes
                0x00000717       0x34 /usr/lib/gcc/arm-none-eabi/13.2.1/../../../arm-none-eabi/lib/thumb/v7e-m+fp/hard/libc_nano.a(libc_a-makebuf.o)
 .ARM.attributes
                0x0000074b       0x34 /usr/lib/gcc/arm-none-eabi/13.2.1/../../../arm-none-eabi/lib/thumb/v7e-m+fp/hard/libc_nano.a(libc_a-printf.o)
 .ARM.attributes
                0x0000077f       0x34 /usr/lib/gcc/arm-none-eabi/13.2.1/../../../arm-none-eabi/lib/thumb/v7e-m+fp/hard/libc_nano.a(libc_a-isattyr.o)
 .ARM.attributes
                0x000007b3       0x34 /usr/lib/gcc/arm-none-eabi/13.2.1/../../../arm-none-eabi/lib/thumb/v7e-m+fp/hard/libc_nano.a(libc_a-nano-vfprintf.o)
 .ARM.attributes
                0x000007e7       0x34 /usr/lib/gcc/arm-none-eabi/13.2.1/../../../arm-none-eabi/lib/thumb/v7e-m+fp/hard/libc_nano.a(libc_a-wbuf.o)
 .ARM.attributes
                0x0000081b       0x34 /usr/lib/gcc/arm-none-eabi/13.2.1/../../../arm-none-eabi/lib/thumb/v7e-m+fp/hard/libc_nano.a(libc_a-assert.o)
 .ARM.attributes
                0x0000084f       0x34 /usr/lib/gcc/arm-none-eabi/13.2.1/../../../arm-none-eabi/lib/thumb/v7e-m+fp/hard/libc_nano.a(libc_a-mprec.o)
 .ARM.attributes
                0x00000883       0x34 /usr/lib/gcc/arm-none-eabi/13.2.1/../../../arm-none-eabi/lib/thumb/v7e-m+fp/hard/libc_nano.a(libc_a-sbrkr.o)
 .ARM.attributes
                0x000008b7       0x34 /usr/lib/gcc/arm-none-eabi/13.2.1/../../../arm-none-eabi/lib/thumb/v7e-m+fp/hard/libc_nano.a(libc_a-stdio.o)
 .ARM.attributes
                0x000008eb       0x34 /usr/lib/gcc/arm-none-eabi/13.2.1/../../../arm-none-eabi/lib/thumb/v7e-m+fp/hard/libc_nano.a(libc_a-impure.o)
 .ARM.attributes
                0x0000091f       0x34 /usr/lib/gcc/arm-none-eabi/13.2.1/../../../arm-none-eabi/lib/thumb/v7e-m+fp/hard/libc_nano.a(libc_a-localeconv.o)
 .ARM.attributes
                0x00000953       0x34 /usr/lib/gcc/arm-none-eabi/13.2.1/../../../arm-none-eabi/lib/thumb/v7e-m+fp/hard/libc_nano.a(libc_a-fvwrite.o)
 .ARM.attributes
                0x00000987       0x34 /usr/lib/gcc/arm-none-eabi/13.2.1/../../../arm-none-eabi/lib/thumb/v7e-m+fp/hard/libc_nano.a(libc_a-abort.o)
 .ARM.attributes
                0x000009bb       0x34 /usr/lib/gcc/arm-none-eabi/13.2.1/../../../arm-none-eabi/lib/thumb/v7e-m+fp/hard/libc_nano.a(libc_a-closer.o)
 .ARM.attributes
                0x000009ef       0x1c /usr/lib/gcc/arm-none-eabi/13.2.1/../../../arm-none-eabi/lib/thumb/v7e-m+fp/hard/libc_nano.a(libc_a-strlen.o)
 .ARM.attributes
                0x00000a0b       0x34 /usr/lib/gcc/arm-none-eabi/13.2.1/../../../arm-none-eabi/lib/thumb/v7e-m+fp/hard/libc_nano.a(libc_a-callocr.o)
 .ARM.attributes
                0x00000a3f       0x34 /usr/lib/gcc/arm-none-eabi/13.2.1/../../../arm-none-eabi/lib/thumb/v7e-m+fp/hard/libc_nano.a(libc_a-locale.o)
 .ARM.attributes
                0x00000a73       0x34 /usr/lib/gcc/arm-none-eabi/13.2.1/../../../arm-none-eabi/lib/thumb/v7e-m+fp/hard/libc_nano.a(libc_a-memmove.o)
 .ARM.attributes
                0x00000aa7       0x34 /usr/lib/gcc/arm-none-eabi/13.2.1/../../../arm-none-eabi/lib/thumb/v7e-m+fp/hard/libc_nano.a(libc_a-wctomb_r.o)
 .ARM.attributes
                0x00000adb       0x1c /usr/lib/gcc/arm-none-eabi/13.2.1/../../../arm-none-eabi/lib/thumb/v7e-m+fp/hard/libc_nano.a(libc_a-memchr.o)
 .ARM.attributes
                0x00000af7       0x34 /usr/lib/gcc/arm-none-eabi/13.2.1/../../../arm-none-eabi/lib/thumb/v7e-m+fp/hard/libc_nano.a(libc_a-readr.o)
 .ARM.attributes
                0x00000b2b       0x34 /usr/lib/gcc/arm-none-eabi/13.2.1/../../../arm-none-eabi/lib/thumb/v7e-m+fp/hard/libc_nano.a(libc_a-fprintf.o)
 .ARM.attributes
                0x00000b5f       0x34 /usr/lib/gcc/arm-none-eabi/13.2.1/../../../arm-none-eabi/lib/thumb/v7e-m+fp/hard/libc_nano.a(libc_a-reent.o)
 .ARM.attributes
                0x00000b93       0x34 /usr/lib/gcc/arm-none-eabi/13.2.1/../../../arm-none-eabi/lib/thumb/v7e-m+fp/hard/libc_nano.a(libc_a-reallocr.o)
 .ARM.attributes
                0x00000bc7       0x34 /usr/lib/gcc/arm-none-eabi/13.2.1/../../../arm-none-eabi/lib/thumb/v7e-m+fp/hard/libc_nano.a(libc_a-fstatr.o)
 .ARM.attributes
                0x00000bfb       0x34 /usr/lib/gcc/arm-none-eabi/13.2.1/../../../arm-none-eabi/lib/thumb/v7e-m+fp/hard/libc_nano.a(libc_a-lseekr.o)
 .ARM.attributes
                0x00000c2f       0x34 /usr/lib/gcc/arm-none-eabi/13.2.1/../../../arm-none-eabi/lib/thumb/v7e-m+fp/hard/libc_nano.a(libc_a-ctype_.o)
 .ARM.attributes
                0x00000c63       0x34 /usr/lib/gcc/arm-none-eabi/13.2.1/../../../arm-none-eabi/lib/thumb/v7e-m+fp/hard/libc_nano.a(libc_a-writer.o)
 .ARM.attributes
                0x00000c97       0x34 /usr/lib/gcc/arm-none-eabi/13.2.1/../../../arm-none-eabi/lib/thumb/v7e-m+fp/hard/libc_nano.a(libc_a-msizer.o)
 .ARM.attributes
                0x00000ccb       0x34 /usr/lib/gcc/arm-none-eabi/13.2.1/../../../arm-none-eabi/lib/thumb/v7e-m+fp/hard/libc_nano.a(libc_a-mbtowc_r.o)
 .ARM.attributes
                0x00000cff       0x34 /usr/lib/gcc/arm-none-eabi/13.2.1/../../../arm-none-eabi/lib/thumb/v7e-m+fp/hard/libc_nano.a(libc_a-signal.o)
 .ARM.attributes
                0x00000d33       0x34 /usr/lib/gcc/arm-none-eabi/13.2.1/../../../arm-none-eabi/lib/thumb/v7e-m+fp/hard/libc_nano.a(libc_a-signalr.o)
 .ARM.attributes
                0x00000d67       0x34 /usr/lib/gcc/arm-none-eabi/13.2.1/../../../arm-none-eabi/lib/thumb/v7e-m+fp/hard/libm.a(libm_a-w_atan2.o)
 .ARM.attributes
                0x00000d9b       0x34 /usr/lib/gcc/arm-none-eabi/13.2.1/../../../arm-none-eabi/lib/thumb/v7e-m+fp/hard/libm.a(libm_a-e_atan2.o)
 .ARM.attributes
                0x00000dcf       0x34 /usr/lib/gcc/arm-none-eabi/13.2.1/../../../arm-none-eabi/lib/thumb/v7e-m+fp/hard/libm.a(libm_a-s_atan.o)
 .ARM.attributes
                0x00000e03       0x34 /usr/lib/gcc/arm-none-eabi/13.2.1/../../../arm-none-eabi/lib/thumb/v7e-m+fp/hard/libm.a(libm_a-s_fabs.o)
 .ARM.attributes
                0x00000e37       0x22 /usr/lib/gcc/arm-none-eabi/13.2.1/thumb/v7e-m+fp/hard/libgcc.a(_arm_addsubdf3.o)
 .ARM.attributes
                0x00000e59       0x22 /usr/lib/gcc/arm-none-eabi/13.2.1/thumb/v7e-m+fp/hard/libgcc.a(_arm_muldivdf3.o)
 .ARM.attributes
                0x00000e7b       0x22 /usr/lib/gcc/arm-none-eabi/13.2.1/thumb/v7e-m+fp/hard/libgcc.a(_arm_cmpdf2.o)
 .ARM.attributes
                0x00000e9d       0x22 /usr/lib/gcc/arm-none-eabi/13.2.1/thumb/v7e-m+fp/hard/libgcc.a(_arm_unorddf2.o)
 .ARM.attributes
                0x00000ebf       0x22 /usr/lib/gcc/arm-none-eabi/13.2.1/thumb/v7e-m+fp/hard/libgcc.a(_arm_fixdfsi.o)
 .ARM.attributes
                0x00000ee1       0x22 /usr/lib/gcc/arm-none-eabi/13.2.1/thumb/v7e-m+fp/hard/libgcc.a(_arm_truncdfsf2.o)
 .ARM.attributes
                0x00000f03       0x34 /usr/lib/gcc/arm-none-eabi/13.2.1/thumb/v7e-m+fp/hard/crtend.o
 .ARM.attributes
                0x00000f37       0x22 /usr/lib/gcc/arm-none-eabi/13.2.1/thumb/v7e-m+fp/hard/crtn.o

.comment        0x00000000       0x26
 .comment       0x00000000       0x26 /usr/lib/gcc/arm-none-eabi/13.2.1/thumb/v7e-m+fp/hard/crtbegin.o
                                 0x27 (size before relaxing)
 .comment       0x00000026       0x27 build/main.o
 .comment       0x00000026       0x27 build/stm32f4xx_it.o
 .comment       0x00000026       0x27 build/syscalls.o
 .comment       0x00000026       0x27 build/sysmem.o
 .comment       0x00000026       0x27 build/stm32f4xx_gpio.o
 .comment       0x00000026       0x27 build/stm32f4xx_rcc.o
 .comment       0x00000026       0x27 build/stm32f4xx_usart.o
 .comment       0x00000026       0x27 build/stm32f4xx_adc.o
 .comment       0x00000026       0x27 build/stm32f4xx_tim.o
 .comment       0x00000026       0x27 build/stm32f4xx_dma.o
 .comment       0x00000026       0x27 build/stm32f4xx_sdio.o
 .comment       0x00000026       0x27 build/system_stm32f4xx.o
 .comment       0x00000026       0x27 build/delay.o
 .comment       0x00000026       0x27 build/mpu6050.o
 .comment       0x00000026       0x27 build/myiic.o
 .comment       0x00000026       0x27 build/sdio_sd.o
 .comment       0x00000026       0x27 build/task.o
 .comment       0x00000026       0x27 build/usart.o
 .comment       0x00000026       0x27 /usr/lib/gcc/arm-none-eabi/13.2.1/../../../arm-none-eabi/lib/thumb/v7e-m+fp/hard/libc_nano.a(libc_a-puts.o)
 .comment       0x00000026       0x27 /usr/lib/gcc/arm-none-eabi/13.2.1/../../../arm-none-eabi/lib/thumb/v7e-m+fp/hard/libc_nano.a(libc_a-findfp.o)
 .comment       0x00000026       0x27 /usr/lib/gcc/arm-none-eabi/13.2.1/../../../arm-none-eabi/lib/thumb/v7e-m+fp/hard/libc_nano.a(libc_a-memset.o)
 .comment       0x00000026       0x27 /usr/lib/gcc/arm-none-eabi/13.2.1/../../../arm-none-eabi/lib/thumb/v7e-m+fp/hard/libc_nano.a(libc_a-fflush.o)
 .comment       0x00000026       0x27 /usr/lib/gcc/arm-none-eabi/13.2.1/../../../arm-none-eabi/lib/thumb/v7e-m+fp/hard/libc_nano.a(libc_a-errno.o)
 .comment       0x00000026       0x27 /usr/lib/gcc/arm-none-eabi/13.2.1/../../../arm-none-eabi/lib/thumb/v7e-m+fp/hard/libc_nano.a(libc_a-nano-vfprintf_float.o)
 .comment       0x00000026       0x27 /usr/lib/gcc/arm-none-eabi/13.2.1/../../../arm-none-eabi/lib/thumb/v7e-m+fp/hard/libc_nano.a(libc_a-mallocr.o)
 .comment       0x00000026       0x27 /usr/lib/gcc/arm-none-eabi/13.2.1/../../../arm-none-eabi/lib/thumb/v7e-m+fp/hard/libc_nano.a(libc_a-dtoa.o)
 .comment       0x00000026       0x27 /usr/lib/gcc/arm-none-eabi/13.2.1/../../../arm-none-eabi/lib/thumb/v7e-m+fp/hard/libc_nano.a(libc_a-freer.o)
 .comment       0x00000026       0x27 /usr/lib/gcc/arm-none-eabi/13.2.1/../../../arm-none-eabi/lib/thumb/v7e-m+fp/hard/libc_nano.a(libc_a-fwalk.o)
 .comment       0x00000026       0x27 /usr/lib/gcc/arm-none-eabi/13.2.1/../../../arm-none-eabi/lib/thumb/v7e-m+fp/hard/libc_nano.a(libc_a-wsetup.o)
 .comment       0x00000026       0x27 /usr/lib/gcc/arm-none-eabi/13.2.1/../../../arm-none-eabi/lib/thumb/v7e-m+fp/hard/libc_nano.a(libc_a-malloc.o)
 .comment       0x00000026       0x27 /usr/lib/gcc/arm-none-eabi/13.2.1/../../../arm-none-eabi/lib/thumb/v7e-m+fp/hard/libc_nano.a(libc_a-nano-vfprintf_i.o)
 .comment       0x00000026       0x27 /usr/lib/gcc/arm-none-eabi/13.2.1/../../../arm-none-eabi/lib/thumb/v7e-m+fp/hard/libc_nano.a(libc_a-mlock.o)
 .comment       0x00000026       0x27 /usr/lib/gcc/arm-none-eabi/13.2.1/../../../arm-none-eabi/lib/thumb/v7e-m+fp/hard/libc_nano.a(libc_a-makebuf.o)
 .comment       0x00000026       0x27 /usr/lib/gcc/arm-none-eabi/13.2.1/../../../arm-none-eabi/lib/thumb/v7e-m+fp/hard/libc_nano.a(libc_a-printf.o)
 .comment       0x00000026       0x27 /usr/lib/gcc/arm-none-eabi/13.2.1/../../../arm-none-eabi/lib/thumb/v7e-m+fp/hard/libc_nano.a(libc_a-isattyr.o)
 .comment       0x00000026       0x27 /usr/lib/gcc/arm-none-eabi/13.2.1/../../../arm-none-eabi/lib/thumb/v7e-m+fp/hard/libc_nano.a(libc_a-nano-vfprintf.o)
 .comment       0x00000026       0x27 /usr/lib/gcc/arm-none-eabi/13.2.1/../../../arm-none-eabi/lib/thumb/v7e-m+fp/hard/libc_nano.a(libc_a-wbuf.o)
 .comment       0x00000026       0x27 /usr/lib/gcc/arm-none-eabi/13.2.1/../../../arm-none-eabi/lib/thumb/v7e-m+fp/hard/libc_nano.a(libc_a-assert.o)
 .comment       0x00000026       0x27 /usr/lib/gcc/arm-none-eabi/13.2.1/../../../arm-none-eabi/lib/thumb/v7e-m+fp/hard/libc_nano.a(libc_a-mprec.o)
 .comment       0x00000026       0x27 /usr/lib/gcc/arm-none-eabi/13.2.1/../../../arm-none-eabi/lib/thumb/v7e-m+fp/hard/libc_nano.a(libc_a-sbrkr.o)
 .comment       0x00000026       0x27 /usr/lib/gcc/arm-none-eabi/13.2.1/../../../arm-none-eabi/lib/thumb/v7e-m+fp/hard/libc_nano.a(libc_a-stdio.o)
 .comment       0x00000026       0x27 /usr/lib/gcc/arm-none-eabi/13.2.1/../../../arm-none-eabi/lib/thumb/v7e-m+fp/hard/libc_nano.a(libc_a-impure.o)
 .comment       0x00000026       0x27 /usr/lib/gcc/arm-none-eabi/13.2.1/../../../arm-none-eabi/lib/thumb/v7e-m+fp/hard/libc_nano.a(libc_a-localeconv.o)
 .comment       0x00000026       0x27 /usr/lib/gcc/arm-none-eabi/13.2.1/../../../arm-none-eabi/lib/thumb/v7e-m+fp/hard/libc_nano.a(libc_a-fvwrite.o)
 .comment       0x00000026       0x27 /usr/lib/gcc/arm-none-eabi/13.2.1/../../../arm-none-eabi/lib/thumb/v7e-m+fp/hard/libc_nano.a(libc_a-abort.o)
 .comment       0x00000026       0x27 /usr/lib/gcc/arm-none-eabi/13.2.1/../../../arm-none-eabi/lib/thumb/v7e-m+fp/hard/libc_nano.a(libc_a-closer.o)
 .comment       0x00000026       0x27 /usr/lib/gcc/arm-none-eabi/13.2.1/../../../arm-none-eabi/lib/thumb/v7e-m+fp/hard/libc_nano.a(libc_a-callocr.o)
 .comment       0x00000026       0x27 /usr/lib/gcc/arm-none-eabi/13.2.1/../../../arm-none-eabi/lib/thumb/v7e-m+fp/hard/libc_nano.a(libc_a-locale.o)
 .comment       0x00000026       0x27 /usr/lib/gcc/arm-none-eabi/13.2.1/../../../arm-none-eabi/lib/thumb/v7e-m+fp/hard/libc_nano.a(libc_a-memmove.o)
 .comment       0x00000026       0x27 /usr/lib/gcc/arm-none-eabi/13.2.1/../../../arm-none-eabi/lib/thumb/v7e-m+fp/hard/libc_nano.a(libc_a-wctomb_r.o)
 .comment       0x00000026       0x27 /usr/lib/gcc/arm-none-eabi/13.2.1/../../../arm-none-eabi/lib/thumb/v7e-m+fp/hard/libc_nano.a(libc_a-readr.o)
 .comment       0x00000026       0x27 /usr/lib/gcc/arm-none-eabi/13.2.1/../../../arm-none-eabi/lib/thumb/v7e-m+fp/hard/libc_nano.a(libc_a-fprintf.o)
 .comment       0x00000026       0x27 /usr/lib/gcc/arm-none-eabi/13.2.1/../../../arm-none-eabi/lib/thumb/v7e-m+fp/hard/libc_nano.a(libc_a-reent.o)
 .comment       0x00000026       0x27 /usr/lib/gcc/arm-none-eabi/13.2.1/../../../arm-none-eabi/lib/thumb/v7e-m+fp/hard/libc_nano.a(libc_a-reallocr.o)
 .comment       0x00000026       0x27 /usr/lib/gcc/arm-none-eabi/13.2.1/../../../arm-none-eabi/lib/thumb/v7e-m+fp/hard/libc_nano.a(libc_a-fstatr.o)
 .comment       0x00000026       0x27 /usr/lib/gcc/arm-none-eabi/13.2.1/../../../arm-none-eabi/lib/thumb/v7e-m+fp/hard/libc_nano.a(libc_a-lseekr.o)
 .comment       0x00000026       0x27 /usr/lib/gcc/arm-none-eabi/13.2.1/../../../arm-none-eabi/lib/thumb/v7e-m+fp/hard/libc_nano.a(libc_a-ctype_.o)
 .comment       0x00000026       0x27 /usr/lib/gcc/arm-none-eabi/13.2.1/../../../arm-none-eabi/lib/thumb/v7e-m+fp/hard/libc_nano.a(libc_a-writer.o)
 .comment       0x00000026       0x27 /usr/lib/gcc/arm-none-eabi/13.2.1/../../../arm-none-eabi/lib/thumb/v7e-m+fp/hard/libc_nano.a(libc_a-msizer.o)
 .comment       0x00000026       0x27 /usr/lib/gcc/arm-none-eabi/13.2.1/../../../arm-none-eabi/lib/thumb/v7e-m+fp/hard/libc_nano.a(libc_a-mbtowc_r.o)
 .comment       0x00000026       0x27 /usr/lib/gcc/arm-none-eabi/13.2.1/../../../arm-none-eabi/lib/thumb/v7e-m+fp/hard/libc_nano.a(libc_a-signal.o)
 .comment       0x00000026       0x27 /usr/lib/gcc/arm-none-eabi/13.2.1/../../../arm-none-eabi/lib/thumb/v7e-m+fp/hard/libc_nano.a(libc_a-signalr.o)
 .comment       0x00000026       0x27 /usr/lib/gcc/arm-none-eabi/13.2.1/../../../arm-none-eabi/lib/thumb/v7e-m+fp/hard/libm.a(libm_a-w_atan2.o)
 .comment       0x00000026       0x27 /usr/lib/gcc/arm-none-eabi/13.2.1/../../../arm-none-eabi/lib/thumb/v7e-m+fp/hard/libm.a(libm_a-e_atan2.o)
 .comment       0x00000026       0x27 /usr/lib/gcc/arm-none-eabi/13.2.1/../../../arm-none-eabi/lib/thumb/v7e-m+fp/hard/libm.a(libm_a-s_atan.o)
 .comment       0x00000026       0x27 /usr/lib/gcc/arm-none-eabi/13.2.1/../../../arm-none-eabi/lib/thumb/v7e-m+fp/hard/libm.a(libm_a-s_fabs.o)
 .comment       0x00000026       0x27 /usr/lib/gcc/arm-none-eabi/13.2.1/thumb/v7e-m+fp/hard/crtend.o

.debug_info     0x00000000    0x2a991
 .debug_info    0x00000000      0x22d build/main.o
 .debug_info    0x0000022d     0x11b1 build/stm32f4xx_it.o
 .debug_info    0x000013de      0x853 build/syscalls.o
 .debug_info    0x00001c31      0x174 build/sysmem.o
 .debug_info    0x00001da5      0x8f9 build/stm32f4xx_gpio.o
 .debug_info    0x0000269e     0x10a9 build/stm32f4xx_rcc.o
 .debug_info    0x00003747      0xd3a build/stm32f4xx_usart.o
 .debug_info    0x00004481      0xe98 build/stm32f4xx_adc.o
 .debug_info    0x00005319     0x26bb build/stm32f4xx_tim.o
 .debug_info    0x000079d4      0x840 build/stm32f4xx_dma.o
 .debug_info    0x00008214      0x972 build/stm32f4xx_sdio.o
 .debug_info    0x00008b86      0x6d8 build/system_stm32f4xx.o
 .debug_info    0x0000925e      0x56f build/delay.o
 .debug_info    0x000097cd      0xe56 build/mpu6050.o
 .debug_info    0x0000a623      0x763 build/myiic.o
 .debug_info    0x0000ad86     0x34f6 build/sdio_sd.o
 .debug_info    0x0000e27c      0x9a0 build/task.o
 .debug_info    0x0000ec1c      0x832 build/usart.o
 .debug_info    0x0000f44e       0x30 build/startup_stm32f40xx.o
 .debug_info    0x0000f47e      0x8f8 /usr/lib/gcc/arm-none-eabi/13.2.1/../../../arm-none-eabi/lib/thumb/v7e-m+fp/hard/libc_nano.a(libc_a-puts.o)
 .debug_info    0x0000fd76      0xe8c /usr/lib/gcc/arm-none-eabi/13.2.1/../../../arm-none-eabi/lib/thumb/v7e-m+fp/hard/libc_nano.a(libc_a-findfp.o)
 .debug_info    0x00010c02      0x135 /usr/lib/gcc/arm-none-eabi/13.2.1/../../../arm-none-eabi/lib/thumb/v7e-m+fp/hard/libc_nano.a(libc_a-memset.o)
 .debug_info    0x00010d37      0xa33 /usr/lib/gcc/arm-none-eabi/13.2.1/../../../arm-none-eabi/lib/thumb/v7e-m+fp/hard/libc_nano.a(libc_a-fflush.o)
 .debug_info    0x0001176a      0x6f1 /usr/lib/gcc/arm-none-eabi/13.2.1/../../../arm-none-eabi/lib/thumb/v7e-m+fp/hard/libc_nano.a(libc_a-errno.o)
 .debug_info    0x00011e5b     0x13f9 /usr/lib/gcc/arm-none-eabi/13.2.1/../../../arm-none-eabi/lib/thumb/v7e-m+fp/hard/libc_nano.a(libc_a-nano-vfprintf_float.o)
 .debug_info    0x00013254      0x9b6 /usr/lib/gcc/arm-none-eabi/13.2.1/../../../arm-none-eabi/lib/thumb/v7e-m+fp/hard/libc_nano.a(libc_a-mallocr.o)
 .debug_info    0x00013c0a     0x1952 /usr/lib/gcc/arm-none-eabi/13.2.1/../../../arm-none-eabi/lib/thumb/v7e-m+fp/hard/libc_nano.a(libc_a-dtoa.o)
 .debug_info    0x0001555c      0x87f /usr/lib/gcc/arm-none-eabi/13.2.1/../../../arm-none-eabi/lib/thumb/v7e-m+fp/hard/libc_nano.a(libc_a-freer.o)
 .debug_info    0x00015ddb      0x7c8 /usr/lib/gcc/arm-none-eabi/13.2.1/../../../arm-none-eabi/lib/thumb/v7e-m+fp/hard/libc_nano.a(libc_a-fwalk.o)
 .debug_info    0x000165a3      0x7b1 /usr/lib/gcc/arm-none-eabi/13.2.1/../../../arm-none-eabi/lib/thumb/v7e-m+fp/hard/libc_nano.a(libc_a-wsetup.o)
 .debug_info    0x00016d54       0x33 /usr/lib/gcc/arm-none-eabi/13.2.1/../../../arm-none-eabi/lib/thumb/v7e-m+fp/hard/libc_nano.a(libc_a-memcpy.o)
 .debug_info    0x00016d87      0x796 /usr/lib/gcc/arm-none-eabi/13.2.1/../../../arm-none-eabi/lib/thumb/v7e-m+fp/hard/libc_nano.a(libc_a-malloc.o)
 .debug_info    0x0001751d      0xdd7 /usr/lib/gcc/arm-none-eabi/13.2.1/../../../arm-none-eabi/lib/thumb/v7e-m+fp/hard/libc_nano.a(libc_a-nano-vfprintf_i.o)
 .debug_info    0x000182f4      0x71c /usr/lib/gcc/arm-none-eabi/13.2.1/../../../arm-none-eabi/lib/thumb/v7e-m+fp/hard/libc_nano.a(libc_a-mlock.o)
 .debug_info    0x00018a10      0xbe6 /usr/lib/gcc/arm-none-eabi/13.2.1/../../../arm-none-eabi/lib/thumb/v7e-m+fp/hard/libc_nano.a(libc_a-makebuf.o)
 .debug_info    0x000195f6      0x837 /usr/lib/gcc/arm-none-eabi/13.2.1/../../../arm-none-eabi/lib/thumb/v7e-m+fp/hard/libc_nano.a(libc_a-printf.o)
 .debug_info    0x00019e2d      0x752 /usr/lib/gcc/arm-none-eabi/13.2.1/../../../arm-none-eabi/lib/thumb/v7e-m+fp/hard/libc_nano.a(libc_a-isattyr.o)
 .debug_info    0x0001a57f     0x108a /usr/lib/gcc/arm-none-eabi/13.2.1/../../../arm-none-eabi/lib/thumb/v7e-m+fp/hard/libc_nano.a(libc_a-nano-vfprintf.o)
 .debug_info    0x0001b609      0x863 /usr/lib/gcc/arm-none-eabi/13.2.1/../../../arm-none-eabi/lib/thumb/v7e-m+fp/hard/libc_nano.a(libc_a-wbuf.o)
 .debug_info    0x0001be6c      0x825 /usr/lib/gcc/arm-none-eabi/13.2.1/../../../arm-none-eabi/lib/thumb/v7e-m+fp/hard/libc_nano.a(libc_a-assert.o)
 .debug_info    0x0001c691     0x1f25 /usr/lib/gcc/arm-none-eabi/13.2.1/../../../arm-none-eabi/lib/thumb/v7e-m+fp/hard/libc_nano.a(libc_a-mprec.o)
 .debug_info    0x0001e5b6      0x778 /usr/lib/gcc/arm-none-eabi/13.2.1/../../../arm-none-eabi/lib/thumb/v7e-m+fp/hard/libc_nano.a(libc_a-sbrkr.o)
 .debug_info    0x0001ed2e      0xa80 /usr/lib/gcc/arm-none-eabi/13.2.1/../../../arm-none-eabi/lib/thumb/v7e-m+fp/hard/libc_nano.a(libc_a-stdio.o)
 .debug_info    0x0001f7ae      0x70b /usr/lib/gcc/arm-none-eabi/13.2.1/../../../arm-none-eabi/lib/thumb/v7e-m+fp/hard/libc_nano.a(libc_a-impure.o)
 .debug_info    0x0001feb9      0xa0e /usr/lib/gcc/arm-none-eabi/13.2.1/../../../arm-none-eabi/lib/thumb/v7e-m+fp/hard/libc_nano.a(libc_a-localeconv.o)
 .debug_info    0x000208c7      0xaf1 /usr/lib/gcc/arm-none-eabi/13.2.1/../../../arm-none-eabi/lib/thumb/v7e-m+fp/hard/libc_nano.a(libc_a-fvwrite.o)
 .debug_info    0x000213b8       0xd8 /usr/lib/gcc/arm-none-eabi/13.2.1/../../../arm-none-eabi/lib/thumb/v7e-m+fp/hard/libc_nano.a(libc_a-abort.o)
 .debug_info    0x00021490      0x752 /usr/lib/gcc/arm-none-eabi/13.2.1/../../../arm-none-eabi/lib/thumb/v7e-m+fp/hard/libc_nano.a(libc_a-closer.o)
 .debug_info    0x00021be2       0x33 /usr/lib/gcc/arm-none-eabi/13.2.1/../../../arm-none-eabi/lib/thumb/v7e-m+fp/hard/libc_nano.a(libc_a-strlen.o)
 .debug_info    0x00021c15      0x7c9 /usr/lib/gcc/arm-none-eabi/13.2.1/../../../arm-none-eabi/lib/thumb/v7e-m+fp/hard/libc_nano.a(libc_a-callocr.o)
 .debug_info    0x000223de      0xbb9 /usr/lib/gcc/arm-none-eabi/13.2.1/../../../arm-none-eabi/lib/thumb/v7e-m+fp/hard/libc_nano.a(libc_a-locale.o)
 .debug_info    0x00022f97      0x148 /usr/lib/gcc/arm-none-eabi/13.2.1/../../../arm-none-eabi/lib/thumb/v7e-m+fp/hard/libc_nano.a(libc_a-memmove.o)
 .debug_info    0x000230df      0xa6c /usr/lib/gcc/arm-none-eabi/13.2.1/../../../arm-none-eabi/lib/thumb/v7e-m+fp/hard/libc_nano.a(libc_a-wctomb_r.o)
 .debug_info    0x00023b4b       0x25 /usr/lib/gcc/arm-none-eabi/13.2.1/../../../arm-none-eabi/lib/thumb/v7e-m+fp/hard/libc_nano.a(libc_a-memchr.o)
 .debug_info    0x00023b70      0x7b5 /usr/lib/gcc/arm-none-eabi/13.2.1/../../../arm-none-eabi/lib/thumb/v7e-m+fp/hard/libc_nano.a(libc_a-readr.o)
 .debug_info    0x00024325      0x85d /usr/lib/gcc/arm-none-eabi/13.2.1/../../../arm-none-eabi/lib/thumb/v7e-m+fp/hard/libc_nano.a(libc_a-fprintf.o)
 .debug_info    0x00024b82      0x89f /usr/lib/gcc/arm-none-eabi/13.2.1/../../../arm-none-eabi/lib/thumb/v7e-m+fp/hard/libc_nano.a(libc_a-reent.o)
 .debug_info    0x00025421      0x8cd /usr/lib/gcc/arm-none-eabi/13.2.1/../../../arm-none-eabi/lib/thumb/v7e-m+fp/hard/libc_nano.a(libc_a-reallocr.o)
 .debug_info    0x00025cee      0x977 /usr/lib/gcc/arm-none-eabi/13.2.1/../../../arm-none-eabi/lib/thumb/v7e-m+fp/hard/libc_nano.a(libc_a-fstatr.o)
 .debug_info    0x00026665      0x79e /usr/lib/gcc/arm-none-eabi/13.2.1/../../../arm-none-eabi/lib/thumb/v7e-m+fp/hard/libc_nano.a(libc_a-lseekr.o)
 .debug_info    0x00026e03       0xb9 /usr/lib/gcc/arm-none-eabi/13.2.1/../../../arm-none-eabi/lib/thumb/v7e-m+fp/hard/libc_nano.a(libc_a-ctype_.o)
 .debug_info    0x00026ebc      0x7bb /usr/lib/gcc/arm-none-eabi/13.2.1/../../../arm-none-eabi/lib/thumb/v7e-m+fp/hard/libc_nano.a(libc_a-writer.o)
 .debug_info    0x00027677      0x78a /usr/lib/gcc/arm-none-eabi/13.2.1/../../../arm-none-eabi/lib/thumb/v7e-m+fp/hard/libc_nano.a(libc_a-msizer.o)
 .debug_info    0x00027e01      0xab0 /usr/lib/gcc/arm-none-eabi/13.2.1/../../../arm-none-eabi/lib/thumb/v7e-m+fp/hard/libc_nano.a(libc_a-mbtowc_r.o)
 .debug_info    0x000288b1      0xc39 /usr/lib/gcc/arm-none-eabi/13.2.1/../../../arm-none-eabi/lib/thumb/v7e-m+fp/hard/libc_nano.a(libc_a-signal.o)
 .debug_info    0x000294ea      0x7df /usr/lib/gcc/arm-none-eabi/13.2.1/../../../arm-none-eabi/lib/thumb/v7e-m+fp/hard/libc_nano.a(libc_a-signalr.o)
 .debug_info    0x00029cc9      0x107 /usr/lib/gcc/arm-none-eabi/13.2.1/../../../arm-none-eabi/lib/thumb/v7e-m+fp/hard/libm.a(libm_a-w_atan2.o)
 .debug_info    0x00029dd0      0x331 /usr/lib/gcc/arm-none-eabi/13.2.1/../../../arm-none-eabi/lib/thumb/v7e-m+fp/hard/libm.a(libm_a-e_atan2.o)
 .debug_info    0x0002a101      0x485 /usr/lib/gcc/arm-none-eabi/13.2.1/../../../arm-none-eabi/lib/thumb/v7e-m+fp/hard/libm.a(libm_a-s_atan.o)
 .debug_info    0x0002a586      0x14b /usr/lib/gcc/arm-none-eabi/13.2.1/../../../arm-none-eabi/lib/thumb/v7e-m+fp/hard/libm.a(libm_a-s_fabs.o)
 .debug_info    0x0002a6d1       0xd3 /usr/lib/gcc/arm-none-eabi/13.2.1/thumb/v7e-m+fp/hard/libgcc.a(_arm_addsubdf3.o)
 .debug_info    0x0002a7a4       0x57 /usr/lib/gcc/arm-none-eabi/13.2.1/thumb/v7e-m+fp/hard/libgcc.a(_arm_muldivdf3.o)
 .debug_info    0x0002a7fb       0xdf /usr/lib/gcc/arm-none-eabi/13.2.1/thumb/v7e-m+fp/hard/libgcc.a(_arm_cmpdf2.o)
 .debug_info    0x0002a8da       0x3c /usr/lib/gcc/arm-none-eabi/13.2.1/thumb/v7e-m+fp/hard/libgcc.a(_arm_unorddf2.o)
 .debug_info    0x0002a916       0x3c /usr/lib/gcc/arm-none-eabi/13.2.1/thumb/v7e-m+fp/hard/libgcc.a(_arm_fixdfsi.o)
 .debug_info    0x0002a952       0x3f /usr/lib/gcc/arm-none-eabi/13.2.1/thumb/v7e-m+fp/hard/libgcc.a(_arm_truncdfsf2.o)

.debug_abbrev   0x00000000     0x85d3
 .debug_abbrev  0x00000000      0x139 build/main.o
 .debug_abbrev  0x00000139      0x24e build/stm32f4xx_it.o
 .debug_abbrev  0x00000387      0x1ea build/syscalls.o
 .debug_abbrev  0x00000571       0xeb build/sysmem.o
 .debug_abbrev  0x0000065c      0x26b build/stm32f4xx_gpio.o
 .debug_abbrev  0x000008c7      0x240 build/stm32f4xx_rcc.o
 .debug_abbrev  0x00000b07      0x20e build/stm32f4xx_usart.o
 .debug_abbrev  0x00000d15      0x245 build/stm32f4xx_adc.o
 .debug_abbrev  0x00000f5a      0x206 build/stm32f4xx_tim.o
 .debug_abbrev  0x00001160      0x1bc build/stm32f4xx_dma.o
 .debug_abbrev  0x0000131c      0x21d build/stm32f4xx_sdio.o
 .debug_abbrev  0x00001539      0x189 build/system_stm32f4xx.o
 .debug_abbrev  0x000016c2      0x1a1 build/delay.o
 .debug_abbrev  0x00001863      0x264 build/mpu6050.o
 .debug_abbrev  0x00001ac7      0x210 build/myiic.o
 .debug_abbrev  0x00001cd7      0x302 build/sdio_sd.o
 .debug_abbrev  0x00001fd9      0x2aa build/task.o
 .debug_abbrev  0x00002283      0x224 build/usart.o
 .debug_abbrev  0x000024a7       0x1d build/startup_stm32f40xx.o
 .debug_abbrev  0x000024c4      0x29c /usr/lib/gcc/arm-none-eabi/13.2.1/../../../arm-none-eabi/lib/thumb/v7e-m+fp/hard/libc_nano.a(libc_a-puts.o)
 .debug_abbrev  0x00002760      0x408 /usr/lib/gcc/arm-none-eabi/13.2.1/../../../arm-none-eabi/lib/thumb/v7e-m+fp/hard/libc_nano.a(libc_a-findfp.o)
 .debug_abbrev  0x00002b68       0xb7 /usr/lib/gcc/arm-none-eabi/13.2.1/../../../arm-none-eabi/lib/thumb/v7e-m+fp/hard/libc_nano.a(libc_a-memset.o)
 .debug_abbrev  0x00002c1f      0x2e4 /usr/lib/gcc/arm-none-eabi/13.2.1/../../../arm-none-eabi/lib/thumb/v7e-m+fp/hard/libc_nano.a(libc_a-fflush.o)
 .debug_abbrev  0x00002f03      0x15e /usr/lib/gcc/arm-none-eabi/13.2.1/../../../arm-none-eabi/lib/thumb/v7e-m+fp/hard/libc_nano.a(libc_a-errno.o)
 .debug_abbrev  0x00003061      0x2e2 /usr/lib/gcc/arm-none-eabi/13.2.1/../../../arm-none-eabi/lib/thumb/v7e-m+fp/hard/libc_nano.a(libc_a-nano-vfprintf_float.o)
 .debug_abbrev  0x00003343      0x24a /usr/lib/gcc/arm-none-eabi/13.2.1/../../../arm-none-eabi/lib/thumb/v7e-m+fp/hard/libc_nano.a(libc_a-mallocr.o)
 .debug_abbrev  0x0000358d      0x333 /usr/lib/gcc/arm-none-eabi/13.2.1/../../../arm-none-eabi/lib/thumb/v7e-m+fp/hard/libc_nano.a(libc_a-dtoa.o)
 .debug_abbrev  0x000038c0      0x249 /usr/lib/gcc/arm-none-eabi/13.2.1/../../../arm-none-eabi/lib/thumb/v7e-m+fp/hard/libc_nano.a(libc_a-freer.o)
 .debug_abbrev  0x00003b09      0x19b /usr/lib/gcc/arm-none-eabi/13.2.1/../../../arm-none-eabi/lib/thumb/v7e-m+fp/hard/libc_nano.a(libc_a-fwalk.o)
 .debug_abbrev  0x00003ca4      0x1e2 /usr/lib/gcc/arm-none-eabi/13.2.1/../../../arm-none-eabi/lib/thumb/v7e-m+fp/hard/libc_nano.a(libc_a-wsetup.o)
 .debug_abbrev  0x00003e86       0x28 /usr/lib/gcc/arm-none-eabi/13.2.1/../../../arm-none-eabi/lib/thumb/v7e-m+fp/hard/libc_nano.a(libc_a-memcpy.o)
 .debug_abbrev  0x00003eae      0x1cf /usr/lib/gcc/arm-none-eabi/13.2.1/../../../arm-none-eabi/lib/thumb/v7e-m+fp/hard/libc_nano.a(libc_a-malloc.o)
 .debug_abbrev  0x0000407d      0x284 /usr/lib/gcc/arm-none-eabi/13.2.1/../../../arm-none-eabi/lib/thumb/v7e-m+fp/hard/libc_nano.a(libc_a-nano-vfprintf_i.o)
 .debug_abbrev  0x00004301      0x192 /usr/lib/gcc/arm-none-eabi/13.2.1/../../../arm-none-eabi/lib/thumb/v7e-m+fp/hard/libc_nano.a(libc_a-mlock.o)
 .debug_abbrev  0x00004493      0x29d /usr/lib/gcc/arm-none-eabi/13.2.1/../../../arm-none-eabi/lib/thumb/v7e-m+fp/hard/libc_nano.a(libc_a-makebuf.o)
 .debug_abbrev  0x00004730      0x21a /usr/lib/gcc/arm-none-eabi/13.2.1/../../../arm-none-eabi/lib/thumb/v7e-m+fp/hard/libc_nano.a(libc_a-printf.o)
 .debug_abbrev  0x0000494a      0x1b0 /usr/lib/gcc/arm-none-eabi/13.2.1/../../../arm-none-eabi/lib/thumb/v7e-m+fp/hard/libc_nano.a(libc_a-isattyr.o)
 .debug_abbrev  0x00004afa      0x36e /usr/lib/gcc/arm-none-eabi/13.2.1/../../../arm-none-eabi/lib/thumb/v7e-m+fp/hard/libc_nano.a(libc_a-nano-vfprintf.o)
 .debug_abbrev  0x00004e68      0x236 /usr/lib/gcc/arm-none-eabi/13.2.1/../../../arm-none-eabi/lib/thumb/v7e-m+fp/hard/libc_nano.a(libc_a-wbuf.o)
 .debug_abbrev  0x0000509e      0x1ea /usr/lib/gcc/arm-none-eabi/13.2.1/../../../arm-none-eabi/lib/thumb/v7e-m+fp/hard/libc_nano.a(libc_a-assert.o)
 .debug_abbrev  0x00005288      0x493 /usr/lib/gcc/arm-none-eabi/13.2.1/../../../arm-none-eabi/lib/thumb/v7e-m+fp/hard/libc_nano.a(libc_a-mprec.o)
 .debug_abbrev  0x0000571b      0x1da /usr/lib/gcc/arm-none-eabi/13.2.1/../../../arm-none-eabi/lib/thumb/v7e-m+fp/hard/libc_nano.a(libc_a-sbrkr.o)
 .debug_abbrev  0x000058f5      0x224 /usr/lib/gcc/arm-none-eabi/13.2.1/../../../arm-none-eabi/lib/thumb/v7e-m+fp/hard/libc_nano.a(libc_a-stdio.o)
 .debug_abbrev  0x00005b19      0x149 /usr/lib/gcc/arm-none-eabi/13.2.1/../../../arm-none-eabi/lib/thumb/v7e-m+fp/hard/libc_nano.a(libc_a-impure.o)
 .debug_abbrev  0x00005c62      0x22e /usr/lib/gcc/arm-none-eabi/13.2.1/../../../arm-none-eabi/lib/thumb/v7e-m+fp/hard/libc_nano.a(libc_a-localeconv.o)
 .debug_abbrev  0x00005e90      0x21b /usr/lib/gcc/arm-none-eabi/13.2.1/../../../arm-none-eabi/lib/thumb/v7e-m+fp/hard/libc_nano.a(libc_a-fvwrite.o)
 .debug_abbrev  0x000060ab       0x99 /usr/lib/gcc/arm-none-eabi/13.2.1/../../../arm-none-eabi/lib/thumb/v7e-m+fp/hard/libc_nano.a(libc_a-abort.o)
 .debug_abbrev  0x00006144      0x1b0 /usr/lib/gcc/arm-none-eabi/13.2.1/../../../arm-none-eabi/lib/thumb/v7e-m+fp/hard/libc_nano.a(libc_a-closer.o)
 .debug_abbrev  0x000062f4       0x28 /usr/lib/gcc/arm-none-eabi/13.2.1/../../../arm-none-eabi/lib/thumb/v7e-m+fp/hard/libc_nano.a(libc_a-strlen.o)
 .debug_abbrev  0x0000631c      0x1cd /usr/lib/gcc/arm-none-eabi/13.2.1/../../../arm-none-eabi/lib/thumb/v7e-m+fp/hard/libc_nano.a(libc_a-callocr.o)
 .debug_abbrev  0x000064e9      0x29d /usr/lib/gcc/arm-none-eabi/13.2.1/../../../arm-none-eabi/lib/thumb/v7e-m+fp/hard/libc_nano.a(libc_a-locale.o)
 .debug_abbrev  0x00006786       0xc3 /usr/lib/gcc/arm-none-eabi/13.2.1/../../../arm-none-eabi/lib/thumb/v7e-m+fp/hard/libc_nano.a(libc_a-memmove.o)
 .debug_abbrev  0x00006849      0x212 /usr/lib/gcc/arm-none-eabi/13.2.1/../../../arm-none-eabi/lib/thumb/v7e-m+fp/hard/libc_nano.a(libc_a-wctomb_r.o)
 .debug_abbrev  0x00006a5b       0x14 /usr/lib/gcc/arm-none-eabi/13.2.1/../../../arm-none-eabi/lib/thumb/v7e-m+fp/hard/libc_nano.a(libc_a-memchr.o)
 .debug_abbrev  0x00006a6f      0x1b0 /usr/lib/gcc/arm-none-eabi/13.2.1/../../../arm-none-eabi/lib/thumb/v7e-m+fp/hard/libc_nano.a(libc_a-readr.o)
 .debug_abbrev  0x00006c1f      0x21d /usr/lib/gcc/arm-none-eabi/13.2.1/../../../arm-none-eabi/lib/thumb/v7e-m+fp/hard/libc_nano.a(libc_a-fprintf.o)
 .debug_abbrev  0x00006e3c      0x1ee /usr/lib/gcc/arm-none-eabi/13.2.1/../../../arm-none-eabi/lib/thumb/v7e-m+fp/hard/libc_nano.a(libc_a-reent.o)
 .debug_abbrev  0x0000702a      0x20c /usr/lib/gcc/arm-none-eabi/13.2.1/../../../arm-none-eabi/lib/thumb/v7e-m+fp/hard/libc_nano.a(libc_a-reallocr.o)
 .debug_abbrev  0x00007236      0x1c3 /usr/lib/gcc/arm-none-eabi/13.2.1/../../../arm-none-eabi/lib/thumb/v7e-m+fp/hard/libc_nano.a(libc_a-fstatr.o)
 .debug_abbrev  0x000073f9      0x1c4 /usr/lib/gcc/arm-none-eabi/13.2.1/../../../arm-none-eabi/lib/thumb/v7e-m+fp/hard/libc_nano.a(libc_a-lseekr.o)
 .debug_abbrev  0x000075bd       0x62 /usr/lib/gcc/arm-none-eabi/13.2.1/../../../arm-none-eabi/lib/thumb/v7e-m+fp/hard/libc_nano.a(libc_a-ctype_.o)
 .debug_abbrev  0x0000761f      0x1b5 /usr/lib/gcc/arm-none-eabi/13.2.1/../../../arm-none-eabi/lib/thumb/v7e-m+fp/hard/libc_nano.a(libc_a-writer.o)
 .debug_abbrev  0x000077d4      0x196 /usr/lib/gcc/arm-none-eabi/13.2.1/../../../arm-none-eabi/lib/thumb/v7e-m+fp/hard/libc_nano.a(libc_a-msizer.o)
 .debug_abbrev  0x0000796a      0x208 /usr/lib/gcc/arm-none-eabi/13.2.1/../../../arm-none-eabi/lib/thumb/v7e-m+fp/hard/libc_nano.a(libc_a-mbtowc_r.o)
 .debug_abbrev  0x00007b72      0x2d7 /usr/lib/gcc/arm-none-eabi/13.2.1/../../../arm-none-eabi/lib/thumb/v7e-m+fp/hard/libc_nano.a(libc_a-signal.o)
 .debug_abbrev  0x00007e49      0x1fd /usr/lib/gcc/arm-none-eabi/13.2.1/../../../arm-none-eabi/lib/thumb/v7e-m+fp/hard/libc_nano.a(libc_a-signalr.o)
 .debug_abbrev  0x00008046       0x8d /usr/lib/gcc/arm-none-eabi/13.2.1/../../../arm-none-eabi/lib/thumb/v7e-m+fp/hard/libm.a(libm_a-w_atan2.o)
 .debug_abbrev  0x000080d3      0x197 /usr/lib/gcc/arm-none-eabi/13.2.1/../../../arm-none-eabi/lib/thumb/v7e-m+fp/hard/libm.a(libm_a-e_atan2.o)
 .debug_abbrev  0x0000826a      0x18d /usr/lib/gcc/arm-none-eabi/13.2.1/../../../arm-none-eabi/lib/thumb/v7e-m+fp/hard/libm.a(libm_a-s_atan.o)
 .debug_abbrev  0x000083f7       0xec /usr/lib/gcc/arm-none-eabi/13.2.1/../../../arm-none-eabi/lib/thumb/v7e-m+fp/hard/libm.a(libm_a-s_fabs.o)
 .debug_abbrev  0x000084e3       0x28 /usr/lib/gcc/arm-none-eabi/13.2.1/thumb/v7e-m+fp/hard/libgcc.a(_arm_addsubdf3.o)
 .debug_abbrev  0x0000850b       0x28 /usr/lib/gcc/arm-none-eabi/13.2.1/thumb/v7e-m+fp/hard/libgcc.a(_arm_muldivdf3.o)
 .debug_abbrev  0x00008533       0x28 /usr/lib/gcc/arm-none-eabi/13.2.1/thumb/v7e-m+fp/hard/libgcc.a(_arm_cmpdf2.o)
 .debug_abbrev  0x0000855b       0x28 /usr/lib/gcc/arm-none-eabi/13.2.1/thumb/v7e-m+fp/hard/libgcc.a(_arm_unorddf2.o)
 .debug_abbrev  0x00008583       0x28 /usr/lib/gcc/arm-none-eabi/13.2.1/thumb/v7e-m+fp/hard/libgcc.a(_arm_fixdfsi.o)
 .debug_abbrev  0x000085ab       0x28 /usr/lib/gcc/arm-none-eabi/13.2.1/thumb/v7e-m+fp/hard/libgcc.a(_arm_truncdfsf2.o)

.debug_loc      0x00000000     0x88de
 .debug_loc     0x00000000       0x60 build/main.o
 .debug_loc     0x00000060      0x331 build/stm32f4xx_it.o
 .debug_loc     0x00000391      0x583 build/syscalls.o
 .debug_loc     0x00000914       0x90 build/sysmem.o
 .debug_loc     0x000009a4      0x589 build/stm32f4xx_gpio.o
 .debug_loc     0x00000f2d      0x857 build/stm32f4xx_rcc.o
 .debug_loc     0x00001784      0x9c7 build/stm32f4xx_usart.o
 .debug_loc     0x0000214b      0xc56 build/stm32f4xx_adc.o
 .debug_loc     0x00002da1     0x1c8d build/stm32f4xx_tim.o
 .debug_loc     0x00004a2e      0x587 build/stm32f4xx_dma.o
 .debug_loc     0x00004fb5      0x337 build/stm32f4xx_sdio.o
 .debug_loc     0x000052ec      0x1d9 build/system_stm32f4xx.o
 .debug_loc     0x000054c5      0x1bf build/delay.o
 .debug_loc     0x00005684      0x7f3 build/mpu6050.o
 .debug_loc     0x00005e77      0x3a7 build/myiic.o
 .debug_loc     0x0000621e     0x2305 build/sdio_sd.o
 .debug_loc     0x00008523      0x1c0 build/task.o
 .debug_loc     0x000086e3      0x1fb build/usart.o

.debug_aranges  0x00000000     0x1558
 .debug_aranges
                0x00000000       0x30 build/main.o
 .debug_aranges
                0x00000030       0x98 build/stm32f4xx_it.o
 .debug_aranges
                0x000000c8       0xa8 build/syscalls.o
 .debug_aranges
                0x00000170       0x20 build/sysmem.o
 .debug_aranges
                0x00000190       0x88 build/stm32f4xx_gpio.o
 .debug_aranges
                0x00000218      0x1c0 build/stm32f4xx_rcc.o
 .debug_aranges
                0x000003d8      0x100 build/stm32f4xx_usart.o
 .debug_aranges
                0x000004d8      0x148 build/stm32f4xx_adc.o
 .debug_aranges
                0x00000620      0x2f8 build/stm32f4xx_tim.o
 .debug_aranges
                0x00000918       0xb0 build/stm32f4xx_dma.o
 .debug_aranges
                0x000009c8      0x108 build/stm32f4xx_sdio.o
 .debug_aranges
                0x00000ad0       0x30 build/system_stm32f4xx.o
 .debug_aranges
                0x00000b00       0x30 build/delay.o
 .debug_aranges
                0x00000b30       0x90 build/mpu6050.o
 .debug_aranges
                0x00000bc0       0x70 build/myiic.o
 .debug_aranges
                0x00000c30      0x158 build/sdio_sd.o
 .debug_aranges
                0x00000d88       0x58 build/task.o
 .debug_aranges
                0x00000de0       0x40 build/usart.o
 .debug_aranges
                0x00000e20       0x28 build/startup_stm32f40xx.o
 .debug_aranges
                0x00000e48       0x20 /usr/lib/gcc/arm-none-eabi/13.2.1/../../../arm-none-eabi/lib/thumb/v7e-m+fp/hard/libc_nano.a(libc_a-puts.o)
 .debug_aranges
                0x00000e68       0x20 /usr/lib/gcc/arm-none-eabi/13.2.1/../../../arm-none-eabi/lib/thumb/v7e-m+fp/hard/libc_nano.a(libc_a-findfp.o)
 .debug_aranges
                0x00000e88       0x20 /usr/lib/gcc/arm-none-eabi/13.2.1/../../../arm-none-eabi/lib/thumb/v7e-m+fp/hard/libc_nano.a(libc_a-memset.o)
 .debug_aranges
                0x00000ea8       0x20 /usr/lib/gcc/arm-none-eabi/13.2.1/../../../arm-none-eabi/lib/thumb/v7e-m+fp/hard/libc_nano.a(libc_a-fflush.o)
 .debug_aranges
                0x00000ec8       0x20 /usr/lib/gcc/arm-none-eabi/13.2.1/../../../arm-none-eabi/lib/thumb/v7e-m+fp/hard/libc_nano.a(libc_a-errno.o)
 .debug_aranges
                0x00000ee8       0x20 /usr/lib/gcc/arm-none-eabi/13.2.1/../../../arm-none-eabi/lib/thumb/v7e-m+fp/hard/libc_nano.a(libc_a-nano-vfprintf_float.o)
 .debug_aranges
                0x00000f08       0x20 /usr/lib/gcc/arm-none-eabi/13.2.1/../../../arm-none-eabi/lib/thumb/v7e-m+fp/hard/libc_nano.a(libc_a-mallocr.o)
 .debug_aranges
                0x00000f28       0x20 /usr/lib/gcc/arm-none-eabi/13.2.1/../../../arm-none-eabi/lib/thumb/v7e-m+fp/hard/libc_nano.a(libc_a-dtoa.o)
 .debug_aranges
                0x00000f48       0x20 /usr/lib/gcc/arm-none-eabi/13.2.1/../../../arm-none-eabi/lib/thumb/v7e-m+fp/hard/libc_nano.a(libc_a-freer.o)
 .debug_aranges
                0x00000f68       0x20 /usr/lib/gcc/arm-none-eabi/13.2.1/../../../arm-none-eabi/lib/thumb/v7e-m+fp/hard/libc_nano.a(libc_a-fwalk.o)
 .debug_aranges
                0x00000f88       0x20 /usr/lib/gcc/arm-none-eabi/13.2.1/../../../arm-none-eabi/lib/thumb/v7e-m+fp/hard/libc_nano.a(libc_a-wsetup.o)
 .debug_aranges
                0x00000fa8       0x20 /usr/lib/gcc/arm-none-eabi/13.2.1/../../../arm-none-eabi/lib/thumb/v7e-m+fp/hard/libc_nano.a(libc_a-memcpy.o)
 .debug_aranges
                0x00000fc8       0x20 /usr/lib/gcc/arm-none-eabi/13.2.1/../../../arm-none-eabi/lib/thumb/v7e-m+fp/hard/libc_nano.a(libc_a-malloc.o)
 .debug_aranges
                0x00000fe8       0x20 /usr/lib/gcc/arm-none-eabi/13.2.1/../../../arm-none-eabi/lib/thumb/v7e-m+fp/hard/libc_nano.a(libc_a-nano-vfprintf_i.o)
 .debug_aranges
                0x00001008       0x20 /usr/lib/gcc/arm-none-eabi/13.2.1/../../../arm-none-eabi/lib/thumb/v7e-m+fp/hard/libc_nano.a(libc_a-mlock.o)
 .debug_aranges
                0x00001028       0x20 /usr/lib/gcc/arm-none-eabi/13.2.1/../../../arm-none-eabi/lib/thumb/v7e-m+fp/hard/libc_nano.a(libc_a-makebuf.o)
 .debug_aranges
                0x00001048       0x20 /usr/lib/gcc/arm-none-eabi/13.2.1/../../../arm-none-eabi/lib/thumb/v7e-m+fp/hard/libc_nano.a(libc_a-printf.o)
 .debug_aranges
                0x00001068       0x20 /usr/lib/gcc/arm-none-eabi/13.2.1/../../../arm-none-eabi/lib/thumb/v7e-m+fp/hard/libc_nano.a(libc_a-isattyr.o)
 .debug_aranges
                0x00001088       0x20 /usr/lib/gcc/arm-none-eabi/13.2.1/../../../arm-none-eabi/lib/thumb/v7e-m+fp/hard/libc_nano.a(libc_a-nano-vfprintf.o)
 .debug_aranges
                0x000010a8       0x20 /usr/lib/gcc/arm-none-eabi/13.2.1/../../../arm-none-eabi/lib/thumb/v7e-m+fp/hard/libc_nano.a(libc_a-wbuf.o)
 .debug_aranges
                0x000010c8       0x20 /usr/lib/gcc/arm-none-eabi/13.2.1/../../../arm-none-eabi/lib/thumb/v7e-m+fp/hard/libc_nano.a(libc_a-assert.o)
 .debug_aranges
                0x000010e8       0x20 /usr/lib/gcc/arm-none-eabi/13.2.1/../../../arm-none-eabi/lib/thumb/v7e-m+fp/hard/libc_nano.a(libc_a-mprec.o)
 .debug_aranges
                0x00001108       0x20 /usr/lib/gcc/arm-none-eabi/13.2.1/../../../arm-none-eabi/lib/thumb/v7e-m+fp/hard/libc_nano.a(libc_a-sbrkr.o)
 .debug_aranges
                0x00001128       0x20 /usr/lib/gcc/arm-none-eabi/13.2.1/../../../arm-none-eabi/lib/thumb/v7e-m+fp/hard/libc_nano.a(libc_a-stdio.o)
 .debug_aranges
                0x00001148       0x18 /usr/lib/gcc/arm-none-eabi/13.2.1/../../../arm-none-eabi/lib/thumb/v7e-m+fp/hard/libc_nano.a(libc_a-impure.o)
 .debug_aranges
                0x00001160       0x20 /usr/lib/gcc/arm-none-eabi/13.2.1/../../../arm-none-eabi/lib/thumb/v7e-m+fp/hard/libc_nano.a(libc_a-localeconv.o)
 .debug_aranges
                0x00001180       0x20 /usr/lib/gcc/arm-none-eabi/13.2.1/../../../arm-none-eabi/lib/thumb/v7e-m+fp/hard/libc_nano.a(libc_a-fvwrite.o)
 .debug_aranges
                0x000011a0       0x20 /usr/lib/gcc/arm-none-eabi/13.2.1/../../../arm-none-eabi/lib/thumb/v7e-m+fp/hard/libc_nano.a(libc_a-abort.o)
 .debug_aranges
                0x000011c0       0x20 /usr/lib/gcc/arm-none-eabi/13.2.1/../../../arm-none-eabi/lib/thumb/v7e-m+fp/hard/libc_nano.a(libc_a-closer.o)
 .debug_aranges
                0x000011e0       0x20 /usr/lib/gcc/arm-none-eabi/13.2.1/../../../arm-none-eabi/lib/thumb/v7e-m+fp/hard/libc_nano.a(libc_a-strlen.o)
 .debug_aranges
                0x00001200       0x20 /usr/lib/gcc/arm-none-eabi/13.2.1/../../../arm-none-eabi/lib/thumb/v7e-m+fp/hard/libc_nano.a(libc_a-callocr.o)
 .debug_aranges
                0x00001220       0x20 /usr/lib/gcc/arm-none-eabi/13.2.1/../../../arm-none-eabi/lib/thumb/v7e-m+fp/hard/libc_nano.a(libc_a-locale.o)
 .debug_aranges
                0x00001240       0x20 /usr/lib/gcc/arm-none-eabi/13.2.1/../../../arm-none-eabi/lib/thumb/v7e-m+fp/hard/libc_nano.a(libc_a-memmove.o)
 .debug_aranges
                0x00001260       0x20 /usr/lib/gcc/arm-none-eabi/13.2.1/../../../arm-none-eabi/lib/thumb/v7e-m+fp/hard/libc_nano.a(libc_a-wctomb_r.o)
 .debug_aranges