Archive member included to satisfy reference by file (symbol)

/usr/lib/gcc/arm-none-eabi/13.2.1/../../../arm-none-eabi/lib/thumb/v7e-m+fp/hard/libc_nano.a(libc_a-sprintf.o)
                              build/rtc.o (sprintf)
/usr/lib/gcc/arm-none-eabi/13.2.1/../../../arm-none-eabi/lib/thumb/v7e-m+fp/hard/libc_nano.a(libc_a-vsnprintf.o)
                              build/ulog.o (vsnprintf)
/usr/lib/gcc/arm-none-eabi/13.2.1/../../../arm-none-eabi/lib/thumb/v7e-m+fp/hard/libc_nano.a(libc_a-impure.o)
                              /usr/lib/gcc/arm-none-eabi/13.2.1/../../../arm-none-eabi/lib/thumb/v7e-m+fp/hard/libc_nano.a(libc_a-sprintf.o) (_impure_ptr)
/usr/lib/gcc/arm-none-eabi/13.2.1/../../../arm-none-eabi/lib/thumb/v7e-m+fp/hard/libc_nano.a(libc_a-nano-svfprintf.o)
                              /usr/lib/gcc/arm-none-eabi/13.2.1/../../../arm-none-eabi/lib/thumb/v7e-m+fp/hard/libc_nano.a(libc_a-sprintf.o) (_svfprintf_r)
/usr/lib/gcc/arm-none-eabi/13.2.1/../../../arm-none-eabi/lib/thumb/v7e-m+fp/hard/libc_nano.a(libc_a-init.o)
                              /usr/lib/gcc/arm-none-eabi/13.2.1/../../../arm-none-eabi/lib/thumb/v7e-m+fp/hard/crt0.o (__libc_init_array)
/usr/lib/gcc/arm-none-eabi/13.2.1/../../../arm-none-eabi/lib/thumb/v7e-m+fp/hard/libc_nano.a(libc_a-puts.o)
                              build/main.o (puts)
/usr/lib/gcc/arm-none-eabi/13.2.1/../../../arm-none-eabi/lib/thumb/v7e-m+fp/hard/libc_nano.a(libc_a-findfp.o)
                              /usr/lib/gcc/arm-none-eabi/13.2.1/../../../arm-none-eabi/lib/thumb/v7e-m+fp/hard/libc_nano.a(libc_a-puts.o) (__sinit)
/usr/lib/gcc/arm-none-eabi/13.2.1/../../../arm-none-eabi/lib/thumb/v7e-m+fp/hard/libc_nano.a(libc_a-memset.o)
                              /usr/lib/gcc/arm-none-eabi/13.2.1/../../../arm-none-eabi/lib/thumb/v7e-m+fp/hard/crt0.o (memset)
/usr/lib/gcc/arm-none-eabi/13.2.1/../../../arm-none-eabi/lib/thumb/v7e-m+fp/hard/libc_nano.a(libc_a-fflush.o)
                              /usr/lib/gcc/arm-none-eabi/13.2.1/../../../arm-none-eabi/lib/thumb/v7e-m+fp/hard/libc_nano.a(libc_a-findfp.o) (_fflush_r)
/usr/lib/gcc/arm-none-eabi/13.2.1/../../../arm-none-eabi/lib/thumb/v7e-m+fp/hard/libc_nano.a(libc_a-errno.o)
                              build/syscalls.o (__errno)
/usr/lib/gcc/arm-none-eabi/13.2.1/../../../arm-none-eabi/lib/thumb/v7e-m+fp/hard/libc_nano.a(libc_a-nano-vfprintf_float.o)
                              /usr/lib/gcc/arm-none-eabi/13.2.1/../../../arm-none-eabi/lib/thumb/v7e-m+fp/hard/libc_nano.a(libc_a-nano-svfprintf.o) (_printf_float)
/usr/lib/gcc/arm-none-eabi/13.2.1/../../../arm-none-eabi/lib/thumb/v7e-m+fp/hard/libc_nano.a(libc_a-mallocr.o)
                              /usr/lib/gcc/arm-none-eabi/13.2.1/../../../arm-none-eabi/lib/thumb/v7e-m+fp/hard/libc_nano.a(libc_a-nano-svfprintf.o) (_malloc_r)
/usr/lib/gcc/arm-none-eabi/13.2.1/../../../arm-none-eabi/lib/thumb/v7e-m+fp/hard/libc_nano.a(libc_a-dtoa.o)
                              /usr/lib/gcc/arm-none-eabi/13.2.1/../../../arm-none-eabi/lib/thumb/v7e-m+fp/hard/libc_nano.a(libc_a-nano-vfprintf_float.o) (_dtoa_r)
/usr/lib/gcc/arm-none-eabi/13.2.1/../../../arm-none-eabi/lib/thumb/v7e-m+fp/hard/libc_nano.a(libc_a-freer.o)
                              /usr/lib/gcc/arm-none-eabi/13.2.1/../../../arm-none-eabi/lib/thumb/v7e-m+fp/hard/libc_nano.a(libc_a-nano-svfprintf.o) (_free_r)
/usr/lib/gcc/arm-none-eabi/13.2.1/../../../arm-none-eabi/lib/thumb/v7e-m+fp/hard/libc_nano.a(libc_a-memmove.o)
                              /usr/lib/gcc/arm-none-eabi/13.2.1/../../../arm-none-eabi/lib/thumb/v7e-m+fp/hard/libc_nano.a(libc_a-nano-svfprintf.o) (memmove)
/usr/lib/gcc/arm-none-eabi/13.2.1/../../../arm-none-eabi/lib/thumb/v7e-m+fp/hard/libc_nano.a(libc_a-fwalk.o)
                              /usr/lib/gcc/arm-none-eabi/13.2.1/../../../arm-none-eabi/lib/thumb/v7e-m+fp/hard/libc_nano.a(libc_a-findfp.o) (_fwalk_sglue)
/usr/lib/gcc/arm-none-eabi/13.2.1/../../../arm-none-eabi/lib/thumb/v7e-m+fp/hard/libc_nano.a(libc_a-memchr.o)
                              /usr/lib/gcc/arm-none-eabi/13.2.1/../../../arm-none-eabi/lib/thumb/v7e-m+fp/hard/libc_nano.a(libc_a-nano-svfprintf.o) (memchr)
/usr/lib/gcc/arm-none-eabi/13.2.1/../../../arm-none-eabi/lib/thumb/v7e-m+fp/hard/libc_nano.a(libc_a-wsetup.o)
                              /usr/lib/gcc/arm-none-eabi/13.2.1/../../../arm-none-eabi/lib/thumb/v7e-m+fp/hard/libc_nano.a(libc_a-puts.o) (__swsetup_r)
/usr/lib/gcc/arm-none-eabi/13.2.1/../../../arm-none-eabi/lib/thumb/v7e-m+fp/hard/libc_nano.a(libc_a-memcpy.o)
                              /usr/lib/gcc/arm-none-eabi/13.2.1/../../../arm-none-eabi/lib/thumb/v7e-m+fp/hard/libc_nano.a(libc_a-nano-svfprintf.o) (memcpy)
/usr/lib/gcc/arm-none-eabi/13.2.1/../../../arm-none-eabi/lib/thumb/v7e-m+fp/hard/libc_nano.a(libc_a-malloc.o)
                              build/Stack.o (malloc)
/usr/lib/gcc/arm-none-eabi/13.2.1/../../../arm-none-eabi/lib/thumb/v7e-m+fp/hard/libc_nano.a(libc_a-reallocr.o)
[...]
Memory Configuration

Name             Origin             Length             Attributes
RAM              0x20000000         0x00020000         xrw
CCMRAM           0x10000000         0x00010000         xrw
FLASH            0x08000000         0x00080000         xr
*default*        0x00000000         0xffffffff

Linker script and memory map

LOAD /usr/lib/gcc/arm-none-eabi/13.2.1/thumb/v7e-m+fp/hard/crti.o
LOAD /usr/lib/gcc/arm-none-eabi/13.2.1/thumb/v7e-m+fp/hard/crtbegin.o
LOAD /usr/lib/gcc/arm-none-eabi/13.2.1/../../../arm-none-eabi/lib/thumb/v7e-m+fp/hard/crt0.o
LOAD build/main.o
LOAD build/stm32f4xx_it.o
LOAD build/syscalls.o
LOAD build/sysmem.o
LOAD build/misc.o
LOAD build/stm32f4xx_gpio.o
LOAD build/stm32f4xx_rcc.o
LOAD build/stm32f4xx_rtc.o
LOAD build/stm32f4xx_pwr.o
LOAD build/stm32f4xx_usart.o
LOAD build/stm32f4xx_adc.o
LOAD build/stm32f4xx_dac.o
LOAD build/stm32f4xx_flash.o
LOAD build/stm32f4xx_tim.o
LOAD build/stm32f4xx_spi.o
LOAD build/stm32f4xx_i2c.o
LOAD build/stm32f4xx_dma.o
LOAD build/stm32f4xx_exti.o
LOAD build/stm32f4xx_syscfg.o
LOAD build/stm32f4xx_sdio.o
LOAD build/system_stm32f4xx.o
LOAD build/adc1.o
LOAD build/Buzzer.o
LOAD build/DAC.o
LOAD build/delay.o
LOAD build/encoder.o
LOAD build/jy61p.o
LOAD build/key.o
LOAD build/lcd.o
LOAD build/led.o
LOAD build/motor.o
LOAD build/mpu6050.o
LOAD build/myiic.o
LOAD build/oled.o
LOAD build/pid_speed.o
LOAD build/pwm.o
LOAD build/ring_buffer.o
LOAD build/rtc.o
LOAD build/sdio_sd.o
LOAD build/Stack.o
LOAD build/sys.o
LOAD build/task.o
LOAD build/TCRT5000.o
LOAD build/ulog.o
LOAD build/usart.o
LOAD build/inv_mpu.o
LOAD build/inv_mpu_dmp_motion_driver.o
LOAD build/startup_stm32f40xx.o
LOAD /usr/lib/gcc/arm-none-eabi/13.2.1/../../../arm-none-eabi/lib/thumb/v7e-m+fp/hard/libc_nano.a
LOAD /usr/lib/gcc/arm-none-eabi/13.2.1/../../../arm-none-eabi/lib/thumb/v7e-m+fp/hard/libm.a
LOAD /usr/lib/gcc/arm-none-eabi/13.2.1/../../../arm-none-eabi/lib/thumb/v7e-m+fp/hard/libnosys.a
START GROUP
LOAD /usr/lib/gcc/arm-none-eabi/13.2.1/thumb/v7e-m+fp/hard/libgcc.a
LOAD /usr/lib/gcc/arm-none-eabi/13.2.1/../../../arm-none-eabi/lib/thumb/v7e-m+fp/hard/libc_nano.a
END GROUP
START GROUP
LOAD /usr/lib/gcc/arm-none-eabi/13.2.1/thumb/v7e-m+fp/hard/libgcc.a
LOAD /usr/lib/gcc/arm-none-eabi/13.2.1/../../../arm-none-eabi/lib/thumb/v7e-m+fp/hard/libc_nano.a
END GROUP
LOAD /usr/lib/gcc/arm-none-eabi/13.2.1/thumb/v7e-m+fp/hard/crtend.o
LOAD /usr/lib/gcc/arm-none-eabi/13.2.1/thumb/v7e-m+fp/hard/crtn.o
                0x20020000                        _estack = (ORIGIN (RAM) + LENGTH (RAM))
                0x00000200                        _Min_Heap_Size = 0x200
                0x00000400                        _Min_Stack_Size = 0x400

.isr_vector     0x08000000      0x188
                0x08000000                        . = ALIGN (0x4)
 *(.isr_vector)
 .isr_vector    0x08000000      0x188 build/startup_stm32f40xx.o
                0x08000000                g_pfnVectors
                0x08000188                        . = ALIGN (0x4)

.text           0x080001c0     0x6724
                0x080001c0                        . = ALIGN (0x4)
 *(.text)
 .text          0x080001c0       0x88 /usr/lib/gcc/arm-none-eabi/13.2.1/thumb/v7e-m+fp/hard/crtbegin.o
 .text          0x08000248       0xa0 /usr/lib/gcc/arm-none-eabi/13.2.1/../../../arm-none-eabi/lib/thumb/v7e-m+fp/hard/libc_nano.a(libc_a-puts.o)
                0x08000248                _puts_r
                0x080002d8                puts
 .text          0x080002e8      0x224 /usr/lib/gcc/arm-none-eabi/13.2.1/../../../arm-none-eabi/lib/thumb/v7e-m+fp/hard/libc_nano.a(libc_a-findfp.o)
                0x08000418                __sfp
                0x080004bc                __sinit
                0x080004dc                __sfp_lock_acquire
                0x080004e0                __sfp_lock_release
                0x080004e4                __fp_lock_all
                0x080004f8                __fp_unlock_all
 .text          0x0800050c       0xa4 /usr/lib/gcc/arm-none-eabi/13.2.1/../../../arm-none-eabi/lib/thumb/v7e-m+fp/hard/libc_nano.a(libc_a-memset.o)
                0x0800050c                memset
 .text          0x080005b0      0x1a8 /usr/lib/gcc/arm-none-eabi/13.2.1/../../../arm-none-eabi/lib/thumb/v7e-m+fp/hard/libc_nano.a(libc_a-fflush.o)
                0x080005b0                __sflush_r
                0x080006d4                _fflush_r
                0x0800070c                fflush
 .text          0x08000758        0xc /usr/lib/gcc/arm-none-eabi/13.2.1/../../../arm-none-eabi/lib/thumb/v7e-m+fp/hard/libc_nano.a(libc_a-errno.o)
                0x08000758                __errno
 .text          0x08000764      0x6b0 /usr/lib/gcc/arm-none-eabi/13.2.1/../../../arm-none-eabi/lib/thumb/v7e-m+fp/hard/libc_nano.a(libc_a-nano-vfprintf_float.o)
                0x08000764                __cvt
                0x08000874                __exponent
                0x080008f8                _printf_float
 .text          0x08000e14      0x148 /usr/lib/gcc/arm-none-eabi/13.2.1/../../../arm-none-eabi/lib/thumb/v7e-m+fp/hard/libc_nano.a(libc_a-mallocr.o)
                0x08000e5c                _malloc_r
 *fill*         0x08000f5c        0x4 
 .text          0x08000f60      0xfdc /usr/lib/gcc/arm-none-eabi/13.2.1/../../../arm-none-eabi/lib/thumb/v7e-m+fp/hard/libc_nano.a(libc_a-dtoa.o)
                0x0800108c                _dtoa_r
 .text          0x08001f3c       0xbc /usr/lib/gcc/arm-none-eabi/13.2.1/../../../arm-none-eabi/lib/thumb/v7e-m+fp/hard/libc_nano.a(libc_a-freer.o)
                0x08001f3c                _free_r
 .text          0x08001ff8      0x100 /usr/lib/gcc/arm-none-eabi/13.2.1/../../../arm-none-eabi/lib/thumb/v7e-m+fp/hard/libc_nano.a(libc_a-memmove.o)
                0x08001ff8                memmove
 .text          0x080020f8       0x44 /usr/lib/gcc/arm-none-eabi/13.2.1/../../../arm-none-eabi/lib/thumb/v7e-m+fp/hard/libc_nano.a(libc_a-fwalk.o)
                0x080020f8                _fwalk_sglue
 *fill*         0x0800213c        0x4 
 .text          0x08002140       0xa0 /usr/lib/gcc/arm-none-eabi/13.2.1/../../../arm-none-eabi/lib/thumb/v7e-m+fp/hard/libc_nano.a(libc_a-memchr.o)
                0x08002140                memchr
 .text          0x080021e0       0xc4 /usr/lib/gcc/arm-none-eabi/13.2.1/../../../arm-none-eabi/lib/thumb/v7e-m+fp/hard/libc_nano.a(libc_a-wsetup.o)
                0x080021e0                __swsetup_r
 .text          0x080022a4      0x134 /usr/lib/gcc/arm-none-eabi/13.2.1/../../../arm-none-eabi/lib/thumb/v7e-m+fp/hard/libc_nano.a(libc_a-memcpy.o)
                0x080022a4                memcpy
 .text          0x080023d8       0x20 /usr/lib/gcc/arm-none-eabi/13.2.1/../../../arm-none-eabi/lib/thumb/v7e-m+fp/hard/libc_nano.a(libc_a-malloc.o)
                0x080023d8                malloc
                0x080023e8                free
 .text          0x080023f8       0x64 /usr/lib/gcc/arm-none-eabi/13.2.1/../../../arm-none-eabi/lib/thumb/v7e-m+fp/hard/libc_nano.a(libc_a-reallocr.o)
                0x080023f8                _realloc_r
 .text          0x0800245c      0x3a8 /usr/lib/gcc/arm-none-eabi/13.2.1/../../../arm-none-eabi/lib/thumb/v7e-m+fp/hard/libc_nano.a(libc_a-nano-vfprintf_i.o)
                0x0800245c                _printf_common
                0x08002580                _printf_i
 .text          0x08002804        0x8 /usr/lib/gcc/arm-none-eabi/13.2.1/../../../arm-none-eabi/lib/thumb/v7e-m+fp/hard/libc_nano.a(libc_a-mlock.o)
                0x08002804                __malloc_lock
                0x08002808                __malloc_unlock
 .text          0x0800280c      0x114 /usr/lib/gcc/arm-none-eabi/13.2.1/../../../arm-none-eabi/lib/thumb/v7e-m+fp/hard/libc_nano.a(libc_a-makebuf.o)
                0x0800280c                __smakebuf_r
                0x080028d0                __swhatbuf_r
 .text          0x08002920       0x48 /usr/lib/gcc/arm-none-eabi/13.2.1/../../../arm-none-eabi/lib/thumb/v7e-m+fp/hard/libc_nano.a(libc_a-printf.o)
                0x08002920                _printf_r
                0x08002920                _iprintf_r
                0x08002940                printf
                0x08002940                iprintf
 .text          0x08002968       0x24 /usr/lib/gcc/arm-none-eabi/13.2.1/../../../arm-none-eabi/lib/thumb/v7e-m+fp/hard/libc_nano.a(libc_a-isattyr.o)
                0x08002968                _isatty_r
 .text          0x0800298c      0x314 /usr/lib/gcc/arm-none-eabi/13.2.1/../../../arm-none-eabi/lib/thumb/v7e-m+fp/hard/libc_nano.a(libc_a-nano-vfprintf.o)
                0x080029c8                __sfputs_r
                0x080029f8                __sprint_r
                0x08002a18                _vfiprintf_r
                0x08002a18                _vfprintf_r
                0x08002c84                vfiprintf
                0x08002c84                vfprintf
 .text          0x08002ca0       0xa0 /usr/lib/gcc/arm-none-eabi/13.2.1/../../../arm-none-eabi/lib/thumb/v7e-m+fp/hard/libc_nano.a(libc_a-wbuf.o)
                0x08002ca0                __swbuf_r
                0x08002d28                __swbuf
 .text          0x08002d40       0x4c /usr/lib/gcc/arm-none-eabi/13.2.1/../../../arm-none-eabi/lib/thumb/v7e-m+fp/hard/libc_nano.a(libc_a-assert.o)
                0x08002d40                __assert_func
                0x08002d80                __assert
 .text          0x08002d8c      0xb10 /usr/lib/gcc/arm-none-eabi/13.2.1/../../../arm-none-eabi/lib/thumb/v7e-m+fp/hard/libc_nano.a(libc_a-mprec.o)
                0x08002d8c                _Balloc
                0x08002e0c                _Bfree
                0x08002e54                __multadd
                0x08002ef0                __s2b
                0x08002fa4                __hi0bits
                0x08002fe8                __lo0bits
                0x08003048                __i2b
                0x08003074                __multiply
                0x080031e0                __pow5mult
                0x080032c0                __lshift
                0x080033a8                __mcmp
                0x080033ec                __mdiff
                0x08003564                __ulp
                0x080035c8                __b2d
                0x08003684                __d2b
                0x08003744                __ratio
                0x080037a4                _mprec_log10
                0x080037e4                __copybits
                0x08003840                __any_on
 .text          0x0800389c       0x24 /usr/lib/gcc/arm-none-eabi/13.2.1/../../../arm-none-eabi/lib/thumb/v7e-m+fp/hard/libc_nano.a(libc_a-sbrkr.o)
                0x0800389c                _sbrk_r
 .text          0x080038c0       0x94 /usr/lib/gcc/arm-none-eabi/13.2.1/../../../arm-none-eabi/lib/thumb/v7e-m+fp/hard/libc_nano.a(libc_a-stdio.o)
                0x080038c0                __sread
                0x080038e4                __seofread
                0x080038e8                __swrite
                0x08003928                __sseek
                0x0800394c                __sclose
 .text          0x08003954       0x10 /usr/lib/gcc/arm-none-eabi/13.2.1/../../../arm-none-eabi/lib/thumb/v7e-m+fp/hard/libc_nano.a(libc_a-msizer.o)
                0x08003954                _malloc_usable_size_r
 .text          0x08003964       0x14 /usr/lib/gcc/arm-none-eabi/13.2.1/../../../arm-none-eabi/lib/thumb/v7e-m+fp/hard/libc_nano.a(libc_a-localeconv.o)
                0x08003964                __localeconv_l
                0x08003968                _localeconv_r
                0x08003970                localeconv
 .text          0x08003978      0x300 /usr/lib/gcc/arm-none-eabi/13.2.1/../../../arm-none-eabi/lib/thumb/v7e-m+fp/hard/libc_nano.a(libc_a-fvwrite.o)
                0x08003978                __sfvwrite_r
 .text          0x08003c78       0x10 /usr/lib/gcc/arm-none-eabi/13.2.1/../../../arm-none-eabi/lib/thumb/v7e-m+fp/hard/libc_nano.a(libc_a-abort.o)
                0x08003c78                abort
 .text          0x08003c88       0x24 /usr/lib/gcc/arm-none-eabi/13.2.1/../../../arm-none-eabi/lib/thumb/v7e-m+fp/hard/libc_nano.a(libc_a-closer.o)
                0x08003c88                _close_r
 *fill*         0x08003cac       0x14 
 .text          0x08003cc0       0xd8 /usr/lib/gcc/arm-none-eabi/13.2.1/../../../arm-none-eabi/lib/thumb/v7e-m+fp/hard/libc_nano.a(libc_a-strlen.o)
                0x08003cc0                strlen
 .text          0x08003d98       0x28 /usr/lib/gcc/arm-none-eabi/13.2.1/../../../arm-none-eabi/lib/thumb/v7e-m+fp/hard/libc_nano.a(libc_a-callocr.o)
                0x08003d98                _calloc_r
 .text          0x08003dc0       0x30 /usr/lib/gcc/arm-none-eabi/13.2.1/../../../arm-none-eabi/lib/thumb/v7e-m+fp/hard/libc_nano.a(libc_a-wctomb_r.o)
                0x08003dc0                _wctomb_r
                0x08003dd4                __ascii_wctomb
 .text          0x08003df0       0x2c /usr/lib/gcc/arm-none-eabi/13.2.1/../../../arm-none-eabi/lib/thumb/v7e-m+fp/hard/libc_nano.a(libc_a-readr.o)
                0x08003df0                _read_r
 .text          0x08003e1c       0x44 /usr/lib/gcc/arm-none-eabi/13.2.1/../../../arm-none-eabi/lib/thumb/v7e-m+fp/hard/libc_nano.a(libc_a-fprintf.o)
                0x08003e1c                _fprintf_r
                0x08003e1c                _fiprintf_r
                0x08003e38                fprintf
                0x08003e38                fiprintf
 .text          0x08003e60       0x2c /usr/lib/gcc/arm-none-eabi/13.2.1/../../../arm-none-eabi/lib/thumb/v7e-m+fp/hard/libc_nano.a(libc_a-fstatr.o)
                0x08003e60                _fstat_r
 .text          0x08003e8c       0x2c /usr/lib/gcc/arm-none-eabi/13.2.1/../../../arm-none-eabi/lib/thumb/v7e-m+fp/hard/libc_nano.a(libc_a-lseekr.o)
                0x08003e8c                _lseek_r
 .text          0x08003eb8       0x2c /usr/lib/gcc/arm-none-eabi/13.2.1/../../../arm-none-eabi/lib/thumb/v7e-m+fp/hard/libc_nano.a(libc_a-writer.o)
                0x08003eb8                _write_r
 .text          0x08003ee4       0x40 /usr/lib/gcc/arm-none-eabi/13.2.1/../../../arm-none-eabi/lib/thumb/v7e-m+fp/hard/libc_nano.a(libc_a-mbtowc_r.o)
                0x08003ee4                _mbtowc_r
                0x08003ef8                __ascii_mbtowc
 .text          0x08003f24      0x260 /usr/lib/gcc/arm-none-eabi/13.2.1/../../../arm-none-eabi/lib/thumb/v7e-m+fp/hard/libc_nano.a(libc_a-signal.o)
                0x08003f24                _init_signal_r
                0x08003f50                _signal_r
                0x08003f9c                _raise_r
                0x08003fec                __sigtramp_r
                0x0800404c                raise
                0x080040a0                signal
                0x080040ec                _init_signal
                0x08004120                __sigtramp
 .text          0x08004184       0x30 /usr/lib/gcc/arm-none-eabi/13.2.1/../../../arm-none-eabi/lib/thumb/v7e-m+fp/hard/libc_nano.a(libc_a-signalr.o)
                0x08004184                _kill_r
                0x080041b0                _getpid_r
 .text          0x080041b4      0x378 /usr/lib/gcc/arm-none-eabi/13.2.1/thumb/v7e-m+fp/hard/libgcc.a(_arm_addsubdf3.o)
                0x080041b4                __aeabi_drsub
                0x080041bc                __aeabi_dsub
                0x080041bc                __subdf3
                0x080041c0                __adddf3
                0x080041c0                __aeabi_dadd
                0x08004438                __aeabi_ui2d
                0x08004438                __floatunsidf
                0x08004458                __floatsidf
                0x08004458                __aeabi_i2d
                0x0800447c                __extendsfdf2
                0x0800447c                __aeabi_f2d
                0x080044c0                __aeabi_ul2d
                0x080044c0                __floatundidf
                0x080044d0                __floatdidf
                0x080044d0                __aeabi_l2d
 .text          0x0800452c      0x424 /usr/lib/gcc/arm-none-eabi/13.2.1/thumb/v7e-m+fp/hard/libgcc.a(_arm_muldivdf3.o)
                0x0800452c                __aeabi_dmul
                0x0800452c                __muldf3
                0x08004780                __aeabi_ddiv
                0x08004780                __divdf3
 .text          0x08004950      0x110 /usr/lib/gcc/arm-none-eabi/13.2.1/thumb/v7e-m+fp/hard/libgcc.a(_arm_cmpdf2.o)
                0x08004950                __gtdf2
                0x08004950                __gedf2
                0x08004958                __ltdf2
                0x08004958                __ledf2
                0x08004960                __cmpdf2
                0x08004960                __eqdf2
                0x08004960                __nedf2
                0x080049dc                __aeabi_cdrcmple
                0x080049ec                __aeabi_cdcmple
                0x080049ec                __aeabi_cdcmpeq
                0x080049fc                __aeabi_dcmpeq
                0x08004a10                __aeabi_dcmplt
                0x08004a24                __aeabi_dcmple
                0x08004a38                __aeabi_dcmpge
                0x08004a4c                __aeabi_dcmpgt
 .text          0x08004a60       0x2c /usr/lib/gcc/arm-none-eabi/13.2.1/thumb/v7e-m+fp/hard/libgcc.a(_arm_unorddf2.o)
                0x08004a60                __aeabi_dcmpun
                0x08004a60                __unorddf2
 .text          0x08004a8c       0x50 /usr/lib/gcc/arm-none-eabi/13.2.1/thumb/v7e-m+fp/hard/libgcc.a(_arm_fixdfsi.o)
                0x08004a8c                __fixdfsi
                0x08004a8c                __aeabi_d2iz
 *(.text*)
 .text.main     0x08004adc       0xb8 build/main.o
                0x08004adc                main
 .text.NMI_Handler
                0x08004b94        0x2 build/stm32f4xx_it.o
                0x08004b94                NMI_Handler
 *fill*         0x08004b96        0x2 
 .text.HardFault_Handler
                0x08004b98      0x234 build/stm32f4xx_it.o
                0x08004b98                HardFault_Handler
 .text.MemManage_Handler
                0x08004dcc        0x2 build/stm32f4xx_it.o
                0x08004dcc                MemManage_Handler
 .text.BusFault_Handler
                0x08004dce        0x2 build/stm32f4xx_it.o
                0x08004dce                BusFault_Handler
 .text.UsageFault_Handler
                0x08004dd0        0x2 build/stm32f4xx_it.o
                0x08004dd0                UsageFault_Handler
 .text.SVC_Handler
                0x08004dd2        0x2 build/stm32f4xx_it.o
                0x08004dd2                SVC_Handler
 .text.DebugMon_Handler
                0x08004dd4        0x2 build/stm32f4xx_it.o
                0x08004dd4                DebugMon_Handler
 .text.PendSV_Handler
                0x08004dd6        0x2 build/stm32f4xx_it.o
                0x08004dd6                PendSV_Handler
 .text.SysTick_Handler
                0x08004dd8        0x8 build/stm32f4xx_it.o
                0x08004dd8                SysTick_Handler
 .text.EXTI2_IRQHandler
                0x08004de0        0x2 build/stm32f4xx_it.o
                0x08004de0                EXTI2_IRQHandler
 *fill*         0x08004de2        0x2 
 .text.TIM3_IRQHandler
                0x08004de4       0x2c build/stm32f4xx_it.o
                0x08004de4                TIM3_IRQHandler
 .text.TIM4_IRQHandler
                0x08004e10        0x2 build/stm32f4xx_it.o
                0x08004e10                TIM4_IRQHandler
 *fill*         0x08004e12        0x2 
 .text.DMA2_Stream0_IRQHandler
                0x08004e14       0x5c build/stm32f4xx_it.o
                0x08004e14                DMA2_Stream0_IRQHandler
 .text.ADC_IRQHandler
                0x08004e70       0x5c build/stm32f4xx_it.o
                0x08004e70                ADC_IRQHandler
 .text.SDIO_IRQHandler
                0x08004ecc        0x8 build/stm32f4xx_it.o
                0x08004ecc                SDIO_IRQHandler
 .text.DMA2_Stream3_IRQHandler
                0x08004ed4        0x8 build/stm32f4xx_it.o
                0x08004ed4                DMA2_Stream3_IRQHandler
 .text._getpid  0x08004edc        0x4 build/syscalls.o
                0x08004edc                _getpid
 .text._kill    0x08004ee0       0x10 build/syscalls.o
                0x08004ee0                _kill
 .text._exit    0x08004ef0        0xc build/syscalls.o
                0x08004ef0                _exit
 .text._read    0x08004efc       0x20 build/syscalls.o
                0x08004efc                _read
 .text._write   0x08004f1c       0x1c build/syscalls.o
                0x08004f1c                _write
 .text._close   0x08004f38        0x6 build/syscalls.o
                0x08004f38                _close
 .text._fstat   0x08004f3e        0xa build/syscalls.o
                0x08004f3e                _fstat
 .text._isatty  0x08004f48        0x4 build/syscalls.o
                0x08004f48                _isatty
 .text._lseek   0x08004f4c        0x4 build/syscalls.o
                0x08004f4c                _lseek
 .text._sbrk    0x08004f50       0x48 build/sysmem.o
                0x08004f50                _sbrk
 .text.NVIC_Init
                0x08004f98       0x64 build/misc.o
                0x08004f98                NVIC_Init
 .text.GPIO_Init
                0x08004ffc       0xa4 build/stm32f4xx_gpio.o
                0x08004ffc                GPIO_Init
 .text.GPIO_SetBits
                0x080050a0        0x4 build/stm32f4xx_gpio.o
                0x080050a0                GPIO_SetBits
 .text.GPIO_ResetBits
                0x080050a4        0x6 build/stm32f4xx_gpio.o
                0x080050a4                GPIO_ResetBits
 .text.GPIO_ToggleBits
                0x080050aa        0x8 build/stm32f4xx_gpio.o
                0x080050aa                GPIO_ToggleBits
 .text.GPIO_PinAFConfig
                0x080050b2       0x32 build/stm32f4xx_gpio.o
                0x080050b2                GPIO_PinAFConfig
 .text.RCC_GetClocksFreq
                0x080050e4       0xb8 build/stm32f4xx_rcc.o
                0x080050e4                RCC_GetClocksFreq
 .text.RCC_AHB1PeriphClockCmd
                0x0800519c       0x1c build/stm32f4xx_rcc.o
                0x0800519c                RCC_AHB1PeriphClockCmd
 .text.RCC_APB1PeriphClockCmd
                0x080051b8       0x1c build/stm32f4xx_rcc.o
                0x080051b8                RCC_APB1PeriphClockCmd
 .text.RCC_APB2PeriphClockCmd
                0x080051d4       0x1c build/stm32f4xx_rcc.o
                0x080051d4                RCC_APB2PeriphClockCmd
 .text.USART_Init
                0x080051f0       0xcc build/stm32f4xx_usart.o
                0x080051f0                USART_Init
 .text.USART_Cmd
                0x080052bc       0x1c build/stm32f4xx_usart.o
                0x080052bc                USART_Cmd
 .text.USART_DMACmd
                0x080052d8       0x18 build/stm32f4xx_usart.o
                0x080052d8                USART_DMACmd
 .text.ADC_AnalogWatchdogCmd
                0x080052f0       0x10 build/stm32f4xx_adc.o
                0x080052f0                ADC_AnalogWatchdogCmd
 .text.ADC_GetITStatus
                0x08005300       0x24 build/stm32f4xx_adc.o
                0x08005300                ADC_GetITStatus
 .text.ADC_ClearITPendingBit
                0x08005324        0x8 build/stm32f4xx_adc.o
                0x08005324                ADC_ClearITPendingBit
 .text.TI1_Config
                0x0800532c       0x4c build/stm32f4xx_tim.o
 .text.TI2_Config
                0x08005378       0x56 build/stm32f4xx_tim.o
 .text.TI3_Config
                0x080053ce       0x50 build/stm32f4xx_tim.o
 .text.TI4_Config
                0x0800541e       0x58 build/stm32f4xx_tim.o
 *fill*         0x08005476        0x2 
 .text.TIM_TimeBaseInit
                0x08005478       0x7c build/stm32f4xx_tim.o
                0x08005478                TIM_TimeBaseInit
 .text.TIM_GetCounter
                0x080054f4        0x4 build/stm32f4xx_tim.o
                0x080054f4                TIM_GetCounter
 .text.TIM_ARRPreloadConfig
                0x080054f8       0x1c build/stm32f4xx_tim.o
                0x080054f8                TIM_ARRPreloadConfig
 .text.TIM_Cmd  0x08005514       0x1c build/stm32f4xx_tim.o
                0x08005514                TIM_Cmd
 .text.TIM_OC1Init
                0x08005530       0x7c build/stm32f4xx_tim.o
                0x08005530                TIM_OC1Init
 .text.TIM_OC2Init
                0x080055ac       0x98 build/stm32f4xx_tim.o
                0x080055ac                TIM_OC2Init
 .text.TIM_OC3Init
                0x08005644       0x94 build/stm32f4xx_tim.o
                0x08005644                TIM_OC3Init
 .text.TIM_OC4Init
                0x080056d8       0x7c build/stm32f4xx_tim.o
                0x080056d8                TIM_OC4Init
 .text.TIM_OC1PreloadConfig
                0x08005754        0xe build/stm32f4xx_tim.o
                0x08005754                TIM_OC1PreloadConfig
 .text.TIM_OC2PreloadConfig
                0x08005762       0x12 build/stm32f4xx_tim.o
                0x08005762                TIM_OC2PreloadConfig
 .text.TIM_OC3PreloadConfig
                0x08005774        0xe build/stm32f4xx_tim.o
                0x08005774                TIM_OC3PreloadConfig
 .text.TIM_OC4PreloadConfig
                0x08005782       0x12 build/stm32f4xx_tim.o
                0x08005782                TIM_OC4PreloadConfig
 .text.TIM_SetIC1Prescaler
                0x08005794       0x16 build/stm32f4xx_tim.o
                0x08005794                TIM_SetIC1Prescaler
 .text.TIM_SetIC2Prescaler
                0x080057aa       0x1a build/stm32f4xx_tim.o
                0x080057aa                TIM_SetIC2Prescaler
 .text.TIM_SetIC3Prescaler
                0x080057c4       0x16 build/stm32f4xx_tim.o
                0x080057c4                TIM_SetIC3Prescaler
 .text.TIM_SetIC4Prescaler
                0x080057da       0x1a build/stm32f4xx_tim.o
                0x080057da                TIM_SetIC4Prescaler
 .text.TIM_ICInit
                0x080057f4       0x62 build/stm32f4xx_tim.o
                0x080057f4                TIM_ICInit
 .text.TIM_CtrlPWMOutputs
                0x08005856       0x24 build/stm32f4xx_tim.o
                0x08005856                TIM_CtrlPWMOutputs
 .text.TIM_ITConfig
                0x0800587a       0x18 build/stm32f4xx_tim.o
                0x0800587a                TIM_ITConfig
 .text.TIM_ClearFlag
                0x08005892        0x8 build/stm32f4xx_tim.o
                0x08005892                TIM_ClearFlag
 .text.TIM_GetITStatus
                0x0800589a       0x18 build/stm32f4xx_tim.o
                0x0800589a                TIM_GetITStatus
 .text.TIM_ClearITPendingBit
                0x080058b2        0x8 build/stm32f4xx_tim.o
                0x080058b2                TIM_ClearITPendingBit
 .text.TIM_EncoderInterfaceConfig
                0x080058ba       0x46 build/stm32f4xx_tim.o
                0x080058ba                TIM_EncoderInterfaceConfig
 .text.DMA_DeInit
                0x08005900      0x158 build/stm32f4xx_dma.o
                0x08005900                DMA_DeInit
 .text.DMA_Init
                0x08005a58       0x58 build/stm32f4xx_dma.o
                0x08005a58                DMA_Init
 .text.DMA_Cmd  0x08005ab0       0x16 build/stm32f4xx_dma.o
                0x08005ab0                DMA_Cmd
 .text.DMA_SetCurrDataCounter
                0x08005ac6        0x4 build/stm32f4xx_dma.o
                0x08005ac6                DMA_SetCurrDataCounter
 .text.DMA_GetCmdStatus
                0x08005aca       0x10 build/stm32f4xx_dma.o
                0x08005aca                DMA_GetCmdStatus
 *fill*         0x08005ada        0x2 
 .text.DMA_ClearFlag
                0x08005adc       0x34 build/stm32f4xx_dma.o
                0x08005adc                DMA_ClearFlag
 .text.DMA_ITConfig
                0x08005b10       0x3a build/stm32f4xx_dma.o
                0x08005b10                DMA_ITConfig
 *fill*         0x08005b4a        0x2 
 .text.DMA_GetITStatus
                0x08005b4c       0x60 build/stm32f4xx_dma.o
                0x08005b4c                DMA_GetITStatus
 .text.DMA_ClearITPendingBit
                0x08005bac       0x34 build/stm32f4xx_dma.o
                0x08005bac                DMA_ClearITPendingBit
 .text.SDIO_ITConfig
                0x08005be0       0x1c build/stm32f4xx_sdio.o
                0x08005be0                SDIO_ITConfig
 .text.SDIO_GetITStatus
                0x08005bfc       0x14 build/stm32f4xx_sdio.o
                0x08005bfc                SDIO_GetITStatus
 .text.SDIO_ClearITPendingBit
                0x08005c10        0xc build/stm32f4xx_sdio.o
                0x08005c10                SDIO_ClearITPendingBit
 .text.SetSysClock
                0x08005c1c       0xc4 build/system_stm32f4xx.o
 .text.SystemInit
                0x08005ce0       0x50 build/system_stm32f4xx.o
                0x08005ce0                SystemInit
 .text.delay_init
                0x08005d30       0x3c build/delay.o
                0x08005d30                delay_init
 .text.delay_us
                0x08005d6c       0x44 build/delay.o
                0x08005d6c                delay_us
 .text.delay_ms
                0x08005db0       0x16 build/delay.o
                0x08005db0                delay_ms
 *fill*         0x08005dc6        0x2 
 .text.Encoder_GPIO_Init
                0x08005dc8       0x84 build/encoder.o
 .text.Encoder_Update
                0x08005e4c       0xd4 build/encoder.o
                0x08005e4c                Encoder_Update
 .text.Encoder_TIM_Init
                0x08005f20       0xb8 build/encoder.o
 .text.Encoder_Driver_Init
                0x08005fd8        0xc build/encoder.o
                0x08005fd8                Encoder_Driver_Init
 .text.Encoder_GetData
                0x08005fe4       0x5c build/encoder.o
                0x08005fe4                Encoder_GetData
 .text.led_Init
                0x08006040       0x3c build/led.o
                0x08006040                led_Init
 .text.LED_Off  0x0800607c       0x14 build/led.o
                0x0800607c                LED_Off
 .text.Motor_TIM_Init
                0x08006090       0x36 build/motor.o
 .text.Motor_TIM_Channel_Init
                0x080060c6       0x84 build/motor.o
 *fill*         0x0800614a        0x2 
 .text.Motor_GPIO_Init
                0x0800614c       0xdc build/motor.o
 .text.Motor_Driver_Init
                0x08006228       0x40 build/motor.o
                0x08006228                Motor_Driver_Init
 .text.RingBuffer_Init
                0x08006268       0x22 build/ring_buffer.o
                0x08006268                RingBuffer_Init
 .text.RingBuffer_Push
                0x0800628a       0x36 build/ring_buffer.o
                0x0800628a                RingBuffer_Push
 .text.RingBuffer_Available
                0x080062c0       0x20 build/ring_buffer.o
                0x080062c0                RingBuffer_Available
 .text.RingBuffer_IsEmpty
                0x080062e0       0x16 build/ring_buffer.o
                0x080062e0                RingBuffer_IsEmpty
 .text.RingBuffer_SkipRead
                0x080062f6       0x26 build/ring_buffer.o
                0x080062f6                RingBuffer_SkipRead
 .text.SD_ProcessIRQSrc
                0x0800631c       0xac build/sdio_sd.o
                0x0800631c                SD_ProcessIRQSrc
 .text.SD_ProcessDMAIRQ
                0x080063c8       0x2c build/sdio_sd.o
                0x080063c8                SD_ProcessDMAIRQ
 .text.Task_Handler
                0x080063f4       0x60 build/task.o
                0x080063f4                Task_Handler
 .text.GetSysTick
                0x08006454       0x10 build/task.o
                0x08006454                GetSysTick
 .text.USART1_DMA_Init
                0x08006464      0x10c build/usart.o
 .text.TIM7_Config
                0x08006570       0x64 build/usart.o
 .text.USART_StartDMA_TX
                0x080065d4       0x58 build/usart.o
 .text.TIM7_DisableIRQ
                0x0800662c       0x1c build/usart.o
 .text.USART_GPIO_Config
                0x08006648       0x5c build/usart.o
                0x08006648                USART_GPIO_Config
 .text.Usart_Config
                0x080066a4       0x5c build/usart.o
                0x080066a4                Usart_Config
 .text.__io_putchar
                0x08006700       0x44 build/usart.o
                0x08006700                __io_putchar
 .text.UART1_DMA_Start_RX
                0x08006744       0x28 build/usart.o
                0x08006744                UART1_DMA_Start_RX
 .text.USART1_Init
                0x0800676c       0x3c build/usart.o
                0x0800676c                USART1_Init
 .text.TIM7_IRQHandler
                0x080067a8       0x34 build/usart.o
                0x080067a8                TIM7_IRQHandler
 .text.DMA2_Stream2_IRQHandler
                0x080067dc       0x3c build/usart.o
                0x080067dc                DMA2_Stream2_IRQHandler
 .text.DMA2_Stream7_IRQHandler
                0x08006818       0x6c build/usart.o
                0x08006818                DMA2_Stream7_IRQHandler
 .text.Reset_Handler
                0x08006884       0x44 build/startup_stm32f40xx.o
                0x08006884                Reset_Handler
 .text.Default_Handler
                0x080068c8        0x2 build/startup_stm32f40xx.o
                0x080068c8                RTC_Alarm_IRQHandler
                0x080068c8                HASH_RNG_IRQHandler
                0x080068c8                TIM8_CC_IRQHandler
                0x080068c8                TIM1_CC_IRQHandler
                0x080068c8                DMA2_Stream5_IRQHandler
                0x080068c8                DMA1_Stream5_IRQHandler
                0x080068c8                PVD_IRQHandler
                0x080068c8                TAMP_STAMP_IRQHandler
                0x080068c8                CAN2_RX1_IRQHandler
                0x080068c8                EXTI3_IRQHandler
                0x080068c8                TIM8_TRG_COM_TIM14_IRQHandler
                0x080068c8                TIM1_UP_TIM10_IRQHandler
                0x080068c8                TIM8_UP_TIM13_IRQHandler
                0x080068c8                I2C3_ER_IRQHandler
                0x080068c8                EXTI0_IRQHandler
                0x080068c8                I2C2_EV_IRQHandler
                0x080068c8                DMA1_Stream2_IRQHandler
                0x080068c8                CAN1_RX0_IRQHandler
                0x080068c8                FPU_IRQHandler
                0x080068c8                OTG_HS_WKUP_IRQHandler
                0x080068c8                CAN2_SCE_IRQHandler
                0x080068c8                SPI1_IRQHandler
                0x080068c8                TIM6_DAC_IRQHandler
                0x080068c8                TIM1_BRK_TIM9_IRQHandler
                0x080068c8                DCMI_IRQHandler
                0x080068c8                CAN2_RX0_IRQHandler
                0x080068c8                USART6_IRQHandler
                0x080068c8                USART3_IRQHandler
                0x080068c8                CRYP_IRQHandler
                0x080068c8                CAN1_RX1_IRQHandler
                0x080068c8                UART5_IRQHandler
                0x080068c8                I2C1_EV_IRQHandler
                0x080068c8                DMA1_Stream6_IRQHandler
                0x080068c8                DMA1_Stream1_IRQHandler
                0x080068c8                UART4_IRQHandler
                0x080068c8                RCC_IRQHandler
                0x080068c8                TIM8_BRK_TIM12_IRQHandler
                0x080068c8                Default_Handler
                0x080068c8                EXTI15_10_IRQHandler
                0x080068c8                DMA1_Stream7_IRQHandler
                0x080068c8                CAN2_TX_IRQHandler
                0x080068c8                TIM5_IRQHandler
                0x080068c8                I2C3_EV_IRQHandler
                0x080068c8                EXTI9_5_IRQHandler
                0x080068c8                RTC_WKUP_IRQHandler
                0x080068c8                ETH_WKUP_IRQHandler
                0x080068c8                SPI2_IRQHandler
                0x080068c8                OTG_HS_EP1_IN_IRQHandler
                0x080068c8                DMA1_Stream0_IRQHandler
                0x080068c8                CAN1_TX_IRQHandler
                0x080068c8                EXTI4_IRQHandler
                0x080068c8                FSMC_IRQHandler
                0x080068c8                ETH_IRQHandler
                0x080068c8                OTG_HS_EP1_OUT_IRQHandler
                0x080068c8                WWDG_IRQHandler
                0x080068c8                TIM2_IRQHandler
                0x080068c8                OTG_FS_WKUP_IRQHandler
                0x080068c8                TIM1_TRG_COM_TIM11_IRQHandler
                0x080068c8                OTG_HS_IRQHandler
                0x080068c8                EXTI1_IRQHandler
                0x080068c8                USART2_IRQHandler
                0x080068c8                I2C2_ER_IRQHandler
                0x080068c8                DMA2_Stream1_IRQHandler
                0x080068c8                CAN1_SCE_IRQHandler
                0x080068c8                FLASH_IRQHandler
                0x080068c8                DMA2_Stream4_IRQHandler
                0x080068c8                USART1_IRQHandler
                0x080068c8                OTG_FS_IRQHandler
                0x080068c8                SPI3_IRQHandler
                0x080068c8                DMA1_Stream4_IRQHandler
                0x080068c8                I2C1_ER_IRQHandler
                0x080068c8                DMA2_Stream6_IRQHandler
                0x080068c8                DMA1_Stream3_IRQHandler
 *(.glue_7)
 .glue_7        0x080068ca        0x0 linker stubs
 *(.glue_7t)
 .glue_7t       0x080068ca        0x0 linker stubs
 *(.eh_frame)
 *fill*         0x080068ca        0x2 
 .eh_frame      0x080068cc        0x0 /usr/lib/gcc/arm-none-eabi/13.2.1/thumb/v7e-m+fp/hard/crtbegin.o
 *(.init)
 .init          0x080068cc        0x4 /usr/lib/gcc/arm-none-eabi/13.2.1/thumb/v7e-m+fp/hard/crti.o
                0x080068cc                _init
 .init          0x080068d0        0x8 /usr/lib/gcc/arm-none-eabi/13.2.1/thumb/v7e-m+fp/hard/crtn.o
 *(.fini)
 .fini          0x080068d8        0x4 /usr/lib/gcc/arm-none-eabi/13.2.1/thumb/v7e-m+fp/hard/crti.o
                0x080068d8                _fini
 .fini          0x080068dc        0x8 /usr/lib/gcc/arm-none-eabi/13.2.1/thumb/v7e-m+fp/hard/crtn.o
                0x080068e4                        . = ALIGN (0x4)
                0x080068e4                        _etext = .

.vfp11_veneer   0x080068e4        0x0
 .vfp11_veneer  0x080068e4        0x0 linker stubs

.v4_bx          0x080068e4        0x0
 .v4_bx         0x080068e4        0x0 linker stubs

.iplt           0x080068e4        0x0
 .iplt          0x080068e4        0x0 /usr/lib/gcc/arm-none-eabi/13.2.1/thumb/v7e-m+fp/hard/crtbegin.o

.rodata         0x080068e8      0x6d8
                0x080068e8                        . = ALIGN (0x4)
 *(.rodata)
 .rodata        0x080068e8        0x8 build/encoder.o
 .rodata        0x080068f0      0x128 /usr/lib/gcc/arm-none-eabi/13.2.1/../../../arm-none-eabi/lib/thumb/v7e-m+fp/hard/libc_nano.a(libc_a-mprec.o)
                0x08006900                __mprec_tens
                0x080069c8                __mprec_tinytens
                0x080069f0                __mprec_bigtens
 .rodata        0x08006a18      0x101 /usr/lib/gcc/arm-none-eabi/13.2.1/../../../arm-none-eabi/lib/thumb/v7e-m+fp/hard/libc_nano.a(libc_a-ctype_.o)
                0x08006a18                _ctype_
 *(.rodata*)
 *fill*         0x08006b19        0x3 
 .rodata.main.str1.4
                0x08006b1c      0x492 build/main.o
                                 0x7e (size before relaxing)
 .rodata.HardFault_Handler.str1.4
                0x08006fae      0x2cd build/stm32f4xx_it.o
 .rodata.DMA2_Stream0_IRQHandler.str1.4
                0x08006fae       0x11 build/stm32f4xx_it.o
 *fill*         0x08006fae        0x2 
 .rodata.APBAHBPrescTable
                0x08006fb0       0x10 build/stm32f4xx_rcc.o
 .rodata.str1.4
                0x08006fc0       0x12 /usr/lib/gcc/arm-none-eabi/13.2.1/../../../arm-none-eabi/lib/thumb/v7e-m+fp/hard/libc_nano.a(libc_a-nano-vfprintf_float.o)
 .rodata.str1.4
                0x08006fc0       0x69 /usr/lib/gcc/arm-none-eabi/13.2.1/../../../arm-none-eabi/lib/thumb/v7e-m+fp/hard/libc_nano.a(libc_a-dtoa.o)
 .rodata.str1.4
                0x08006fc0       0x25 /usr/lib/gcc/arm-none-eabi/13.2.1/../../../arm-none-eabi/lib/thumb/v7e-m+fp/hard/libc_nano.a(libc_a-nano-vfprintf_i.o)
 .rodata.str1.4
                0x08006fc0       0x13 /usr/lib/gcc/arm-none-eabi/13.2.1/../../../arm-none-eabi/lib/thumb/v7e-m+fp/hard/libc_nano.a(libc_a-nano-vfprintf.o)
 .rodata.str1.4
                0x08006fc0       0x43 /usr/lib/gcc/arm-none-eabi/13.2.1/../../../arm-none-eabi/lib/thumb/v7e-m+fp/hard/libc_nano.a(libc_a-assert.o)
 .rodata.str1.4
                0x08006fc0       0x59 /usr/lib/gcc/arm-none-eabi/13.2.1/../../../arm-none-eabi/lib/thumb/v7e-m+fp/hard/libc_nano.a(libc_a-mprec.o)
 .rodata.str1.4
                0x08006fc0       0x12 /usr/lib/gcc/arm-none-eabi/13.2.1/../../../arm-none-eabi/lib/thumb/v7e-m+fp/hard/libc_nano.a(libc_a-locale.o)
                0x0800702c                        . = ALIGN (0x4)

.ARM.extab      0x08006fc0        0x0
                0x08006fc0                        . = ALIGN (0x4)
 *(.ARM.extab* .gnu.linkonce.armextab.*)
                0x08006fc0                        . = ALIGN (0x4)

.ARM            0x08006fc0        0x8
                0x08006fc0                        . = ALIGN (0x4)
                0x08006fc0                        __exidx_start = .
 *(.ARM.exidx*)
 .ARM.exidx     0x08006fc0        0x8 /usr/lib/gcc/arm-none-eabi/13.2.1/../../../arm-none-eabi/lib/thumb/v7e-m+fp/hard/libc_nano.a(libc_a-memchr.o)
 .ARM.exidx     0x08006fc8        0x0 /usr/lib/gcc/arm-none-eabi/13.2.1/../../../arm-none-eabi/lib/thumb/v7e-m+fp/hard/libc_nano.a(libc_a-memcpy.o)
                                  0x8 (size before relaxing)
 .ARM.exidx     0x08006fc8        0x0 /usr/lib/gcc/arm-none-eabi/13.2.1/../../../arm-none-eabi/lib/thumb/v7e-m+fp/hard/libc_nano.a(libc_a-strlen.o)
                                  0x8 (size before relaxing)
                0x08006fc8                        __exidx_end = .
                0x08006fc8                        . = ALIGN (0x4)

.preinit_array  0x08006fc8        0x0
                0x08006fc8                        . = ALIGN (0x4)
                0x08006fc8                        PROVIDE (__preinit_array_start = .)
 *(.preinit_array*)
                0x08006fc8                        PROVIDE (__preinit_array_end = .)
                0x08006fc8                        . = ALIGN (0x4)

.init_array     0x08006fc8        0x4
                0x08006fc8                        . = ALIGN (0x4)
                0x08006fc8                        PROVIDE (__init_array_start = .)
 *(SORT_BY_NAME(.init_array.*))
 *(.init_array*)
 .init_array    0x08006fc8        0x4 /usr/lib/gcc/arm-none-eabi/13.2.1/thumb/v7e-m+fp/hard/crtbegin.o
                0x08006fcc                        PROVIDE (__init_array_end = .)
                0x08006fcc                        . = ALIGN (0x4)

.fini_array     0x08006fcc        0x4
                0x08006fcc                        . = ALIGN (0x4)
                0x08006fcc                        PROVIDE (__fini_array_start = .)
 *(SORT_BY_NAME(.fini_array.*))
 *(.fini_array*)
 .fini_array    0x08006fcc        0x4 /usr/lib/gcc/arm-none-eabi/13.2.1/thumb/v7e-m+fp/hard/crtbegin.o
                0x08006fd0                        PROVIDE (__fini_array_end = .)
                0x08006fd0                        . = ALIGN (0x4)
                0x08006fd0                        _sidata = LOADADDR (.data)

.rel.dyn        0x08006fd0        0x0
 .rel.iplt      0x08006fd0        0x0 /usr/lib/gcc/arm-none-eabi/13.2.1/thumb/v7e-m+fp/hard/crtbegin.o

.data           0x20000000      0x238 load address 0x08006fd0
                0x20000000                        . = ALIGN (0x4)
                0x20000000                        _sdata = .
 *(.data)
 .data          0x20000000       0x50 /usr/lib/gcc/arm-none-eabi/13.2.1/../../../arm-none-eabi/lib/thumb/v7e-m+fp/hard/libc_nano.a(libc_a-impure.o)
                0x20000000                _impure_ptr
                0x20000004                _impure_data
 .data          0x20000050        0xc /usr/lib/gcc/arm-none-eabi/13.2.1/../../../arm-none-eabi/lib/thumb/v7e-m+fp/hard/libc_nano.a(libc_a-findfp.o)
                0x20000050                __sglue
 .data          0x2000005c      0x16c /usr/lib/gcc/arm-none-eabi/13.2.1/../../../arm-none-eabi/lib/thumb/v7e-m+fp/hard/libc_nano.a(libc_a-locale.o)
                0x2000005c                __global_locale
 *(.data*)
 .data.Encoder_Left
                0x200001c8       0x38 build/encoder.o
 .data.Encoder_Right
                0x20000200       0x38 build/encoder.o
 *(.RamFunc)
 *(.RamFunc*)
                0x20000238                        . = ALIGN (0x4)
                0x20000238                        _edata = .
                0x08007208                        _siccmram = LOADADDR (.ccmram)

.tm_clone_table
                0x20000238        0x0 load address 0x08007208
 .tm_clone_table
                0x20000238        0x0 /usr/lib/gcc/arm-none-eabi/13.2.1/thumb/v7e-m+fp/hard/crtbegin.o
 .tm_clone_table
                0x20000238        0x0 /usr/lib/gcc/arm-none-eabi/13.2.1/thumb/v7e-m+fp/hard/crtend.o

.igot.plt       0x20000238        0x0 load address 0x08007208
 .igot.plt      0x20000238        0x0 /usr/lib/gcc/arm-none-eabi/13.2.1/thumb/v7e-m+fp/hard/crtbegin.o

.ccmram         0x10000000        0x0 load address 0x08007208
                0x10000000                        . = ALIGN (0x4)
                0x10000000                        _sccmram = .
 *(.ccmram)
 *(.ccmram*)
                0x10000000                        . = ALIGN (0x4)
                0x10000000                        _eccmram = .
                0x10000000                        . = ALIGN (0x4)

.bss            0x20000238      0x438
                0x20000238                        _sbss = .
                0x20000238                        __bss_start__ = _sbss
 *(.bss)
 .bss           0x20000238       0x1c /usr/lib/gcc/arm-none-eabi/13.2.1/thumb/v7e-m+fp/hard/crtbegin.o
 .bss           0x20000254      0x13c /usr/lib/gcc/arm-none-eabi/13.2.1/../../../arm-none-eabi/lib/thumb/v7e-m+fp/hard/libc_nano.a(libc_a-findfp.o)
                0x20000254                __sf
                0x2000038c                __stdio_exit_handler
 .bss           0x20000390        0x8 /usr/lib/gcc/arm-none-eabi/13.2.1/../../../arm-none-eabi/lib/thumb/v7e-m+fp/hard/libc_nano.a(libc_a-mallocr.o)
                0x20000390                __malloc_sbrk_start
                0x20000394                __malloc_free_list
 .bss           0x20000398        0x4 /usr/lib/gcc/arm-none-eabi/13.2.1/../../../arm-none-eabi/lib/thumb/v7e-m+fp/hard/libc_nano.a(libc_a-reent.o)
                0x20000398                errno
 *(.bss*)
 .bss.AWD_Flag  0x2000039c        0x1 build/stm32f4xx_it.o
                0x2000039c                AWD_Flag
 .bss.DMA2_Flag
                0x2000039d        0x1 build/stm32f4xx_it.o
                0x2000039d                DMA2_Flag
 *fill*         0x2000039e        0x2 
 .bss.__sbrk_heap_end
                0x200003a0        0x4 build/sysmem.o
 .bss.DMAEndOfTransfer
                0x200003a4        0x4 build/sdio_sd.o
                0x200003a4                DMAEndOfTransfer
 .bss.TransferEnd
                0x200003a8        0x4 build/sdio_sd.o
                0x200003a8                TransferEnd
 .bss.TransferError
                0x200003ac        0x1 build/sdio_sd.o
                0x200003ac                TransferError
 .bss.task_count
                0x200003ad        0x1 build/task.o
 *fill*         0x200003ae        0x2 
 .bss.task_pool
                0x200003b0       0xa0 build/task.o
 .bss.sysTickCounter
                0x20000450        0x4 build/task.o
 .bss.last_dma_tx_count
                0x20000454        0x2 build/usart.o
 .bss.dma_rx_transfer_complete
                0x20000456        0x1 build/usart.o
                0x20000456                dma_rx_transfer_complete
 .bss.dma_tx_transfer_complete
                0x20000457        0x1 build/usart.o
                0x20000457                dma_tx_transfer_complete
 .bss.rx_queue  0x20000458        0xc build/usart.o
                0x20000458                rx_queue
 .bss.tx_queue  0x20000464        0xc build/usart.o
                0x20000464                tx_queue
 .bss.dma_rx_buffer
                0x20000470      0x100 build/usart.o
 .bss.dma_tx_buffer
                0x20000570      0x100 build/usart.o
 *(COMMON)
                0x20000670                        . = ALIGN (0x4)
                0x20000670                        _ebss = .
                0x20000670                        __bss_end__ = _ebss

._user_heap_stack
                0x20000670      0x600
                0x20000670                        . = ALIGN (0x8)
                [!provide]                        PROVIDE (end = .)
                0x20000670                        PROVIDE (_end = .)
                0x20000870                        . = (. + _Min_Heap_Size)
 *fill*         0x20000670      0x200 
                0x20000c70                        . = (. + _Min_Stack_Size)
 *fill*         0x20000870      0x400 
                0x20000c70                        . = ALIGN (0x8)

/DISCARD/
 libc.a(*)
 libm.a(*)
 libgcc.a(*)
OUTPUT(build/CAR.elf elf32-littlearm)
LOAD linker stubs
LOAD /usr/lib/gcc/arm-none-eabi/13.2.1/../../../arm-none-eabi/lib/thumb/v7e-m+fp/hard/libc.a
LOAD /usr/lib/gcc/arm-none-eabi/13.2.1/../../../arm-none-eabi/lib/thumb/v7e-m+fp/hard/libm.a
LOAD /usr/lib/gcc/arm-none-eabi/13.2.1/thumb/v7e-m+fp/hard/libgcc.a

.ARM.attributes
                0x00000000       0x30
 .ARM.attributes
                0x00000000       0x22 /usr/lib/gcc/arm-none-eabi/13.2.1/thumb/v7e-m+fp/hard/crti.o
 .ARM.attributes
                0x00000022       0x34 /usr/lib/gcc/arm-none-eabi/13.2.1/thumb/v7e-m+fp/hard/crtbegin.o
 .ARM.attributes
                0x00000056       0x34 build/main.o
 .ARM.attributes
                0x0000008a       0x34 build/stm32f4xx_it.o
 .ARM.attributes
                0x000000be       0x34 build/syscalls.o
 .ARM.attributes
                0x000000f2       0x34 build/sysmem.o
 .ARM.attributes
                0x00000126       0x34 build/misc.o
 .ARM.attributes
                0x0000015a       0x34 build/stm32f4xx_gpio.o
 .ARM.attributes
                0x0000018e       0x34 build/stm32f4xx_rcc.o
 .ARM.attributes
                0x000001c2       0x34 build/stm32f4xx_usart.o
 .ARM.attributes
                0x000001f6       0x34 build/stm32f4xx_adc.o
 .ARM.attributes
                0x0000022a       0x34 build/stm32f4xx_tim.o
 .ARM.attributes
                0x0000025e       0x34 build/stm32f4xx_dma.o
 .ARM.attributes
                0x00000292       0x34 build/stm32f4xx_sdio.o
 .ARM.attributes
                0x000002c6       0x34 build/system_stm32f4xx.o
 .ARM.attributes
                0x000002fa       0x34 build/delay.o
 .ARM.attributes
                0x0000032e       0x34 build/encoder.o
 .ARM.attributes
                0x00000362       0x34 build/led.o
 .ARM.attributes
                0x00000396       0x34 build/motor.o
 .ARM.attributes
                0x000003ca       0x34 build/ring_buffer.o
 .ARM.attributes
                0x000003fe       0x34 build/sdio_sd.o
 .ARM.attributes
                0x00000432       0x34 build/task.o
 .ARM.attributes
                0x00000466       0x34 build/usart.o
 .ARM.attributes
                0x0000049a       0x21 build/startup_stm32f40xx.o
 .ARM.attributes
                0x000004bb       0x34 /usr/lib/gcc/arm-none-eabi/13.2.1/../../../arm-none-eabi/lib/thumb/v7e-m+fp/hard/libc_nano.a(libc_a-impure.o)
 .ARM.attributes
                0x000004ef       0x34 /usr/lib/gcc/arm-none-eabi/13.2.1/../../../arm-none-eabi/lib/thumb/v7e-m+fp/hard/libc_nano.a(libc_a-puts.o)
 .ARM.attributes
                0x00000523       0x34 /usr/lib/gcc/arm-none-eabi/13.2.1/../../../arm-none-eabi/lib/thumb/v7e-m+fp/hard/libc_nano.a(libc_a-findfp.o)
 .ARM.attributes
                0x00000557       0x34 /usr/lib/gcc/arm-none-eabi/13.2.1/../../../arm-none-eabi/lib/thumb/v7e-m+fp/hard/libc_nano.a(libc_a-memset.o)
 .ARM.attributes
                0x0000058b       0x34 /usr/lib/gcc/arm-none-eabi/13.2.1/../../../arm-none-eabi/lib/thumb/v7e-m+fp/hard/libc_nano.a(libc_a-fflush.o)
 .ARM.attributes
                0x000005bf       0x34 /usr/lib/gcc/arm-none-eabi/13.2.1/../../../arm-none-eabi/lib/thumb/v7e-m+fp/hard/libc_nano.a(libc_a-errno.o)
 .ARM.attributes
                0x000005f3       0x34 /usr/lib/gcc/arm-none-eabi/13.2.1/../../../arm-none-eabi/lib/thumb/v7e-m+fp/hard/libc_nano.a(libc_a-nano-vfprintf_float.o)
 .ARM.attributes
                0x00000627       0x34 /usr/lib/gcc/arm-none-eabi/13.2.1/../../../arm-none-eabi/lib/thumb/v7e-m+fp/hard/libc_nano.a(libc_a-mallocr.o)
 .ARM.attributes
                0x0000065b       0x34 /usr/lib/gcc/arm-none-eabi/13.2.1/../../../arm-none-eabi/lib/thumb/v7e-m+fp/hard/libc_nano.a(libc_a-dtoa.o)
 .ARM.attributes
                0x0000068f       0x34 /usr/lib/gcc/arm-none-eabi/13.2.1/../../../arm-none-eabi/lib/thumb/v7e-m+fp/hard/libc_nano.a(libc_a-freer.o)
 .ARM.attributes
                0x000006c3       0x34 /usr/lib/gcc/arm-none-eabi/13.2.1/../../../arm-none-eabi/lib/thumb/v7e-m+fp/hard/libc_nano.a(libc_a-memmove.o)
 .ARM.attributes
                0x000006f7       0x34 /usr/lib/gcc/arm-none-eabi/13.2.1/../../../arm-none-eabi/lib/thumb/v7e-m+fp/hard/libc_nano.a(libc_a-fwalk.o)
 .ARM.attributes
                0x0000072b       0x1c /usr/lib/gcc/arm-none-eabi/13.2.1/../../../arm-none-eabi/lib/thumb/v7e-m+fp/hard/libc_nano.a(libc_a-memchr.o)
 .ARM.attributes
                0x00000747       0x34 /usr/lib/gcc/arm-none-eabi/13.2.1/../../../arm-none-eabi/lib/thumb/v7e-m+fp/hard/libc_nano.a(libc_a-wsetup.o)
 .ARM.attributes
                0x0000077b       0x20 /usr/lib/gcc/arm-none-eabi/13.2.1/../../../arm-none-eabi/lib/thumb/v7e-m+fp/hard/libc_nano.a(libc_a-memcpy.o)
 .ARM.attributes
                0x0000079b       0x34 /usr/lib/gcc/arm-none-eabi/13.2.1/../../../arm-none-eabi/lib/thumb/v7e-m+fp/hard/libc_nano.a(libc_a-malloc.o)
 .ARM.attributes
                0x000007cf       0x34 /usr/lib/gcc/arm-none-eabi/13.2.1/../../../arm-none-eabi/lib/thumb/v7e-m+fp/hard/libc_nano.a(libc_a-reallocr.o)
 .ARM.attributes
                0x00000803       0x34 /usr/lib/gcc/arm-none-eabi/13.2.1/../../../arm-none-eabi/lib/thumb/v7e-m+fp/hard/libc_nano.a(libc_a-nano-vfprintf_i.o)
 .ARM.attributes
                0x00000837       0x34 /usr/lib/gcc/arm-none-eabi/13.2.1/../../../arm-none-eabi/lib/thumb/v7e-m+fp/hard/libc_nano.a(libc_a-mlock.o)
 .ARM.attributes
                0x0000086b       0x34 /usr/lib/gcc/arm-none-eabi/13.2.1/../../../arm-none-eabi/lib/thumb/v7e-m+fp/hard/libc_nano.a(libc_a-makebuf.o)
 .ARM.attributes
                0x0000089f       0x34 /usr/lib/gcc/arm-none-eabi/13.2.1/../../../arm-none-eabi/lib/thumb/v7e-m+fp/hard/libc_nano.a(libc_a-printf.o)
 .ARM.attributes
                0x000008d3       0x34 /usr/lib/gcc/arm-none-eabi/13.2.1/../../../arm-none-eabi/lib/thumb/v7e-m+fp/hard/libc_nano.a(libc_a-isattyr.o)
 .ARM.attributes
                0x00000907       0x34 /usr/lib/gcc/arm-none-eabi/13.2.1/../../../arm-none-eabi/lib/thumb/v7e-m+fp/hard/libc_nano.a(libc_a-nano-vfprintf.o)
 .ARM.attributes
                0x0000093b       0x34 /usr/lib/gcc/arm-none-eabi/13.2.1/../../../arm-none-eabi/lib/thumb/v7e-m+fp/hard/libc_nano.a(libc_a-wbuf.o)
 .ARM.attributes
                0x0000096f       0x34 /usr/lib/gcc/arm-none-eabi/13.2.1/../../../arm-none-eabi/lib/thumb/v7e-m+fp/hard/libc_nano.a(libc_a-assert.o)
 .ARM.attributes
                0x000009a3       0x34 /usr/lib/gcc/arm-none-eabi/13.2.1/../../../arm-none-eabi/lib/thumb/v7e-m+fp/hard/libc_nano.a(libc_a-mprec.o)
 .ARM.attributes
                0x000009d7       0x34 /usr/lib/gcc/arm-none-eabi/13.2.1/../../../arm-none-eabi/lib/thumb/v7e-m+fp/hard/libc_nano.a(libc_a-sbrkr.o)
 .ARM.attributes
                0x00000a0b       0x34 /usr/lib/gcc/arm-none-eabi/13.2.1/../../../arm-none-eabi/lib/thumb/v7e-m+fp/hard/libc_nano.a(libc_a-stdio.o)
 .ARM.attributes
                0x00000a3f       0x34 /usr/lib/gcc/arm-none-eabi/13.2.1/../../../arm-none-eabi/lib/thumb/v7e-m+fp/hard/libc_nano.a(libc_a-msizer.o)
 .ARM.attributes
                0x00000a73       0x34 /usr/lib/gcc/arm-none-eabi/13.2.1/../../../arm-none-eabi/lib/thumb/v7e-m+fp/hard/libc_nano.a(libc_a-localeconv.o)
 .ARM.attributes
                0x00000aa7       0x34 /usr/lib/gcc/arm-none-eabi/13.2.1/../../../arm-none-eabi/lib/thumb/v7e-m+fp/hard/libc_nano.a(libc_a-fvwrite.o)
 .ARM.attributes
                0x00000adb       0x34 /usr/lib/gcc/arm-none-eabi/13.2.1/../../../arm-none-eabi/lib/thumb/v7e-m+fp/hard/libc_nano.a(libc_a-abort.o)
 .ARM.attributes
                0x00000b0f       0x34 /usr/lib/gcc/arm-none-eabi/13.2.1/../../../arm-none-eabi/lib/thumb/v7e-m+fp/hard/libc_nano.a(libc_a-closer.o)
 .ARM.attributes
                0x00000b43       0x1c /usr/lib/gcc/arm-none-eabi/13.2.1/../../../arm-none-eabi/lib/thumb/v7e-m+fp/hard/libc_nano.a(libc_a-strlen.o)
 .ARM.attributes
                0x00000b5f       0x34 /usr/lib/gcc/arm-none-eabi/13.2.1/../../../arm-none-eabi/lib/thumb/v7e-m+fp/hard/libc_nano.a(libc_a-callocr.o)
 .ARM.attributes
                0x00000b93       0x34 /usr/lib/gcc/arm-none-eabi/13.2.1/../../../arm-none-eabi/lib/thumb/v7e-m+fp/hard/libc_nano.a(libc_a-locale.o)
 .ARM.attributes
                0x00000bc7       0x34 /usr/lib/gcc/arm-none-eabi/13.2.1/../../../arm-none-eabi/lib/thumb/v7e-m+fp/hard/libc_nano.a(libc_a-wctomb_r.o)
 .ARM.attributes
                0x00000bfb       0x34 /usr/lib/gcc/arm-none-eabi/13.2.1/../../../arm-none-eabi/lib/thumb/v7e-m+fp/hard/libc_nano.a(libc_a-readr.o)
 .ARM.attributes
                0x00000c2f       0x34 /usr/lib/gcc/arm-none-eabi/13.2.1/../../../arm-none-eabi/lib/thumb/v7e-m+fp/hard/libc_nano.a(libc_a-fprintf.o)
 .ARM.attributes
                0x00000c63       0x34 /usr/lib/gcc/arm-none-eabi/13.2.1/../../../arm-none-eabi/lib/thumb/v7e-m+fp/hard/libc_nano.a(libc_a-reent.o)
 .ARM.attributes
                0x00000c97       0x34 /usr/lib/gcc/arm-none-eabi/13.2.1/../../../arm-none-eabi/lib/thumb/v7e-m+fp/hard/libc_nano.a(libc_a-fstatr.o)
 .ARM.attributes
                0x00000ccb       0x34 /usr/lib/gcc/arm-none-eabi/13.2.1/../../../arm-none-eabi/lib/thumb/v7e-m+fp/hard/libc_nano.a(libc_a-lseekr.o)
 .ARM.attributes
                0x00000cff       0x34 /usr/lib/gcc/arm-none-eabi/13.2.1/../../../arm-none-eabi/lib/thumb/v7e-m+fp/hard/libc_nano.a(libc_a-ctype_.o)
 .ARM.attributes
                0x00000d33       0x34 /usr/lib/gcc/arm-none-eabi/13.2.1/../../../arm-none-eabi/lib/thumb/v7e-m+fp/hard/libc_nano.a(libc_a-writer.o)
 .ARM.attributes
                0x00000d67       0x34 /usr/lib/gcc/arm-none-eabi/13.2.1/../../../arm-none-eabi/lib/thumb/v7e-m+fp/hard/libc_nano.a(libc_a-mbtowc_r.o)
 .ARM.attributes
                0x00000d9b       0x34 /usr/lib/gcc/arm-none-eabi/13.2.1/../../../arm-none-eabi/lib/thumb/v7e-m+fp/hard/libc_nano.a(libc_a-signal.o)
 .ARM.attributes
                0x00000dcf       0x34 /usr/lib/gcc/arm-none-eabi/13.2.1/../../../arm-none-eabi/lib/thumb/v7e-m+fp/hard/libc_nano.a(libc_a-signalr.o)
 .ARM.attributes
                0x00000e03       0x22 /usr/lib/gcc/arm-none-eabi/13.2.1/thumb/v7e-m+fp/hard/libgcc.a(_arm_addsubdf3.o)
 .ARM.attributes
                0x00000e25       0x22 /usr/lib/gcc/arm-none-eabi/13.2.1/thumb/v7e-m+fp/hard/libgcc.a(_arm_muldivdf3.o)
 .ARM.attributes
                0x00000e47       0x22 /usr/lib/gcc/arm-none-eabi/13.2.1/thumb/v7e-m+fp/hard/libgcc.a(_arm_cmpdf2.o)
 .ARM.attributes
                0x00000e69       0x22 /usr/lib/gcc/arm-none-eabi/13.2.1/thumb/v7e-m+fp/hard/libgcc.a(_arm_unorddf2.o)
 .ARM.attributes
                0x00000e8b       0x22 /usr/lib/gcc/arm-none-eabi/13.2.1/thumb/v7e-m+fp/hard/libgcc.a(_arm_fixdfsi.o)
 .ARM.attributes
                0x00000ead       0x34 /usr/lib/gcc/arm-none-eabi/13.2.1/thumb/v7e-m+fp/hard/crtend.o
 .ARM.attributes
                0x00000ee1       0x22 /usr/lib/gcc/arm-none-eabi/13.2.1/thumb/v7e-m+fp/hard/crtn.o

.comment        0x00000000       0x26
 .comment       0x00000000       0x26 /usr/lib/gcc/arm-none-eabi/13.2.1/thumb/v7e-m+fp/hard/crtbegin.o
                                 0x27 (size before relaxing)
 .comment       0x00000026       0x27 build/main.o
 .comment       0x00000026       0x27 build/stm32f4xx_it.o
 .comment       0x00000026       0x27 build/syscalls.o
 .comment       0x00000026       0x27 build/sysmem.o
 .comment       0x00000026       0x27 build/misc.o
 .comment       0x00000026       0x27 build/stm32f4xx_gpio.o
 .comment       0x00000026       0x27 build/stm32f4xx_rcc.o
 .comment       0x00000026       0x27 build/stm32f4xx_usart.o
 .comment       0x00000026       0x27 build/stm32f4xx_adc.o
 .comment       0x00000026       0x27 build/stm32f4xx_tim.o
 .comment       0x00000026       0x27 build/stm32f4xx_dma.o
 .comment       0x00000026       0x27 build/stm32f4xx_sdio.o
 .comment       0x00000026       0x27 build/system_stm32f4xx.o
 .comment       0x00000026       0x27 build/delay.o
 .comment       0x00000026       0x27 build/encoder.o
 .comment       0x00000026       0x27 build/led.o
 .comment       0x00000026       0x27 build/motor.o
 .comment       0x00000026       0x27 build/ring_buffer.o
 .comment       0x00000026       0x27 build/sdio_sd.o
 .comment       0x00000026       0x27 build/task.o
 .comment       0x00000026       0x27 build/usart.o
 .comment       0x00000026       0x27 /usr/lib/gcc/arm-none-eabi/13.2.1/../../../arm-none-eabi/lib/thumb/v7e-m+fp/hard/libc_nano.a(libc_a-impure.o)
 .comment       0x00000026       0x27 /usr/lib/gcc/arm-none-eabi/13.2.1/../../../arm-none-eabi/lib/thumb/v7e-m+fp/hard/libc_nano.a(libc_a-puts.o)
 .comment       0x00000026       0x27 /usr/lib/gcc/arm-none-eabi/13.2.1/../../../arm-none-eabi/lib/thumb/v7e-m+fp/hard/libc_nano.a(libc_a-findfp.o)
 .comment       0x00000026       0x27 /usr/lib/gcc/arm-none-eabi/13.2.1/../../../arm-none-eabi/lib/thumb/v7e-m+fp/hard/libc_nano.a(libc_a-memset.o)
 .comment       0x00000026       0x27 /usr/lib/gcc/arm-none-eabi/13.2.1/../../../arm-none-eabi/lib/thumb/v7e-m+fp/hard/libc_nano.a(libc_a-fflush.o)
 .comment       0x00000026       0x27 /usr/lib/gcc/arm-none-eabi/13.2.1/../../../arm-none-eabi/lib/thumb/v7e-m+fp/hard/libc_nano.a(libc_a-errno.o)
 .comment       0x00000026       0x27 /usr/lib/gcc/arm-none-eabi/13.2.1/../../../arm-none-eabi/lib/thumb/v7e-m+fp/hard/libc_nano.a(libc_a-nano-vfprintf_float.o)
 .comment       0x00000026       0x27 /usr/lib/gcc/arm-none-eabi/13.2.1/../../../arm-none-eabi/lib/thumb/v7e-m+fp/hard/libc_nano.a(libc_a-mallocr.o)
 .comment       0x00000026       0x27 /usr/lib/gcc/arm-none-eabi/13.2.1/../../../arm-none-eabi/lib/thumb/v7e-m+fp/hard/libc_nano.a(libc_a-dtoa.o)
 .comment       0x00000026       0x27 /usr/lib/gcc/arm-none-eabi/13.2.1/../../../arm-none-eabi/lib/thumb/v7e-m+fp/hard/libc_nano.a(libc_a-freer.o)
 .comment       0x00000026       0x27 /usr/lib/gcc/arm-none-eabi/13.2.1/../../../arm-none-eabi/lib/thumb/v7e-m+fp/hard/libc_nano.a(libc_a-memmove.o)
 .comment       0x00000026       0x27 /usr/lib/gcc/arm-none-eabi/13.2.1/../../../arm-none-eabi/lib/thumb/v7e-m+fp/hard/libc_nano.a(libc_a-fwalk.o)
 .comment       0x00000026       0x27 /usr/lib/gcc/arm-none-eabi/13.2.1/../../../arm-none-eabi/lib/thumb/v7e-m+fp/hard/libc_nano.a(libc_a-wsetup.o)
 .comment       0x00000026       0x27 /usr/lib/gcc/arm-none-eabi/13.2.1/../../../arm-none-eabi/lib/thumb/v7e-m+fp/hard/libc_nano.a(libc_a-malloc.o)
 .comment       0x00000026       0x27 /usr/lib/gcc/arm-none-eabi/13.2.1/../../../arm-none-eabi/lib/thumb/v7e-m+fp/hard/libc_nano.a(libc_a-reallocr.o)
 .comment       0x00000026       0x27 /usr/lib/gcc/arm-none-eabi/13.2.1/../../../arm-none-eabi/lib/thumb/v7e-m+fp/hard/libc_nano.a(libc_a-nano-vfprintf_i.o)
 .comment       0x00000026       0x27 /usr/lib/gcc/arm-none-eabi/13.2.1/../../../arm-none-eabi/lib/thumb/v7e-m+fp/hard/libc_nano.a(libc_a-mlock.o)
 .comment       0x00000026       0x27 /usr/lib/gcc/arm-none-eabi/13.2.1/../../../arm-none-eabi/lib/thumb/v7e-m+fp/hard/libc_nano.a(libc_a-makebuf.o)
 .comment       0x00000026       0x27 /usr/lib/gcc/arm-none-eabi/13.2.1/../../../arm-none-eabi/lib/thumb/v7e-m+fp/hard/libc_nano.a(libc_a-printf.o)
 .comment       0x00000026       0x27 /usr/lib/gcc/arm-none-eabi/13.2.1/../../../arm-none-eabi/lib/thumb/v7e-m+fp/hard/libc_nano.a(libc_a-isattyr.o)
 .comment       0x00000026       0x27 /usr/lib/gcc/arm-none-eabi/13.2.1/../../../arm-none-eabi/lib/thumb/v7e-m+fp/hard/libc_nano.a(libc_a-nano-vfprintf.o)
 .comment       0x00000026       0x27 /usr/lib/gcc/arm-none-eabi/13.2.1/../../../arm-none-eabi/lib/thumb/v7e-m+fp/hard/libc_nano.a(libc_a-wbuf.o)
 .comment       0x00000026       0x27 /usr/lib/gcc/arm-none-eabi/13.2.1/../../../arm-none-eabi/lib/thumb/v7e-m+fp/hard/libc_nano.a(libc_a-assert.o)
 .comment       0x00000026       0x27 /usr/lib/gcc/arm-none-eabi/13.2.1/../../../arm-none-eabi/lib/thumb/v7e-m+fp/hard/libc_nano.a(libc_a-mprec.o)
 .comment       0x00000026       0x27 /usr/lib/gcc/arm-none-eabi/13.2.1/../../../arm-none-eabi/lib/thumb/v7e-m+fp/hard/libc_nano.a(libc_a-sbrkr.o)
 .comment       0x00000026       0x27 /usr/lib/gcc/arm-none-eabi/13.2.1/../../../arm-none-eabi/lib/thumb/v7e-m+fp/hard/libc_nano.a(libc_a-stdio.o)
 .comment       0x00000026       0x27 /usr/lib/gcc/arm-none-eabi/13.2.1/../../../arm-none-eabi/lib/thumb/v7e-m+fp/hard/libc_nano.a(libc_a-msizer.o)
 .comment       0x00000026       0x27 /usr/lib/gcc/arm-none-eabi/13.2.1/../../../arm-none-eabi/lib/thumb/v7e-m+fp/hard/libc_nano.a(libc_a-localeconv.o)
 .comment       0x00000026       0x27 /usr/lib/gcc/arm-none-eabi/13.2.1/../../../arm-none-eabi/lib/thumb/v7e-m+fp/hard/libc_nano.a(libc_a-fvwrite.o)
 .comment       0x00000026       0x27 /usr/lib/gcc/arm-none-eabi/13.2.1/../../../arm-none-eabi/lib/thumb/v7e-m+fp/hard/libc_nano.a(libc_a-abort.o)
 .comment       0x00000026       0x27 /usr/lib/gcc/arm-none-eabi/13.2.1/../../../arm-none-eabi/lib/thumb/v7e-m+fp/hard/libc_nano.a(libc_a-closer.o)
 .comment       0x00000026       0x27 /usr/lib/gcc/arm-none-eabi/13.2.1/../../../arm-none-eabi/lib/thumb/v7e-m+fp/hard/libc_nano.a(libc_a-callocr.o)
 .comment       0x00000026       0x27 /usr/lib/gcc/arm-none-eabi/13.2.1/../../../arm-none-eabi/lib/thumb/v7e-m+fp/hard/libc_nano.a(libc_a-locale.o)
 .comment       0x00000026       0x27 /usr/lib/gcc/arm-none-eabi/13.2.1/../../../arm-none-eabi/lib/thumb/v7e-m+fp/hard/libc_nano.a(libc_a-wctomb_r.o)
 .comment       0x00000026       0x27 /usr/lib/gcc/arm-none-eabi/13.2.1/../../../arm-none-eabi/lib/thumb/v7e-m+fp/hard/libc_nano.a(libc_a-readr.o)
 .comment       0x00000026       0x27 /usr/lib/gcc/arm-none-eabi/13.2.1/../../../arm-none-eabi/lib/thumb/v7e-m+fp/hard/libc_nano.a(libc_a-fprintf.o)
 .comment       0x00000026       0x27 /usr/lib/gcc/arm-none-eabi/13.2.1/../../../arm-none-eabi/lib/thumb/v7e-m+fp/hard/libc_nano.a(libc_a-reent.o)
 .comment       0x00000026       0x27 /usr/lib/gcc/arm-none-eabi/13.2.1/../../../arm-none-eabi/lib/thumb/v7e-m+fp/hard/libc_nano.a(libc_a-fstatr.o)
 .comment       0x00000026       0x27 /usr/lib/gcc/arm-none-eabi/13.2.1/../../../arm-none-eabi/lib/thumb/v7e-m+fp/hard/libc_nano.a(libc_a-lseekr.o)
 .comment       0x00000026       0x27 /usr/lib/gcc/arm-none-eabi/13.2.1/../../../arm-none-eabi/lib/thumb/v7e-m+fp/hard/libc_nano.a(libc_a-ctype_.o)
 .comment       0x00000026       0x27 /usr/lib/gcc/arm-none-eabi/13.2.1/../../../arm-none-eabi/lib/thumb/v7e-m+fp/hard/libc_nano.a(libc_a-writer.o)
 .comment       0x00000026       0x27 /usr/lib/gcc/arm-none-eabi/13.2.1/../../../arm-none-eabi/lib/thumb/v7e-m+fp/hard/libc_nano.a(libc_a-mbtowc_r.o)
 .comment       0x00000026       0x27 /usr/lib/gcc/arm-none-eabi/13.2.1/../../../arm-none-eabi/lib/thumb/v7e-m+fp/hard/libc_nano.a(libc_a-signal.o)
 .comment       0x00000026       0x27 /usr/lib/gcc/arm-none-eabi/13.2.1/../../../arm-none-eabi/lib/thumb/v7e-m+fp/hard/libc_nano.a(libc_a-signalr.o)
 .comment       0x00000026       0x27 /usr/lib/gcc/arm-none-eabi/13.2.1/thumb/v7e-m+fp/hard/crtend.o

.debug_info     0x00000000    0x2cd67
 .debug_info    0x00000000      0x89c build/main.o
 .debug_info    0x0000089c     0x11b1 build/stm32f4xx_it.o
 .debug_info    0x00001a4d      0x853 build/syscalls.o
 .debug_info    0x000022a0      0x174 build/sysmem.o
 .debug_info    0x00002414      0x5d3 build/misc.o
 .debug_info    0x000029e7      0x8f9 build/stm32f4xx_gpio.o
 .debug_info    0x000032e0     0x10a9 build/stm32f4xx_rcc.o
 .debug_info    0x00004389      0xd3a build/stm32f4xx_usart.o
 .debug_info    0x000050c3      0xe98 build/stm32f4xx_adc.o
 .debug_info    0x00005f5b     0x26bb build/stm32f4xx_tim.o
 .debug_info    0x00008616      0x840 build/stm32f4xx_dma.o
 .debug_info    0x00008e56      0x972 build/stm32f4xx_sdio.o
 .debug_info    0x000097c8      0x6d8 build/system_stm32f4xx.o
 .debug_info    0x00009ea0      0x56f build/delay.o
 .debug_info    0x0000a40f      0xd19 build/encoder.o
 .debug_info    0x0000b128      0x3f7 build/led.o
 .debug_info    0x0000b51f     0x11b2 build/motor.o
 .debug_info    0x0000c6d1      0x471 build/ring_buffer.o
 .debug_info    0x0000cb42     0x34f6 build/sdio_sd.o
 .debug_info    0x00010038      0x9a0 build/task.o
 .debug_info    0x000109d8     0x1893 build/usart.o
 .debug_info    0x0001226b       0x30 build/startup_stm32f40xx.o
 .debug_info    0x0001229b      0x70b /usr/lib/gcc/arm-none-eabi/13.2.1/../../../arm-none-eabi/lib/thumb/v7e-m+fp/hard/libc_nano.a(libc_a-impure.o)
 .debug_info    0x000129a6      0x8f8 /usr/lib/gcc/arm-none-eabi/13.2.1/../../../arm-none-eabi/lib/thumb/v7e-m+fp/hard/libc_nano.a(libc_a-puts.o)
 .debug_info    0x0001329e      0xe8c /usr/lib/gcc/arm-none-eabi/13.2.1/../../../arm-none-eabi/lib/thumb/v7e-m+fp/hard/libc_nano.a(libc_a-findfp.o)
 .debug_info    0x0001412a      0x135 /usr/lib/gcc/arm-none-eabi/13.2.1/../../../arm-none-eabi/lib/thumb/v7e-m+fp/hard/libc_nano.a(libc_a-memset.o)
 .debug_info    0x0001425f      0xa33 /usr/lib/gcc/arm-none-eabi/13.2.1/../../../arm-none-eabi/lib/thumb/v7e-m+fp/hard/libc_nano.a(libc_a-fflush.o)
 .debug_info    0x00014c92      0x6f1 /usr/lib/gcc/arm-none-eabi/13.2.1/../../../arm-none-eabi/lib/thumb/v7e-m+fp/hard/libc_nano.a(libc_a-errno.o)
 .debug_info    0x00015383     0x13f9 /usr/lib/gcc/arm-none-eabi/13.2.1/../../../arm-none-eabi/lib/thumb/v7e-m+fp/hard/libc_nano.a(libc_a-nano-vfprintf_float.o)
 .debug_info    0x0001677c      0x9b6 /usr/lib/gcc/arm-none-eabi/13.2.1/../../../arm-none-eabi/lib/thumb/v7e-m+fp/hard/libc_nano.a(libc_a-mallocr.o)
 .debug_info    0x00017132     0x1952 /usr/lib/gcc/arm-none-eabi/13.2.1/../../../arm-none-eabi/lib/thumb/v7e-m+fp/hard/libc_nano.a(libc_a-dtoa.o)
 .debug_info    0x00018a84      0x87f /usr/lib/gcc/arm-none-eabi/13.2.1/../../../arm-none-eabi/lib/thumb/v7e-m+fp/hard/libc_nano.a(libc_a-freer.o)
 .debug_info    0x00019303      0x148 /usr/lib/gcc/arm-none-eabi/13.2.1/../../../arm-none-eabi/lib/thumb/v7e-m+fp/hard/libc_nano.a(libc_a-memmove.o)
 .debug_info    0x0001944b      0x7c8 /usr/lib/gcc/arm-none-eabi/13.2.1/../../../arm-none-eabi/lib/thumb/v7e-m+fp/hard/libc_nano.a(libc_a-fwalk.o)
 .debug_info    0x00019c13       0x25 /usr/lib/gcc/arm-none-eabi/13.2.1/../../../arm-none-eabi/lib/thumb/v7e-m+fp/hard/libc_nano.a(libc_a-memchr.o)
 .debug_info    0x00019c38      0x7b1 /usr/lib/gcc/arm-none-eabi/13.2.1/../../../arm-none-eabi/lib/thumb/v7e-m+fp/hard/libc_nano.a(libc_a-wsetup.o)
 .debug_info    0x0001a3e9       0x33 /usr/lib/gcc/arm-none-eabi/13.2.1/../../../arm-none-eabi/lib/thumb/v7e-m+fp/hard/libc_nano.a(libc_a-memcpy.o)
 .debug_info    0x0001a41c      0x796 /usr/lib/gcc/arm-none-eabi/13.2.1/../../../arm-none-eabi/lib/thumb/v7e-m+fp/hard/libc_nano.a(libc_a-malloc.o)
 .debug_info    0x0001abb2      0x8cd /usr/lib/gcc/arm-none-eabi/13.2.1/../../../arm-none-eabi/lib/thumb/v7e-m+fp/hard/libc_nano.a(libc_a-reallocr.o)
 .debug_info    0x0001b47f      0xdd7 /usr/lib/gcc/arm-none-eabi/13.2.1/../../../arm-none-eabi/lib/thumb/v7e-m+fp/hard/libc_nano.a(libc_a-nano-vfprintf_i.o)
 .debug_info    0x0001c256      0x71c /usr/lib/gcc/arm-none-eabi/13.2.1/../../../arm-none-eabi/lib/thumb/v7e-m+fp/hard/libc_nano.a(libc_a-mlock.o)
 .debug_info    0x0001c972      0xbe6 /usr/lib/gcc/arm-none-eabi/13.2.1/../../../arm-none-eabi/lib/thumb/v7e-m+fp/hard/libc_nano.a(libc_a-makebuf.o)
 .debug_info    0x0001d558      0x837 /usr/lib/gcc/arm-none-eabi/13.2.1/../../../arm-none-eabi/lib/thumb/v7e-m+fp/hard/libc_nano.a(libc_a-printf.o)
 .debug_info    0x0001dd8f      0x752 /usr/lib/gcc/arm-none-eabi/13.2.1/../../../arm-none-eabi/lib/thumb/v7e-m+fp/hard/libc_nano.a(libc_a-isattyr.o)
 .debug_info    0x0001e4e1     0x108a /usr/lib/gcc/arm-none-eabi/13.2.1/../../../arm-none-eabi/lib/thumb/v7e-m+fp/hard/libc_nano.a(libc_a-nano-vfprintf.o)
 .debug_info    0x0001f56b      0x863 /usr/lib/gcc/arm-none-eabi/13.2.1/../../../arm-none-eabi/lib/thumb/v7e-m+fp/hard/libc_nano.a(libc_a-wbuf.o)
 .debug_info    0x0001fdce      0x825 /usr/lib/gcc/arm-none-eabi/13.2.1/../../../arm-none-eabi/lib/thumb/v7e-m+fp/hard/libc_nano.a(libc_a-assert.o)
 .debug_info    0x000205f3     0x1f25 /usr/lib/gcc/arm-none-eabi/13.2.1/../../../arm-none-eabi/lib/thumb/v7e-m+fp/hard/libc_nano.a(libc_a-mprec.o)
 .debug_info    0x00022518      0x778 /usr/lib/gcc/arm-none-eabi/13.2.1/../../../arm-none-eabi/lib/thumb/v7e-m+fp/hard/libc_nano.a(libc_a-sbrkr.o)
 .debug_info    0x00022c90      0xa80 /usr/lib/gcc/arm-none-eabi/13.2.1/../../../arm-none-eabi/lib/thumb/v7e-m+fp/hard/libc_nano.a(libc_a-stdio.o)
 .debug_info    0x00023710      0x78a /usr/lib/gcc/arm-none-eabi/13.2.1/../../../arm-none-eabi/lib/thumb/v7e-m+fp/hard/libc_nano.a(libc_a-msizer.o)
 .debug_info    0x00023e9a      0xa0e /usr/lib/gcc/arm-none-eabi/13.2.1/../../../arm-none-eabi/lib/thumb/v7e-m+fp/hard/libc_nano.a(libc_a-localeconv.o)
 .debug_info    0x000248a8      0xaf1 /usr/lib/gcc/arm-none-eabi/13.2.1/../../../arm-none-eabi/lib/thumb/v7e-m+fp/hard/libc_nano.a(libc_a-fvwrite.o)
 .debug_info    0x00025399       0xd8 /usr/lib/gcc/arm-none-eabi/13.2.1/../../../arm-none-eabi/lib/thumb/v7e-m+fp/hard/libc_nano.a(libc_a-abort.o)
 .debug_info    0x00025471      0x752 /usr/lib/gcc/arm-none-eabi/13.2.1/../../../arm-none-eabi/lib/thumb/v7e-m+fp/hard/libc_nano.a(libc_a-closer.o)
 .debug_info    0x00025bc3       0x33 /usr/lib/gcc/arm-none-eabi/13.2.1/../../../arm-none-eabi/lib/thumb/v7e-m+fp/hard/libc_nano.a(libc_a-strlen.o)
 .debug_info    0x00025bf6      0x7c9 /usr/lib/gcc/arm-none-eabi/13.2.1/../../../arm-none-eabi/lib/thumb/v7e-m+fp/hard/libc_nano.a(libc_a-callocr.o)
 .debug_info    0x000263bf      0xbb9 /usr/lib/gcc/arm-none-eabi/13.2.1/../../../arm-none-eabi/lib/thumb/v7e-m+fp/hard/libc_nano.a(libc_a-locale.o)
 .debug_info    0x00026f78      0xa6c /usr/lib/gcc/arm-none-eabi/13.2.1/../../../arm-none-eabi/lib/thumb/v7e-m+fp/hard/libc_nano.a(libc_a-wctomb_r.o)
 .debug_info    0x000279e4      0x7b5 /usr/lib/gcc/arm-none-eabi/13.2.1/../../../arm-none-eabi/lib/thumb/v7e-m+fp/hard/libc_nano.a(libc_a-readr.o)
 .debug_info    0x00028199      0x85d /usr/lib/gcc/arm-none-eabi/13.2.1/../../../arm-none-eabi/lib/thumb/v7e-m+fp/hard/libc_nano.a(libc_a-fprintf.o)
 .debug_info    0x000289f6      0x89f /usr/lib/gcc/arm-none-eabi/13.2.1/../../../arm-none-eabi/lib/thumb/v7e-m+fp/hard/libc_nano.a(libc_a-reent.o)
 .debug_info    0x00029295      0x977 /usr/lib/gcc/arm-none-eabi/13.2.1/../../../arm-none-eabi/lib/thumb/v7e-m+fp/hard/libc_nano.a(libc_a-fstatr.o)
 .debug_info    0x00029c0c      0x79e /usr/lib/gcc/arm-none-eabi/13.2.1/../../../arm-none-eabi/lib/thumb/v7e-m+fp/hard/libc_nano.a(libc_a-lseekr.o)
 .debug_info    0x0002a3aa       0xb9 /usr/lib/gcc/arm-none-eabi/13.2.1/../../../arm-none-eabi/lib/thumb/v7e-m+fp/hard/libc_nano.a(libc_a-ctype_.o)
 .debug_info    0x0002a463      0x7bb /usr/lib/gcc/arm-none-eabi/13.2.1/../../../arm-none-eabi/lib/thumb/v7e-m+fp/hard/libc_nano.a(libc_a-writer.o)
 .debug_info    0x0002ac1e      0xab0 /usr/lib/gcc/arm-none-eabi/13.2.1/../../../arm-none-eabi/lib/thumb/v7e-m+fp/hard/libc_nano.a(libc_a-mbtowc_r.o)
 .debug_info    0x0002b6ce      0xc39 /usr/lib/gcc/arm-none-eabi/13.2.1/../../../arm-none-eabi/lib/thumb/v7e-m+fp/hard/libc_nano.a(libc_a-signal.o)
 .debug_info    0x0002c307      0x7df /usr/lib/gcc/arm-none-eabi/13.2.1/../../../arm-none-eabi/lib/thumb/v7e-m+fp/hard/libc_nano.a(libc_a-signalr.o)
 .debug_info    0x0002cae6       0xd3 /usr/lib/gcc/arm-none-eabi/13.2.1/thumb/v7e-m+fp/hard/libgcc.a(_arm_addsubdf3.o)
 .debug_info    0x0002cbb9       0x57 /usr/lib/gcc/arm-none-eabi/13.2.1/thumb/v7e-m+fp/hard/libgcc.a(_arm_muldivdf3.o)
 .debug_info    0x0002cc10       0xdf /usr/lib/gcc/arm-none-eabi/13.2.1/thumb/v7e-m+fp/hard/libgcc.a(_arm_cmpdf2.o)
 .debug_info    0x0002ccef       0x3c /usr/lib/gcc/arm-none-eabi/13.2.1/thumb/v7e-m+fp/hard/libgcc.a(_arm_unorddf2.o)
 .debug_info    0x0002cd2b       0x3c /usr/lib/gcc/arm-none-eabi/13.2.1/thumb/v7e-m+fp/hard/libgcc.a(_arm_fixdfsi.o)

.debug_abbrev   0x00000000     0x87b6
 .debug_abbrev  0x00000000      0x25e build/main.o
 .debug_abbrev  0x0000025e      0x24e build/stm32f4xx_it.o
 .debug_abbrev  0x000004ac      0x1ea build/syscalls.o
 .debug_abbrev  0x00000696       0xeb build/sysmem.o
 .debug_abbrev  0x00000781      0x167 build/misc.o
 .debug_abbrev  0x000008e8      0x26b build/stm32f4xx_gpio.o
 .debug_abbrev  0x00000b53      0x240 build/stm32f4xx_rcc.o
 .debug_abbrev  0x00000d93      0x20e build/stm32f4xx_usart.o
 .debug_abbrev  0x00000fa1      0x245 build/stm32f4xx_adc.o
 .debug_abbrev  0x000011e6      0x206 build/stm32f4xx_tim.o
 .debug_abbrev  0x000013ec      0x1bc build/stm32f4xx_dma.o
 .debug_abbrev  0x000015a8      0x21d build/stm32f4xx_sdio.o
 .debug_abbrev  0x000017c5      0x189 build/system_stm32f4xx.o
 .debug_abbrev  0x0000194e      0x1a1 build/delay.o
 .debug_abbrev  0x00001aef      0x259 build/encoder.o
 .debug_abbrev  0x00001d48      0x18d build/led.o
 .debug_abbrev  0x00001ed5      0x278 build/motor.o
 .debug_abbrev  0x0000214d      0x169 build/ring_buffer.o
 .debug_abbrev  0x000022b6      0x302 build/sdio_sd.o
 .debug_abbrev  0x000025b8      0x2aa build/task.o
 .debug_abbrev  0x00002862      0x2ed build/usart.o
 .debug_abbrev  0x00002b4f       0x1d build/startup_stm32f40xx.o
 .debug_abbrev  0x00002b6c      0x149 /usr/lib/gcc/arm-none-eabi/13.2.1/../../../arm-none-eabi/lib/thumb/v7e-m+fp/hard/libc_nano.a(libc_a-impure.o)
 .debug_abbrev  0x00002cb5      0x29c /usr/lib/gcc/arm-none-eabi/13.2.1/../../../arm-none-eabi/lib/thumb/v7e-m+fp/hard/libc_nano.a(libc_a-puts.o)
 .debug_abbrev  0x00002f51      0x408 /usr/lib/gcc/arm-none-eabi/13.2.1/../../../arm-none-eabi/lib/thumb/v7e-m+fp/hard/libc_nano.a(libc_a-findfp.o)
 .debug_abbrev  0x00003359       0xb7 /usr/lib/gcc/arm-none-eabi/13.2.1/../../../arm-none-eabi/lib/thumb/v7e-m+fp/hard/libc_nano.a(libc_a-memset.o)
 .debug_abbrev  0x00003410      0x2e4 /usr/lib/gcc/arm-none-eabi/13.2.1/../../../arm-none-eabi/lib/thumb/v7e-m+fp/hard/libc_nano.a(libc_a-fflush.o)
 .debug_abbrev  0x000036f4      0x15e /usr/lib/gcc/arm-none-eabi/13.2.1/../../../arm-none-eabi/lib/thumb/v7e-m+fp/hard/libc_nano.a(libc_a-errno.o)
 .debug_abbrev  0x00003852      0x2e2 /usr/lib/gcc/arm-none-eabi/13.2.1/../../../arm-none-eabi/lib/thumb/v7e-m+fp/hard/libc_nano.a(libc_a-nano-vfprintf_float.o)
 .debug_abbrev  0x00003b34      0x24a /usr/lib/gcc/arm-none-eabi/13.2.1/../../../arm-none-eabi/lib/thumb/v7e-m+fp/hard/libc_nano.a(libc_a-mallocr.o)
 .debug_abbrev  0x00003d7e      0x333 /usr/lib/gcc/arm-none-eabi/13.2.1/../../../arm-none-eabi/lib/thumb/v7e-m+fp/hard/libc_nano.a(libc_a-dtoa.o)
 .debug_abbrev  0x000040b1      0x249 /usr/lib/gcc/arm-none-eabi/13.2.1/../../../arm-none-eabi/lib/thumb/v7e-m+fp/hard/libc_nano.a(libc_a-freer.o)
 .debug_abbrev  0x000042fa       0xc3 /usr/lib/gcc/arm-none-eabi/13.2.1/../../../arm-none-eabi/lib/thumb/v7e-m+fp/hard/libc_nano.a(libc_a-memmove.o)
 .debug_abbrev  0x000043bd      0x19b /usr/lib/gcc/arm-none-eabi/13.2.1/../../../arm-none-eabi/lib/thumb/v7e-m+fp/hard/libc_nano.a(libc_a-fwalk.o)
 .debug_abbrev  0x00004558       0x14 /usr/lib/gcc/arm-none-eabi/13.2.1/../../../arm-none-eabi/lib/thumb/v7e-m+fp/hard/libc_nano.a(libc_a-memchr.o)
 .debug_abbrev  0x0000456c      0x1e2 /usr/lib/gcc/arm-none-eabi/13.2.1/../../../arm-none-eabi/lib/thumb/v7e-m+fp/hard/libc_nano.a(libc_a-wsetup.o)
 .debug_abbrev  0x0000474e       0x28 /usr/lib/gcc/arm-none-eabi/13.2.1/../../../arm-none-eabi/lib/thumb/v7e-m+fp/hard/libc_nano.a(libc_a-memcpy.o)
 .debug_abbrev  0x00004776      0x1cf /usr/lib/gcc/arm-none-eabi/13.2.1/../../../arm-none-eabi/lib/thumb/v7e-m+fp/hard/libc_nano.a(libc_a-malloc.o)
 .debug_abbrev  0x00004945      0x20c /usr/lib/gcc/arm-none-eabi/13.2.1/../../../arm-none-eabi/lib/thumb/v7e-m+fp/hard/libc_nano.a(libc_a-reallocr.o)
 .debug_abbrev  0x00004b51      0x284 /usr/lib/gcc/arm-none-eabi/13.2.1/../../../arm-none-eabi/lib/thumb/v7e-m+fp/hard/libc_nano.a(libc_a-nano-vfprintf_i.o)
 .debug_abbrev  0x00004dd5      0x192 /usr/lib/gcc/arm-none-eabi/13.2.1/../../../arm-none-eabi/lib/thumb/v7e-m+fp/hard/libc_nano.a(libc_a-mlock.o)
 .debug_abbrev  0x00004f67      0x29d /usr/lib/gcc/arm-none-eabi/13.2.1/../../../arm-none-eabi/lib/thumb/v7e-m+fp/hard/libc_nano.a(libc_a-makebuf.o)
 .debug_abbrev  0x00005204      0x21a /usr/lib/gcc/arm-none-eabi/13.2.1/../../../arm-none-eabi/lib/thumb/v7e-m+fp/hard/libc_nano.a(libc_a-printf.o)
 .debug_abbrev  0x0000541e      0x1b0 /usr/lib/gcc/arm-none-eabi/13.2.1/../../../arm-none-eabi/lib/thumb/v7e-m+fp/hard/libc_nano.a(libc_a-isattyr.o)
 .debug_abbrev  0x000055ce      0x36e /usr/lib/gcc/arm-none-eabi/13.2.1/../../../arm-none-eabi/lib/thumb/v7e-m+fp/hard/libc_nano.a(libc_a-nano-vfprintf.o)
 .debug_abbrev  0x0000593c      0x236 /usr/lib/gcc/arm-none-eabi/13.2.1/../../../arm-none-eabi/lib/thumb/v7e-m+fp/hard/libc_nano.a(libc_a-wbuf.o)
 .debug_abbrev  0x00005b72      0x1ea /usr/lib/gcc/arm-none-eabi/13.2.1/../../../arm-none-eabi/lib/thumb/v7e-m+fp/hard/libc_nano.a(libc_a-assert.o)
 .debug_abbrev  0x00005d5c      0x493 /usr/lib/gcc/arm-none-eabi/13.2.1/../../../arm-none-eabi/lib/thumb/v7e-m+fp/hard/libc_nano.a(libc_a-mprec.o)
 .debug_abbrev  0x000061ef      0x1da /usr/lib/gcc/arm-none-eabi/13.2.1/../../../arm-none-eabi/lib/thumb/v7e-m+fp/hard/libc_nano.a(libc_a-sbrkr.o)
 .debug_abbrev  0x000063c9      0x224 /usr/lib/gcc/arm-none-eabi/13.2.1/../../../arm-none-eabi/lib/thumb/v7e-m+fp/hard/libc_nano.a(libc_a-stdio.o)
 .debug_abbrev  0x000065ed      0x196 /usr/lib/gcc/arm-none-eabi/13.2.1/../../../arm-none-eabi/lib/thumb/v7e-m+fp/hard/libc_nano.a(libc_a-msizer.o)
 .debug_abbrev  0x00006783      0x22e /usr/lib/gcc/arm-none-eabi/13.2.1/../../../arm-none-eabi/lib/thumb/v7e-m+fp/hard/libc_nano.a(libc_a-localeconv.o)
 .debug_abbrev  0x000069b1      0x21b /usr/lib/gcc/arm-none-eabi/13.2.1/../../../arm-none-eabi/lib/thumb/v7e-m+fp/hard/libc_nano.a(libc_a-fvwrite.o)
 .debug_abbrev  0x00006bcc       0x99 /usr/lib/gcc/arm-none-eabi/13.2.1/../../../arm-none-eabi/lib/thumb/v7e-m+fp/hard/libc_nano.a(libc_a-abort.o)
 .debug_abbrev  0x00006c65      0x1b0 /usr/lib/gcc/arm-none-eabi/13.2.1/../../../arm-none-eabi/lib/thumb/v7e-m+fp/hard/libc_nano.a(libc_a-closer.o)
 .debug_abbrev  0x00006e15       0x28 /usr/lib/gcc/arm-none-eabi/13.2.1/../../../arm-none-eabi/lib/thumb/v7e-m+fp/hard/libc_nano.a(libc_a-strlen.o)
 .debug_abbrev  0x00006e3d      0x1cd /usr/lib/gcc/arm-none-eabi/13.2.1/../../../arm-none-eabi/lib/thumb/v7e-m+fp/hard/libc_nano.a(libc_a-callocr.o)
 .debug_abbrev  0x0000700a      0x29d /usr/lib/gcc/arm-none-eabi/13.2.1/../../../arm-none-eabi/lib/thumb/v7e-m+fp/hard/libc_nano.a(libc_a-locale.o)
 .debug_abbrev  0x000072a7      0x212 /usr/lib/gcc/arm-none-eabi/13.2.1/../../../arm-none-eabi/lib/thumb/v7e-m+fp/hard/libc_nano.a(libc_a-wctomb_r.o)
 .debug_abbrev  0x000074b9      0x1b0 /usr/lib/gcc/arm-none-eabi/13.2.1/../../../arm-none-eabi/lib/thumb/v7e-m+fp/hard/libc_nano.a(libc_a-readr.o)
 .debug_abbrev  0x00007669      0x21d /usr/lib/gcc/arm-none-eabi/13.2.1/../../../arm-none-eabi/lib/thumb/v7e-m+fp/hard/libc_nano.a(libc_a-fprintf.o)
 .debug_abbrev  0x00007886      0x1ee /usr/lib/gcc/arm-none-eabi/13.2.1/../../../arm-none-eabi/lib/thumb/v7e-m+fp/hard/libc_nano.a(libc_a-reent.o)
 .debug_abbrev  0x00007a74      0x1c3 /usr/lib/gcc/arm-none-eabi/13.2.1/../../../arm-none-eabi/lib/thumb/v7e-m+fp/hard/libc_nano.a(libc_a-fstatr.o)
 .debug_abbrev  0x00007c37      0x1c4 /usr/lib/gcc/arm-none-eabi/13.2.1/../../../arm-none-eabi/lib/thumb/v7e-m+fp/hard/libc_nano.a(libc_a-lseekr.o)
 .debug_abbrev  0x00007dfb       0x62 /usr/lib/gcc/arm-none-eabi/13.2.1/../../../arm-none-eabi/lib/thumb/v7e-m+fp/hard/libc_nano.a(libc_a-ctype_.o)
 .debug_abbrev  0x00007e5d      0x1b5 /usr/lib/gcc/arm-none-eabi/13.2.1/../../../arm-none-eabi/lib/thumb/v7e-m+fp/hard/libc_nano.a(libc_a-writer.o)
 .debug_abbrev  0x00008012      0x208 /usr/lib/gcc/arm-none-eabi/13.2.1/../../../arm-none-eabi/lib/thumb/v7e-m+fp/hard/libc_nano.a(libc_a-mbtowc_r.o)
 .debug_abbrev  0x0000821a      0x2d7 /usr/lib/gcc/arm-none-eabi/13.2.1/../../../arm-none-eabi/lib/thumb/v7e-m+fp/hard/libc_nano.a(libc_a-signal.o)
 .debug_abbrev  0x000084f1      0x1fd /usr/lib/gcc/arm-none-eabi/13.2.1/../../../arm-none-eabi/lib/thumb/v7e-m+fp/hard/libc_nano.a(libc_a-signalr.o)
 .debug_abbrev  0x000086ee       0x28 /usr/lib/gcc/arm-none-eabi/13.2.1/thumb/v7e-m+fp/hard/libgcc.a(_arm_addsubdf3.o)
 .debug_abbrev  0x00008716       0x28 /usr/lib/gcc/arm-none-eabi/13.2.1/thumb/v7e-m+fp/hard/libgcc.a(_arm_muldivdf3.o)
 .debug_abbrev  0x0000873e       0x28 /usr/lib/gcc/arm-none-eabi/13.2.1/thumb/v7e-m+fp/hard/libgcc.a(_arm_cmpdf2.o)
 .debug_abbrev  0x00008766       0x28 /usr/lib/gcc/arm-none-eabi/13.2.1/thumb/v7e-m+fp/hard/libgcc.a(_arm_unorddf2.o)
 .debug_abbrev  0x0000878e       0x28 /usr/lib/gcc/arm-none-eabi/13.2.1/thumb/v7e-m+fp/hard/libgcc.a(_arm_fixdfsi.o)

.debug_loc      0x00000000     0x915f
 .debug_loc     0x00000000      0x120 build/main.o
 .debug_loc     0x00000120      0x331 build/stm32f4xx_it.o
 .debug_loc     0x00000451      0x583 build/syscalls.o
 .debug_loc     0x000009d4       0x90 build/sysmem.o
 .debug_loc     0x00000a64      0x18f build/misc.o
 .debug_loc     0x00000bf3      0x589 build/stm32f4xx_gpio.o
 .debug_loc     0x0000117c      0x857 build/stm32f4xx_rcc.o
 .debug_loc     0x000019d3      0x9c7 build/stm32f4xx_usart.o
 .debug_loc     0x0000239a      0xc56 build/stm32f4xx_adc.o
 .debug_loc     0x00002ff0     0x1c8d build/stm32f4xx_tim.o
 .debug_loc     0x00004c7d      0x587 build/stm32f4xx_dma.o
 .debug_loc     0x00005204      0x337 build/stm32f4xx_sdio.o
 .debug_loc     0x0000553b      0x1d9 build/system_stm32f4xx.o
 .debug_loc     0x00005714      0x1bf build/delay.o
 .debug_loc     0x000058d3      0x244 build/encoder.o
 .debug_loc     0x00005b17       0x78 build/led.o
 .debug_loc     0x00005b8f      0x767 build/motor.o
 .debug_loc     0x000062f6      0x5d2 build/ring_buffer.o
 .debug_loc     0x000068c8     0x2305 build/sdio_sd.o
 .debug_loc     0x00008bcd      0x1c0 build/task.o
 .debug_loc     0x00008d8d      0x3d2 build/usart.o

.debug_aranges  0x00000000     0x15c0
 .debug_aranges
                0x00000000       0x38 build/main.o
 .debug_aranges
                0x00000038       0x98 build/stm32f4xx_it.o
 .debug_aranges
                0x000000d0       0xa8 build/syscalls.o
 .debug_aranges
                0x00000178       0x20 build/sysmem.o
 .debug_aranges
                0x00000198       0x40 build/misc.o
 .debug_aranges
                0x000001d8       0x88 build/stm32f4xx_gpio.o
 .debug_aranges
                0x00000260      0x1c0 build/stm32f4xx_rcc.o
 .debug_aranges
                0x00000420      0x100 build/stm32f4xx_usart.o
 .debug_aranges
                0x00000520      0x148 build/stm32f4xx_adc.o
 .debug_aranges
                0x00000668      0x2f8 build/stm32f4xx_tim.o
 .debug_aranges
                0x00000960       0xb0 build/stm32f4xx_dma.o
 .debug_aranges
                0x00000a10      0x108 build/stm32f4xx_sdio.o
 .debug_aranges
                0x00000b18       0x30 build/system_stm32f4xx.o
 .debug_aranges
                0x00000b48       0x30 build/delay.o
 .debug_aranges
                0x00000b78       0x40 build/encoder.o
 .debug_aranges
                0x00000bb8       0x38 build/led.o
 .debug_aranges
                0x00000bf0       0x80 build/motor.o
 .debug_aranges
                0x00000c70       0x78 build/ring_buffer.o
 .debug_aranges
                0x00000ce8      0x158 build/sdio_sd.o
 .debug_aranges
                0x00000e40       0x58 build/task.o
 .debug_aranges
                0x00000e98       0x90 build/usart.o
 .debug_aranges
                0x00000f28       0x28 build/startup_stm32f40xx.o
 .debug_aranges
                0x00000f50       0x18 /usr/lib/gcc/arm-none-eabi/13.2.1/../../../arm-none-eabi/lib/thumb/v7e-m+fp/hard/libc_nano.a(libc_a-impure.o)
 .debug_aranges
                0x00000f68       0x20 /usr/lib/gcc/arm-none-eabi/13.2.1/../../../arm-none-eabi/lib/thumb/v7e-m+fp/hard/libc_nano.a(libc_a-puts.o)
 .debug_aranges
                0x00000f88       0x20 /usr/lib/gcc/arm-none-eabi/13.2.1/../../../arm-none-eabi/lib/thumb/v7e-m+fp/hard/libc_nano.a(libc_a-findfp.o)
 .debug_aranges
                0x00000fa8       0x20 /usr/lib/gcc/arm-none-eabi/13.2.1/../../../arm-none-eabi/lib/thumb/v7e-m+fp/hard/libc_nano.a(libc_a-memset.o)
 .debug_aranges
                0x00000fc8       0x20 /usr/lib/gcc/arm-none-eabi/13.2.1/../../../arm-none-eabi/lib/thumb/v7e-m+fp/hard/libc_nano.a(libc_a-fflush.o)
 .debug_aranges
                0x00000fe8       0x20 /usr/lib/gcc/arm-none-eabi/13.2.1/../../../arm-none-eabi/lib/thumb/v7e-m+fp/hard/libc_nano.a(libc_a-errno.o)
 .debug_aranges
                0x00001008       0x20 /usr/lib/gcc/arm-none-eabi/13.2.1/../../../arm-none-eabi/lib/thumb/v7e-m+fp/hard/libc_nano.a(libc_a-nano-vfprintf_float.o)
 .debug_aranges
                0x00001028       0x20 /usr/lib/gcc/arm-none-eabi/13.2.1/../../../arm-none-eabi/lib/thumb/v7e-m+fp/hard/libc_nano.a(libc_a-mallocr.o)
 .debug_aranges
                0x00001048       0x20 /usr/lib/gcc/arm-none-eabi/13.2.1/../../../arm-none-eabi/lib/thumb/v7e-m+fp/hard/libc_nano.a(libc_a-dtoa.o)
 .debug_aranges
                0x00001068       0x20 /usr/lib/gcc/arm-none-eabi/13.2.1/../../../arm-none-eabi/lib/thumb/v7e-m+fp/hard/libc_nano.a(libc_a-freer.o)
 .debug_aranges
                0x00001088       0x20 /usr/lib/gcc/arm-none-eabi/13.2.1/../../../arm-none-eabi/lib/thumb/v7e-m+fp/hard/libc_nano.a(libc_a-memmove.o)
 .debug_aranges
                0x000010a8       0x20 /usr/lib/gcc/arm-none-eabi/13.2.1/../../../arm-none-eabi/lib/thumb/v7e-m+fp/hard/libc_nano.a(libc_a-fwalk.o)
 .debug_aranges
                0x000010c8       0x20 /usr/lib/gcc/arm-none-eabi/13.2.1/../../../arm-none-eabi/lib/thumb/v7e-m+fp/hard/libc_nano.a(libc_a-memchr.o)
 .debug_aranges
                0x000010e8       0x20 /usr/lib/gcc/arm-none-eabi/13.2.1/../../../arm-none-eabi/lib/thumb/v7e-m+fp/hard/libc_nano.a(libc_a-wsetup.o)
 .debug_aranges
                0x00001108       0x20 /usr/lib/gcc/arm-none-eabi/13.2.1/../../../arm-none-eabi/lib/thumb/v7e-m+fp/hard/libc_nano.a(libc_a-memcpy.o)
 .debug_aranges
                0x00001128       0x20 /usr/lib/gcc/arm-none-eabi/13.2.1/../../../arm-none-eabi/lib/thumb/v7e-m+fp/hard/libc_nano.a(libc_a-malloc.o)
 .debug_aranges
                0x00001148       0x20 /usr/lib/gcc/arm-none-eabi/13.2.1/../../../arm-none-eabi/lib/thumb/v7e-m+fp/hard/libc_nano.a(libc_a-reallocr.o)
 .debug_aranges
                0x00001168       0x20 /usr/lib/gcc/arm-none-eabi/13.2.1/../../../arm-none-eabi/lib/thumb/v7e-m+fp/hard/libc_nano.a(libc_a-nano-vfprintf_i.o)
 .debug_aranges
                0x00001188       0x20 /usr/lib/gcc/arm-none-eabi/13.2.1/../../../arm-none-eabi/lib/thumb/v7e-m+fp/hard/libc_nano.a(libc_a-mlock.o)
 .debug_aranges
                0x000011a8       0x20 /usr/lib/gcc/arm-none-eabi/13.2.1/../../../arm-none-eabi/lib/thumb/v7e-m+fp/hard/libc_nano.a(libc_a-makebuf.o)
 .debug_aranges
                0x000011c8       0x20 /usr/lib/gcc/arm-none-eabi/13.2.1/../../../arm-none-eabi/lib/thumb/v7e-m+fp/hard/libc_nano.a(libc_a-printf.o)
 .debug_aranges
                0x000011e8       0x20 /usr/lib/gcc/arm-none-eabi/13.2.1/../../../arm-none-eabi/lib/thumb/v7e-m+fp/hard/libc_nano.a(libc_a-isattyr.o)
 .debug_aranges
                0x00001208       0x20 /usr/lib/gcc/arm-none-eabi/13.2.1/../../../arm-none-eabi/lib/thumb/v7e-m+fp/hard/libc_nano.a(libc_a-nano-vfprintf.o)
 .debug_aranges
                0x00001228       0x20 /usr/lib/gcc/arm-none-eabi/13.2.1/../../../arm-none-eabi/lib/thumb/v7e-m+fp/hard/libc_nano.a(libc_a-wbuf.o)
 .debug_aranges
                0x00001248       0x20 /usr/lib/gcc/arm-none-eabi/13.2.1/../../../arm-none-eabi/lib/thumb/v7e-m+fp/hard/libc_nano.a(libc_a-assert.o)
 .debug_aranges
                0x00001268       0x20 /usr/lib/gcc/arm-none-eabi/13.2.1/../../../arm-none-eabi/lib/thumb/v7e-m+fp/hard/libc_nano.a(libc_a-mprec.o)
 .debug_aranges
                0x00001288       0x20 /usr/lib/gcc/arm-none-eabi/13.2.1/../../../arm-none-eabi/lib/thumb/v7e-m+fp/hard/libc_nano.a(libc_a-sbrkr.o)
 .debug_aranges
                0x000012a8       0x20 /usr/lib/gcc/arm-none-eabi/13.2.1/../../../arm-none-eabi/lib/thumb/v7e-m+fp/hard/libc_nano.a(libc_a-stdio.o)
 .debug_aranges
                0x000012c8       0x20 /usr/lib/gcc/arm-none-eabi/13.2.1/../../../arm-none-eabi/lib/thumb/v7e-m+fp/hard/libc_nano.a(libc_a-msizer.o)
 .debug_aranges
                0x000012e8       0x20 /usr/lib/gcc/arm-none-eabi/13.2.1/../../../arm-none-eabi/lib/thumb/v7e-m+fp/hard/libc_nano.a(libc_a-localeconv.o)
 .debug_aranges
                0x00001308       0x20 /usr/lib/gcc/arm-none-eabi/13.2.1/../../../arm-none-eabi/lib/thumb/v7e-m+fp/hard/libc_nano.a(libc_a-fvwrite.o)
 .debug_aranges
                0x00001328       0x20 /usr/lib/gcc/arm-none-eabi/13.2.1/../../../arm-none-eabi/lib/thumb/v7e-m+fp/hard/libc_nano.a(libc_a-abort.o)